******************************************************************************
                  TI ARM Linker Unix v20.2.7                   
******************************************************************************
>> Linked Wed Mar 15 16:58:48 2023

OUTPUT FILE NAME:   <IotProject1.out>
ENTRY POINT SYMBOL: "_c_int00_noargs"  address: 00006ca5


MEMORY CONFIGURATION

         name            origin    length      used     unused   attr    fill
----------------------  --------  ---------  --------  --------  ----  --------
  FLASH                 00000000   00040000  00007144  00038ebc  R  X
  SRAM                  20000000   00008000  000011f7  00006e09  RW X


SEGMENT ALLOCATION MAP

run origin  load origin   length   init length attrs members
----------  ----------- ---------- ----------- ----- -------
00000000    00000000    00007148   00007148    r-x
  00000000    00000000    0000026c   0000026c    r-- .intvecs
  0000026c    0000026c    00006ca4   00006ca4    r-x .text
  00006f10    00006f10    000001fc   000001fc    r-- .const
  00007110    00007110    00000038   00000038    r-- .cinit
20000000    20000000    000011f7   00000000    rw-
  20000000    20000000    00001000   00000000    rw- .stack
  20001000    20001000    000001cc   00000000    rw- .bss
  200011cc    200011cc    0000002b   00000000    rw- .data


SECTION ALLOCATION MAP

 output                                  attributes/
section   page    origin      length       input sections
--------  ----  ----------  ----------   ----------------
.intvecs   0    00000000    0000026c     
                  00000000    0000026c     tm4c123gh6pm_startup_ccs.obj (.intvecs)

.text      0    0000026c    00006ca4     
                  0000026c    00000cd4     ethernet.obj (.text)
                  00000f40    00000b14     rtsv7M4_T_le_v4SPD16_eabi.lib : _scanfi.c.obj (.text:__TI_scanfi)
                  00001a54    00000a4e                                   : _printfi.c.obj (.text:__TI_printfi)
                  000024a2    00000002                                   : div0.asm.obj (.text)
                  000024a4    00000808     gpio.obj (.text)
                  00002cac    00000738     eth0.obj (.text)
                  000033e4    000004ac     ip.obj (.text)
                  00003890    00000460     rtsv7M4_T_le_v4SPD16_eabi.lib : strtod.c.obj (.text:strtod)
                  00003cf0    00000454     tcp.obj (.text)
                  00004144    0000037c     mqtt.obj (.text)
                  000044c0    00000378     udp.obj (.text)
                  00004838    0000036c     arp.obj (.text)
                  00004ba4    00000338     timer.obj (.text)
                  00004edc    00000270     rtsv7M4_T_le_v4SPD16_eabi.lib : _printfi.c.obj (.text:_pconv_a)
                  0000514c    000001dc                                   : strtoll.c.obj (.text:strtoll)
                  00005328    000001d0                                   : _printfi.c.obj (.text:_pconv_g)
                  000054f8    000001b6                                   : fd_add_t2.asm.obj (.text)
                  000056ae    00000002     --HOLE-- [fill = 0]
                  000056b0    00000160     spi0.obj (.text)
                  00005810    0000015c     rtsv7M4_T_le_v4SPD16_eabi.lib : strtoull.c.obj (.text:strtoull)
                  0000596c    00000154     icmp.obj (.text)
                  00005ac0    0000013c     rtsv7M4_T_le_v4SPD16_eabi.lib : _printfi.c.obj (.text:_pconv_e)
                  00005bfc    00000136                                   : fd_div_t2.asm.obj (.text)
                  00005d32    00000002     --HOLE-- [fill = 0]
                  00005d34    00000130                                   : strtol.c.obj (.text:strtol)
                  00005e64    00000128     uart0.obj (.text)
                  00005f8c    00000124     rtsv7M4_T_le_v4SPD16_eabi.lib : _printfi.c.obj (.text:fcvt)
                  000060b0    00000110                                   : s_scalbn.c.obj (.text:scalbn)
                  000061c0    00000110                                   : strtoul.c.obj (.text:strtoul)
                  000062d0    000000fc                                   : fd_mul_t2.asm.obj (.text)
                  000063cc    000000b1                                   : _printfi.c.obj (.text:_ltostr)
                  0000647d    00000001     --HOLE-- [fill = 0]
                  0000647e    0000009c                                   : memcpy_t2.asm.obj (.text)
                  0000651a    00000096                                   : ull_div_t2.asm.obj (.text)
                  000065b0    00000086                                   : fd_cmp_t2.asm.obj (.text:__aeabi_cdcmple)
                  00006636    00000086                                   : fd_cmp_t2.asm.obj (.text:__aeabi_cdrcmple)
                  000066bc    00000084     eeprom.obj (.text)
                  00006740    0000007a     rtsv7M4_T_le_v4SPD16_eabi.lib : memset_t2.asm.obj (.text)
                  000067ba    0000006e                                   : _printfi.c.obj (.text:_mcpy)
                  00006828    0000006e                                   : fd_tos_t2.asm.obj (.text)
                  00006896    00000002     --HOLE-- [fill = 0]
                  00006898    00000068                                   : sscanf.c.obj (.text:_chkmbc)
                  00006900    00000068                                   : copy_decompress_lzss.c.obj (.text:decompress:lzss:__TI_decompress_lzss)
                  00006968    00000064                                   : s_frexp.c.obj (.text:frexp)
                  000069cc    00000056                                   : _printfi.c.obj (.text:_pconv_f)
                  00006a22    00000054                                   : _ltoa.c.obj (.text:__TI_ltoa)
                  00006a76    00000052                                   : _printfi.c.obj (.text:_ecpy)
                  00006ac8    0000004c                                   : atoi.c.obj (.text:atoi)
                  00006b14    0000004c                                   : snprintf.c.obj (.text:snprintf)
                  00006b60    00000048                                   : fd_toi_t2.asm.obj (.text)
                  00006ba8    00000044                                   : autoinit.c.obj (.text:__TI_auto_init_nobinit_nopinit:__TI_auto_init_nobinit_nopinit)
                  00006bec    00000040                                   : strtok.c.obj (.text:strtok)
                  00006c2c    0000003e                                   : _printfi.c.obj (.text:_fcpy)
                  00006c6a    00000002     --HOLE-- [fill = 0]
                  00006c6c    00000038                                   : sscanf.c.obj (.text:sscanf)
                  00006ca4    00000034                                   : boot_cortex_m.c.obj (.text:_c_int00_noargs:_c_int00_noargs)
                  00006cd8    00000030                                   : snprintf.c.obj (.text:_outs)
                  00006d08    0000002e                                   : i_tofd_t2.asm.obj (.text)
                  00006d36    0000002a                                   : strspn.c.obj (.text:strspn)
                  00006d60    00000024                                   : strcspn.c.obj (.text:strcspn)
                  00006d84    00000024     wait.obj (.text)
                  00006da8    0000001c     rtsv7M4_T_le_v4SPD16_eabi.lib : copy_zero_init.c.obj (.text:decompress:ZI:__TI_zero_init_nomemset:__TI_zero_init_nomemset)
                  00006dc4    0000001c                                   : memccpy.c.obj (.text:memccpy)
                  00006de0    0000001a                                   : s_copysign.c.obj (.text:copysign)
                  00006dfa    00000018                                   : snprintf.c.obj (.text:_outc)
                  00006e12    00000018                                   : ll_mul_t2.asm.obj (.text)
                  00006e2a    00000018                                   : strcmp.c.obj (.text:strcmp)
                  00006e42    00000018                                   : strrchr.c.obj (.text:strrchr)
                  00006e5a    00000016                                   : strchr.c.obj (.text:strchr)
                  00006e70    00000014                                   : strcpy.c.obj (.text:strcpy)
                  00006e84    00000014                                   : strlen.c.obj (.text:strlen)
                  00006e98    00000012                                   : sscanf.c.obj (.text:_inpchar)
                  00006eaa    00000012                                   : wcslen.c.obj (.text:wcslen)
                  00006ebc    00000010     clock.obj (.text)
                  00006ecc    00000010     rtsv7M4_T_le_v4SPD16_eabi.lib : tolower.c.obj (.text:tolower)
                  00006edc    0000000e                                   : copy_decompress_none.c.obj (.text:decompress:none:__TI_decompress_none)
                  00006eea    0000000c     tm4c123gh6pm_startup_ccs.obj (.text)
                  00006ef6    00000002     --HOLE-- [fill = 0]
                  00006ef8    00000008     rtsv7M4_T_le_v4SPD16_eabi.lib : errno.c.obj (.text:__aeabi_errno_addr)
                  00006f00    00000008                                   : sscanf.c.obj (.text:_uninpchar)
                  00006f08    00000004                                   : pre_init.c.obj (.text:_system_pre_init)
                  00006f0c    00000004                                   : exit.c.obj (.text:abort:abort)

.const     0    00006f10    000001fc     
                  00006f10    00000101     rtsv7M4_T_le_v4SPD16_eabi.lib : ctype.c.obj (.const:.string:_ctypes_)
                  00007011    00000006     ethernet.obj (.const:.string:$P$T2$3)
                  00007017    00000001     --HOLE-- [fill = 0]
                  00007018    000000c8     rtsv7M4_T_le_v4SPD16_eabi.lib : strtod.c.obj (.const:$O1$$)
                  000070e0    00000011     ethernet.obj (.const:.string:$P$T3$4)
                  000070f1    00000003     --HOLE-- [fill = 0]
                  000070f4    00000010     rtsv7M4_T_le_v4SPD16_eabi.lib : _scanfi.c.obj (.const:$O1$$)
                  00007104    00000004     ethernet.obj (.const:.string:$P$T0$1)
                  00007108    00000004     ethernet.obj (.const:.string:$P$T1$2)

.cinit     0    00007110    00000038     
                  00007110    00000010     (.cinit..data.load) [load image, compression = lzss]
                  00007120    0000000c     (__TI_handler_table)
                  0000712c    00000004     --HOLE-- [fill = 0]
                  00007130    00000008     (.cinit..bss.load) [load image, compression = zero_init]
                  00007138    00000010     (__TI_cinit_table)

.init_array 
*          0    00000000    00000000     UNINITIALIZED

.bss       0    20001000    000001cc     UNINITIALIZED
                  20001000    00000054     (.common:strInput)
                  20001054    00000050     (.common:token1)
                  200010a4    00000050     (.common:token2)
                  200010f4    00000050     (.common:token3)
                  20001144    00000028     (.common:fn)
                  2000116c    00000028     (.common:period)
                  20001194    00000028     (.common:ticks)
                  200011bc    0000000c     (.common:reload)
                  200011c8    00000004     (.common:token)

.data      0    200011cc    0000002b     UNINITIALIZED
                  200011cc    00000006     eth0.obj (.data:hwAddress)
                  200011d2    00000004     ethernet.obj (.data)
                  200011d6    00000004     ip.obj (.data:ipAddress)
                  200011da    00000004     ip.obj (.data:ipDnsAddress)
                  200011de    00000004     ip.obj (.data:ipGwAddress)
                  200011e2    00000004     ip.obj (.data:ipSubnetMask)
                  200011e6    00000004     ip.obj (.data:ipTimeServerAddress)
                  200011ea    00000002     --HOLE--
                  200011ec    00000004     rtsv7M4_T_le_v4SPD16_eabi.lib : errno.c.obj (.data)
                  200011f0    00000004                                   : strtok.c.obj (.data)
                  200011f4    00000003     eth0.obj (.data)

.stack     0    20000000    00001000     UNINITIALIZED
                  20000000    00000004     rtsv7M4_T_le_v4SPD16_eabi.lib : boot_cortex_m.c.obj (.stack)
                  20000004    00000ffc     --HOLE--

__llvm_prf_cnts 
*          0    20000000    00000000     UNINITIALIZED

MODULE SUMMARY

       Module                         code    ro data   rw data
       ------                         ----    -------   -------
    ./
       ethernet.obj                   3284    31        332    
       gpio.obj                       2056    0         0      
       eth0.obj                       1848    0         9      
       ip.obj                         1196    0         20     
       tcp.obj                        1108    0         0      
       timer.obj                      824     0         132    
       mqtt.obj                       892     0         0      
       udp.obj                        888     0         0      
       arp.obj                        876     0         0      
       tm4c123gh6pm_startup_ccs.obj   12      620       0      
       spi0.obj                       352     0         0      
       icmp.obj                       340     0         0      
       uart0.obj                      296     0         0      
       eeprom.obj                     132     0         0      
       wait.obj                       36      0         0      
       clock.obj                      16      0         0      
    +--+------------------------------+-------+---------+---------+
       Total:                         14156   651       493    
                                                               
    /home/swr5250/ti/ccs1220/ccs/tools/compiler/ti-cgt-arm_20.2.7.LTS/lib/rtsv7M4_T_le_v4SPD16_eabi.lib
       _printfi.c.obj                 4851    0         0      
       _scanfi.c.obj                  2836    16        0      
       strtod.c.obj                   1120    200       0      
       strtoll.c.obj                  476     0         0      
       fd_add_t2.asm.obj              438     0         0      
       strtoull.c.obj                 348     0         0      
       fd_div_t2.asm.obj              310     0         0      
       strtol.c.obj                   304     0         0      
       s_scalbn.c.obj                 272     0         0      
       strtoul.c.obj                  272     0         0      
       fd_cmp_t2.asm.obj              268     0         0      
       ctype.c.obj                    0       257       0      
       fd_mul_t2.asm.obj              252     0         0      
       sscanf.c.obj                   186     0         0      
       memcpy_t2.asm.obj              156     0         0      
       ull_div_t2.asm.obj             150     0         0      
       snprintf.c.obj                 148     0         0      
       memset_t2.asm.obj              122     0         0      
       fd_tos_t2.asm.obj              110     0         0      
       copy_decompress_lzss.c.obj     104     0         0      
       s_frexp.c.obj                  100     0         0      
       _ltoa.c.obj                    84      0         0      
       atoi.c.obj                     76      0         0      
       fd_toi_t2.asm.obj              72      0         0      
       autoinit.c.obj                 68      0         0      
       strtok.c.obj                   64      0         4      
       boot_cortex_m.c.obj            52      0         0      
       i_tofd_t2.asm.obj              46      0         0      
       strspn.c.obj                   42      0         0      
       strcspn.c.obj                  36      0         0      
       copy_zero_init.c.obj           28      0         0      
       memccpy.c.obj                  28      0         0      
       s_copysign.c.obj               26      0         0      
       ll_mul_t2.asm.obj              24      0         0      
       strcmp.c.obj                   24      0         0      
       strrchr.c.obj                  24      0         0      
       strchr.c.obj                   22      0         0      
       strcpy.c.obj                   20      0         0      
       strlen.c.obj                   20      0         0      
       wcslen.c.obj                   18      0         0      
       tolower.c.obj                  16      0         0      
       copy_decompress_none.c.obj     14      0         0      
       errno.c.obj                    8       0         4      
       exit.c.obj                     4       0         0      
       pre_init.c.obj                 4       0         0      
       div0.asm.obj                   2       0         0      
    +--+------------------------------+-------+---------+---------+
       Total:                         13645   473       8      
                                                               
       Stack:                         0       0         4096   
       Linker Generated:              0       52        0      
    +--+------------------------------+-------+---------+---------+
       Grand Total:                   27801   1176      4597   


LINKER GENERATED COPY TABLES

__TI_cinit_table @ 00007138 records: 2, size/record: 8, table size: 16
	.data: load addr=00007110, load size=00000010 bytes, run addr=200011cc, run size=0000002b bytes, compression=lzss
	.bss: load addr=00007130, load size=00000008 bytes, run addr=20001000, run size=000001cc bytes, compression=zero_init


LINKER GENERATED HANDLER TABLE

__TI_handler_table @ 00007120 records: 3, size/record: 4, table size: 12
	index: 0, handler: __TI_decompress_lzss
	index: 1, handler: __TI_decompress_none
	index: 2, handler: __TI_zero_init


GLOBAL SYMBOLS: SORTED ALPHABETICALLY BY Name 

address   name                          
-------   ----                          
00006f0d  C$$EXIT                       
00006eeb  ResetISR                      
20001000  __STACK_END                   
00001000  __STACK_SIZE                  
20000200  __STACK_TOP                   
00007138  __TI_CINIT_Base               
00007148  __TI_CINIT_Limit              
00007120  __TI_Handler_Table_Base       
0000712c  __TI_Handler_Table_Limit      
00006ba9  __TI_auto_init_nobinit_nopinit
00006901  __TI_decompress_lzss          
00006edd  __TI_decompress_none          
00006a23  __TI_ltoa                     
ffffffff  __TI_pprof_out_hndl           
00001a55  __TI_printfi                  
ffffffff  __TI_prof_data_size           
ffffffff  __TI_prof_data_start          
00000f41  __TI_scanfi                   
00000000  __TI_static_base__            
00006da9  __TI_zero_init_nomemset       
000065b1  __aeabi_cdcmpeq               
000065b1  __aeabi_cdcmple               
00006637  __aeabi_cdrcmple              
00006829  __aeabi_d2f                   
00006b61  __aeabi_d2iz                  
00005503  __aeabi_dadd                  
00005bfd  __aeabi_ddiv                  
000062d1  __aeabi_dmul                  
000054f9  __aeabi_dsub                  
00006ef9  __aeabi_errno_addr            
00006d09  __aeabi_i2d                   
000024a3  __aeabi_idiv0                 
000024a3  __aeabi_ldiv0                 
00006e13  __aeabi_lmul                  
00006741  __aeabi_memclr                
00006741  __aeabi_memclr4               
00006741  __aeabi_memclr8               
0000647f  __aeabi_memcpy                
0000647f  __aeabi_memcpy4               
0000647f  __aeabi_memcpy8               
00006743  __aeabi_memset                
00006743  __aeabi_memset4               
00006743  __aeabi_memset8               
0000651b  __aeabi_uldivmod              
ffffffff  __binit__                     
ffffffff  __c_args__                    
UNDEFED   __mpu_init                    
20000000  __stack                       
20000000  __start___llvm_prf_cnts       
20000000  __stop___llvm_prf_cnts        
00006ca5  _c_int00_noargs               
00006f10  _ctypes_                      
UNDEFED   _system_post_cinit            
00006f09  _system_pre_init              
00006f0d  abort                         
000005ed  asciiToUint8                  
00006ac9  atoi                          
ffffffff  binit                         
0000384b  calcIpChecksum                
00002d6b  clearEtherReg                 
00002af9  clearPinInterrupt             
00006de1  copysign                      
00006de1  copysignl                     
200011d5  count                         
00002cc3  disableEtherCs                
00002ad5  disablePinInterrupt           
0000280d  disablePinPulldown            
000027c5  disablePinPullup              
00002561  disablePort                   
000002a9  displayConnectionInfo         
00002cad  enableEtherCs                 
00002ab1  enablePinInterrupt            
000027e9  enablePinPulldown             
00002797  enablePinPullup               
000024a5  enablePort                    
200011ec  errno                         
20001144  fn                            
00006969  frexp                         
00006969  frexpl                        
00000000  g_pfnVectors                  
000032eb  getEtherId                    
00003385  getEtherMacAddress            
000030a1  getEtherPacket                
00003515  getIpAddress                  
00003819  getIpChecksum                 
00003671  getIpDnsAddress               
000035fd  getIpGatewayAddress           
0000375d  getIpMqttBrokerAddress        
00003589  getIpSubnetMask               
000036e5  getIpTimeServerAddress        
00002b67  getPinValue                   
00002c1d  getPortValue                  
00003dc3  getTcpMessageSocket           
00004569  getUdpData                    
00004595  getUdpMessageSocket           
00005f3b  getcUart0                     
00003277  htonb                         
000032bf  htonl                         
0000329b  htons                         
200011cc  hwAddress                     
000032f7  incEtherId                    
000066bd  initEeprom                    
00002eb7  initEther                     
0000026d  initHw                        
000056b1  initSpi0                      
00006ebd  initSystemClockTo40Mhz        
00004ba5  initTimer                     
00005e65  initUart0                     
200011d6  ipAddress                     
200011da  ipDnsAddress                  
200011de  ipGwAddress                   
200011e2  ipSubnetMask                  
200011e6  ipTimeServerAddress           
00004839  isArpRequest                  
000048dd  isArpResponse                 
00003057  isEtherDataAvailable          
000034b5  isEtherIpValid                
0000303d  isEtherLinkUp                 
00003071  isEtherOverflow               
000033e5  isIp                          
00003455  isIpUnicast                   
0000596d  isPingRequest                 
00003cf1  isTcp                         
000044c1  isUdp                         
00005f4f  kbhitUart0                    
000060b1  ldexp                         
000060b1  ldexpl                        
00000b65  main                          
00006dc5  memccpy                       
0000647f  memcpy                        
00006749  memset                        
200011f4  nextPacketLsb                 
200011f5  nextPacketMsb                 
2000116c  period                        
00004931  processArp                    
00004145  processMqtt                   
0000069f  processShell                  
00003e6d  processTcp                    
00003191  putEtherPacket                
00005ef3  putcUart0                     
00005f0f  putsUart0                     
00004e9f  random32                      
00000539  readConfiguration             
00006705  readEeprom                    
00002e9f  readEtherMem                  
00002df3  readEtherPhy                  
00002d05  readEtherReg                  
000057e9  readSpi0Data                  
200011bc  reload                        
00004db7  restartTimer                  
000060b1  scalbn                        
000060b1  scalbnl                       
000026cb  selectPinAnalogInput          
0000267d  selectPinDigitalInput         
000029e7  selectPinInterruptBothEdges   
00002997  selectPinInterruptFallingEdge 
00002a3d  selectPinInterruptHighLevel   
00002a77  selectPinInterruptLowLevel    
00002947  selectPinInterruptRisingEdge  
0000262f  selectPinOpenDrainOutput      
000025e1  selectPinPushPullOutput       
00004a87  sendArpRequest                
000049a9  sendArpResponse               
200011d3  sendFINACK                    
0000417f  sendMqttMessage               
000059b1  sendPingResponse              
200011d2  sendSYN                       
00003f0b  sendTcpMessage                
0000463f  sendUdpMessage                
200011f6  sequenceId                    
00002d9f  setEtherBank                  
00003301  setEtherMacAddress            
00002d37  setEtherReg                   
000034db  setIpAddress                  
00003637  setIpDnsAddress               
000035c3  setIpGatewayAddress           
0000371f  setIpMqttBrokerAddress        
0000354f  setIpSubnetMask               
000036ab  setIpTimeServerAddress        
00002835  setPinAuxFunction             
0000271b  setPinCommitControl           
00002b1d  setPinValue                   
00002ba5  setPortValue                  
0000574d  setSpi0BaudRate               
00005783  setSpi0Mode                   
00005eaf  setUart0BaudRate              
00006b15  snprintf                      
00006c6d  sscanf                        
00002e8d  startEtherMemRead             
00002e5f  startEtherMemWrite            
00004c45  startOneshotTimer             
00004ccb  startPeriodicTimer            
200011d4  state                         
00002eaf  stopEtherMemRead              
00002e85  stopEtherMemWrite             
00004d51  stopTimer                     
20001000  strInput                      
00006e5b  strchr                        
00006e2b  strcmp                        
00006e71  strcpy                        
00006d61  strcspn                       
00006e85  strlen                        
00006e43  strrchr                       
00006d37  strspn                        
00003891  strtod                        
00006bed  strtok                        
00005d35  strtol                        
00003891  strtold                       
0000514d  strtoll                       
000061c1  strtoul                       
00005811  strtoull                      
000037a5  sumIpWords                    
00004e25  tickIsr                       
20001194  ticks                         
00002b43  togglePinValue                
200011c8  token                         
20001054  token1                        
200010a4  token2                        
200010f4  token3                        
00006ecd  tolower                       
00006d85  waitMicrosecond               
00006eab  wcslen                        
000066d3  writeEeprom                   
00002e71  writeEtherMem                 
00002dbb  writeEtherPhy                 
00002cd1  writeEtherReg                 
000057d1  writeSpi0Data                 


GLOBAL SYMBOLS: SORTED BY Symbol Address 

address   name                          
-------   ----                          
00000000  __TI_static_base__            
00000000  g_pfnVectors                  
0000026d  initHw                        
000002a9  displayConnectionInfo         
00000539  readConfiguration             
000005ed  asciiToUint8                  
0000069f  processShell                  
00000b65  main                          
00000f41  __TI_scanfi                   
00001000  __STACK_SIZE                  
00001a55  __TI_printfi                  
000024a3  __aeabi_idiv0                 
000024a3  __aeabi_ldiv0                 
000024a5  enablePort                    
00002561  disablePort                   
000025e1  selectPinPushPullOutput       
0000262f  selectPinOpenDrainOutput      
0000267d  selectPinDigitalInput         
000026cb  selectPinAnalogInput          
0000271b  setPinCommitControl           
00002797  enablePinPullup               
000027c5  disablePinPullup              
000027e9  enablePinPulldown             
0000280d  disablePinPulldown            
00002835  setPinAuxFunction             
00002947  selectPinInterruptRisingEdge  
00002997  selectPinInterruptFallingEdge 
000029e7  selectPinInterruptBothEdges   
00002a3d  selectPinInterruptHighLevel   
00002a77  selectPinInterruptLowLevel    
00002ab1  enablePinInterrupt            
00002ad5  disablePinInterrupt           
00002af9  clearPinInterrupt             
00002b1d  setPinValue                   
00002b43  togglePinValue                
00002b67  getPinValue                   
00002ba5  setPortValue                  
00002c1d  getPortValue                  
00002cad  enableEtherCs                 
00002cc3  disableEtherCs                
00002cd1  writeEtherReg                 
00002d05  readEtherReg                  
00002d37  setEtherReg                   
00002d6b  clearEtherReg                 
00002d9f  setEtherBank                  
00002dbb  writeEtherPhy                 
00002df3  readEtherPhy                  
00002e5f  startEtherMemWrite            
00002e71  writeEtherMem                 
00002e85  stopEtherMemWrite             
00002e8d  startEtherMemRead             
00002e9f  readEtherMem                  
00002eaf  stopEtherMemRead              
00002eb7  initEther                     
0000303d  isEtherLinkUp                 
00003057  isEtherDataAvailable          
00003071  isEtherOverflow               
000030a1  getEtherPacket                
00003191  putEtherPacket                
00003277  htonb                         
0000329b  htons                         
000032bf  htonl                         
000032eb  getEtherId                    
000032f7  incEtherId                    
00003301  setEtherMacAddress            
00003385  getEtherMacAddress            
000033e5  isIp                          
00003455  isIpUnicast                   
000034b5  isEtherIpValid                
000034db  setIpAddress                  
00003515  getIpAddress                  
0000354f  setIpSubnetMask               
00003589  getIpSubnetMask               
000035c3  setIpGatewayAddress           
000035fd  getIpGatewayAddress           
00003637  setIpDnsAddress               
00003671  getIpDnsAddress               
000036ab  setIpTimeServerAddress        
000036e5  getIpTimeServerAddress        
0000371f  setIpMqttBrokerAddress        
0000375d  getIpMqttBrokerAddress        
000037a5  sumIpWords                    
00003819  getIpChecksum                 
0000384b  calcIpChecksum                
00003891  strtod                        
00003891  strtold                       
00003cf1  isTcp                         
00003dc3  getTcpMessageSocket           
00003e6d  processTcp                    
00003f0b  sendTcpMessage                
00004145  processMqtt                   
0000417f  sendMqttMessage               
000044c1  isUdp                         
00004569  getUdpData                    
00004595  getUdpMessageSocket           
0000463f  sendUdpMessage                
00004839  isArpRequest                  
000048dd  isArpResponse                 
00004931  processArp                    
000049a9  sendArpResponse               
00004a87  sendArpRequest                
00004ba5  initTimer                     
00004c45  startOneshotTimer             
00004ccb  startPeriodicTimer            
00004d51  stopTimer                     
00004db7  restartTimer                  
00004e25  tickIsr                       
00004e9f  random32                      
0000514d  strtoll                       
000054f9  __aeabi_dsub                  
00005503  __aeabi_dadd                  
000056b1  initSpi0                      
0000574d  setSpi0BaudRate               
00005783  setSpi0Mode                   
000057d1  writeSpi0Data                 
000057e9  readSpi0Data                  
00005811  strtoull                      
0000596d  isPingRequest                 
000059b1  sendPingResponse              
00005bfd  __aeabi_ddiv                  
00005d35  strtol                        
00005e65  initUart0                     
00005eaf  setUart0BaudRate              
00005ef3  putcUart0                     
00005f0f  putsUart0                     
00005f3b  getcUart0                     
00005f4f  kbhitUart0                    
000060b1  ldexp                         
000060b1  ldexpl                        
000060b1  scalbn                        
000060b1  scalbnl                       
000061c1  strtoul                       
000062d1  __aeabi_dmul                  
0000647f  __aeabi_memcpy                
0000647f  __aeabi_memcpy4               
0000647f  __aeabi_memcpy8               
0000647f  memcpy                        
0000651b  __aeabi_uldivmod              
000065b1  __aeabi_cdcmpeq               
000065b1  __aeabi_cdcmple               
00006637  __aeabi_cdrcmple              
000066bd  initEeprom                    
000066d3  writeEeprom                   
00006705  readEeprom                    
00006741  __aeabi_memclr                
00006741  __aeabi_memclr4               
00006741  __aeabi_memclr8               
00006743  __aeabi_memset                
00006743  __aeabi_memset4               
00006743  __aeabi_memset8               
00006749  memset                        
00006829  __aeabi_d2f                   
00006901  __TI_decompress_lzss          
00006969  frexp                         
00006969  frexpl                        
00006a23  __TI_ltoa                     
00006ac9  atoi                          
00006b15  snprintf                      
00006b61  __aeabi_d2iz                  
00006ba9  __TI_auto_init_nobinit_nopinit
00006bed  strtok                        
00006c6d  sscanf                        
00006ca5  _c_int00_noargs               
00006d09  __aeabi_i2d                   
00006d37  strspn                        
00006d61  strcspn                       
00006d85  waitMicrosecond               
00006da9  __TI_zero_init_nomemset       
00006dc5  memccpy                       
00006de1  copysign                      
00006de1  copysignl                     
00006e13  __aeabi_lmul                  
00006e2b  strcmp                        
00006e43  strrchr                       
00006e5b  strchr                        
00006e71  strcpy                        
00006e85  strlen                        
00006eab  wcslen                        
00006ebd  initSystemClockTo40Mhz        
00006ecd  tolower                       
00006edd  __TI_decompress_none          
00006eeb  ResetISR                      
00006ef9  __aeabi_errno_addr            
00006f09  _system_pre_init              
00006f0d  C$$EXIT                       
00006f0d  abort                         
00006f10  _ctypes_                      
00007120  __TI_Handler_Table_Base       
0000712c  __TI_Handler_Table_Limit      
00007138  __TI_CINIT_Base               
00007148  __TI_CINIT_Limit              
20000000  __stack                       
20000000  __start___llvm_prf_cnts       
20000000  __stop___llvm_prf_cnts        
20000200  __STACK_TOP                   
20001000  __STACK_END                   
20001000  strInput                      
20001054  token1                        
200010a4  token2                        
200010f4  token3                        
20001144  fn                            
2000116c  period                        
20001194  ticks                         
200011bc  reload                        
200011c8  token                         
200011cc  hwAddress                     
200011d2  sendSYN                       
200011d3  sendFINACK                    
200011d4  state                         
200011d5  count                         
200011d6  ipAddress                     
200011da  ipDnsAddress                  
200011de  ipGwAddress                   
200011e2  ipSubnetMask                  
200011e6  ipTimeServerAddress           
200011ec  errno                         
200011f4  nextPacketLsb                 
200011f5  nextPacketMsb                 
200011f6  sequenceId                    
ffffffff  __TI_pprof_out_hndl           
ffffffff  __TI_prof_data_size           
ffffffff  __TI_prof_data_start          
ffffffff  __binit__                     
ffffffff  __c_args__                    
ffffffff  binit                         
UNDEFED   __mpu_init                    
UNDEFED   _system_post_cinit            

[227 symbols]
