<?xml version="1.0" encoding="ISO-8859-1" ?>
<link_info>
   <banner>TI ARM Linker Unix v20.2.7.LTS</banner>
   <copyright>Copyright (c) 1996-2018 Texas Instruments Incorporated</copyright>
   <link_time>0x64165470</link_time>
   <link_errors>0x0</link_errors>
   <output_file>IotProject1.out</output_file>
   <entry_point>
      <name>_c_int00_noargs</name>
      <address>0x6ca9</address>
   </entry_point>
   <input_file_list>
      <input_file id="fl-1">
         <path>./</path>
         <kind>object</kind>
         <file>arp.obj</file>
         <name>arp.obj</name>
      </input_file>
      <input_file id="fl-2">
         <path>./</path>
         <kind>object</kind>
         <file>clock.obj</file>
         <name>clock.obj</name>
      </input_file>
      <input_file id="fl-3">
         <path>./</path>
         <kind>object</kind>
         <file>eeprom.obj</file>
         <name>eeprom.obj</name>
      </input_file>
      <input_file id="fl-4">
         <path>./</path>
         <kind>object</kind>
         <file>eth0.obj</file>
         <name>eth0.obj</name>
      </input_file>
      <input_file id="fl-5">
         <path>./</path>
         <kind>object</kind>
         <file>ethernet.obj</file>
         <name>ethernet.obj</name>
      </input_file>
      <input_file id="fl-6">
         <path>./</path>
         <kind>object</kind>
         <file>gpio.obj</file>
         <name>gpio.obj</name>
      </input_file>
      <input_file id="fl-7">
         <path>./</path>
         <kind>object</kind>
         <file>icmp.obj</file>
         <name>icmp.obj</name>
      </input_file>
      <input_file id="fl-8">
         <path>./</path>
         <kind>object</kind>
         <file>ip.obj</file>
         <name>ip.obj</name>
      </input_file>
      <input_file id="fl-9">
         <path>./</path>
         <kind>object</kind>
         <file>mqtt.obj</file>
         <name>mqtt.obj</name>
      </input_file>
      <input_file id="fl-a">
         <path>./</path>
         <kind>object</kind>
         <file>spi0.obj</file>
         <name>spi0.obj</name>
      </input_file>
      <input_file id="fl-b">
         <path>./</path>
         <kind>object</kind>
         <file>tcp.obj</file>
         <name>tcp.obj</name>
      </input_file>
      <input_file id="fl-c">
         <path>./</path>
         <kind>object</kind>
         <file>timer.obj</file>
         <name>timer.obj</name>
      </input_file>
      <input_file id="fl-d">
         <path>./</path>
         <kind>object</kind>
         <file>tm4c123gh6pm_startup_ccs.obj</file>
         <name>tm4c123gh6pm_startup_ccs.obj</name>
      </input_file>
      <input_file id="fl-e">
         <path>./</path>
         <kind>object</kind>
         <file>uart0.obj</file>
         <name>uart0.obj</name>
      </input_file>
      <input_file id="fl-f">
         <path>./</path>
         <kind>object</kind>
         <file>udp.obj</file>
         <name>udp.obj</name>
      </input_file>
      <input_file id="fl-10">
         <path>./</path>
         <kind>object</kind>
         <file>wait.obj</file>
         <name>wait.obj</name>
      </input_file>
      <input_file id="fl-14">
         <kind>object</kind>
         <file>&lt;internal&gt;</file>
         <name>&lt;internal&gt;</name>
      </input_file>
      <input_file id="fl-ca">
         <path>/home/swr5250/ti/ccs1220/ccs/tools/compiler/ti-cgt-arm_20.2.7.LTS/lib/</path>
         <kind>archive</kind>
         <file>rtsv7M4_T_le_v4SPD16_eabi.lib</file>
         <name>snprintf.c.obj</name>
      </input_file>
      <input_file id="fl-cb">
         <path>/home/swr5250/ti/ccs1220/ccs/tools/compiler/ti-cgt-arm_20.2.7.LTS/lib/</path>
         <kind>archive</kind>
         <file>rtsv7M4_T_le_v4SPD16_eabi.lib</file>
         <name>sscanf.c.obj</name>
      </input_file>
      <input_file id="fl-cc">
         <path>/home/swr5250/ti/ccs1220/ccs/tools/compiler/ti-cgt-arm_20.2.7.LTS/lib/</path>
         <kind>archive</kind>
         <file>rtsv7M4_T_le_v4SPD16_eabi.lib</file>
         <name>memcpy_t2.asm.obj</name>
      </input_file>
      <input_file id="fl-cd">
         <path>/home/swr5250/ti/ccs1220/ccs/tools/compiler/ti-cgt-arm_20.2.7.LTS/lib/</path>
         <kind>archive</kind>
         <file>rtsv7M4_T_le_v4SPD16_eabi.lib</file>
         <name>copy_zero_init.c.obj</name>
      </input_file>
      <input_file id="fl-ce">
         <path>/home/swr5250/ti/ccs1220/ccs/tools/compiler/ti-cgt-arm_20.2.7.LTS/lib/</path>
         <kind>archive</kind>
         <file>rtsv7M4_T_le_v4SPD16_eabi.lib</file>
         <name>copy_decompress_none.c.obj</name>
      </input_file>
      <input_file id="fl-cf">
         <path>/home/swr5250/ti/ccs1220/ccs/tools/compiler/ti-cgt-arm_20.2.7.LTS/lib/</path>
         <kind>archive</kind>
         <file>rtsv7M4_T_le_v4SPD16_eabi.lib</file>
         <name>copy_decompress_lzss.c.obj</name>
      </input_file>
      <input_file id="fl-d0">
         <path>/home/swr5250/ti/ccs1220/ccs/tools/compiler/ti-cgt-arm_20.2.7.LTS/lib/</path>
         <kind>archive</kind>
         <file>rtsv7M4_T_le_v4SPD16_eabi.lib</file>
         <name>ctype.c.obj</name>
      </input_file>
      <input_file id="fl-d1">
         <path>/home/swr5250/ti/ccs1220/ccs/tools/compiler/ti-cgt-arm_20.2.7.LTS/lib/</path>
         <kind>archive</kind>
         <file>rtsv7M4_T_le_v4SPD16_eabi.lib</file>
         <name>strcmp.c.obj</name>
      </input_file>
      <input_file id="fl-d2">
         <path>/home/swr5250/ti/ccs1220/ccs/tools/compiler/ti-cgt-arm_20.2.7.LTS/lib/</path>
         <kind>archive</kind>
         <file>rtsv7M4_T_le_v4SPD16_eabi.lib</file>
         <name>strcpy.c.obj</name>
      </input_file>
      <input_file id="fl-d3">
         <path>/home/swr5250/ti/ccs1220/ccs/tools/compiler/ti-cgt-arm_20.2.7.LTS/lib/</path>
         <kind>archive</kind>
         <file>rtsv7M4_T_le_v4SPD16_eabi.lib</file>
         <name>strlen.c.obj</name>
      </input_file>
      <input_file id="fl-d4">
         <path>/home/swr5250/ti/ccs1220/ccs/tools/compiler/ti-cgt-arm_20.2.7.LTS/lib/</path>
         <kind>archive</kind>
         <file>rtsv7M4_T_le_v4SPD16_eabi.lib</file>
         <name>strtok.c.obj</name>
      </input_file>
      <input_file id="fl-d5">
         <path>/home/swr5250/ti/ccs1220/ccs/tools/compiler/ti-cgt-arm_20.2.7.LTS/lib/</path>
         <kind>archive</kind>
         <file>rtsv7M4_T_le_v4SPD16_eabi.lib</file>
         <name>tolower.c.obj</name>
      </input_file>
      <input_file id="fl-d6">
         <path>/home/swr5250/ti/ccs1220/ccs/tools/compiler/ti-cgt-arm_20.2.7.LTS/lib/</path>
         <kind>archive</kind>
         <file>rtsv7M4_T_le_v4SPD16_eabi.lib</file>
         <name>boot_cortex_m.c.obj</name>
      </input_file>
      <input_file id="fl-d7">
         <path>/home/swr5250/ti/ccs1220/ccs/tools/compiler/ti-cgt-arm_20.2.7.LTS/lib/</path>
         <kind>archive</kind>
         <file>rtsv7M4_T_le_v4SPD16_eabi.lib</file>
         <name>_printfi.c.obj</name>
      </input_file>
      <input_file id="fl-d8">
         <path>/home/swr5250/ti/ccs1220/ccs/tools/compiler/ti-cgt-arm_20.2.7.LTS/lib/</path>
         <kind>archive</kind>
         <file>rtsv7M4_T_le_v4SPD16_eabi.lib</file>
         <name>_scanfi.c.obj</name>
      </input_file>
      <input_file id="fl-d9">
         <path>/home/swr5250/ti/ccs1220/ccs/tools/compiler/ti-cgt-arm_20.2.7.LTS/lib/</path>
         <kind>archive</kind>
         <file>rtsv7M4_T_le_v4SPD16_eabi.lib</file>
         <name>fd_add_t2.asm.obj</name>
      </input_file>
      <input_file id="fl-da">
         <path>/home/swr5250/ti/ccs1220/ccs/tools/compiler/ti-cgt-arm_20.2.7.LTS/lib/</path>
         <kind>archive</kind>
         <file>rtsv7M4_T_le_v4SPD16_eabi.lib</file>
         <name>fd_cmp_t2.asm.obj</name>
      </input_file>
      <input_file id="fl-db">
         <path>/home/swr5250/ti/ccs1220/ccs/tools/compiler/ti-cgt-arm_20.2.7.LTS/lib/</path>
         <kind>archive</kind>
         <file>rtsv7M4_T_le_v4SPD16_eabi.lib</file>
         <name>fd_div_t2.asm.obj</name>
      </input_file>
      <input_file id="fl-dc">
         <path>/home/swr5250/ti/ccs1220/ccs/tools/compiler/ti-cgt-arm_20.2.7.LTS/lib/</path>
         <kind>archive</kind>
         <file>rtsv7M4_T_le_v4SPD16_eabi.lib</file>
         <name>fd_mul_t2.asm.obj</name>
      </input_file>
      <input_file id="fl-dd">
         <path>/home/swr5250/ti/ccs1220/ccs/tools/compiler/ti-cgt-arm_20.2.7.LTS/lib/</path>
         <kind>archive</kind>
         <file>rtsv7M4_T_le_v4SPD16_eabi.lib</file>
         <name>fd_toi_t2.asm.obj</name>
      </input_file>
      <input_file id="fl-de">
         <path>/home/swr5250/ti/ccs1220/ccs/tools/compiler/ti-cgt-arm_20.2.7.LTS/lib/</path>
         <kind>archive</kind>
         <file>rtsv7M4_T_le_v4SPD16_eabi.lib</file>
         <name>fd_tos_t2.asm.obj</name>
      </input_file>
      <input_file id="fl-df">
         <path>/home/swr5250/ti/ccs1220/ccs/tools/compiler/ti-cgt-arm_20.2.7.LTS/lib/</path>
         <kind>archive</kind>
         <file>rtsv7M4_T_le_v4SPD16_eabi.lib</file>
         <name>i_tofd_t2.asm.obj</name>
      </input_file>
      <input_file id="fl-e0">
         <path>/home/swr5250/ti/ccs1220/ccs/tools/compiler/ti-cgt-arm_20.2.7.LTS/lib/</path>
         <kind>archive</kind>
         <file>rtsv7M4_T_le_v4SPD16_eabi.lib</file>
         <name>memset_t2.asm.obj</name>
      </input_file>
      <input_file id="fl-e1">
         <path>/home/swr5250/ti/ccs1220/ccs/tools/compiler/ti-cgt-arm_20.2.7.LTS/lib/</path>
         <kind>archive</kind>
         <file>rtsv7M4_T_le_v4SPD16_eabi.lib</file>
         <name>ull_div_t2.asm.obj</name>
      </input_file>
      <input_file id="fl-e2">
         <path>/home/swr5250/ti/ccs1220/ccs/tools/compiler/ti-cgt-arm_20.2.7.LTS/lib/</path>
         <kind>archive</kind>
         <file>rtsv7M4_T_le_v4SPD16_eabi.lib</file>
         <name>autoinit.c.obj</name>
      </input_file>
      <input_file id="fl-e3">
         <path>/home/swr5250/ti/ccs1220/ccs/tools/compiler/ti-cgt-arm_20.2.7.LTS/lib/</path>
         <kind>archive</kind>
         <file>rtsv7M4_T_le_v4SPD16_eabi.lib</file>
         <name>pre_init.c.obj</name>
      </input_file>
      <input_file id="fl-e4">
         <path>/home/swr5250/ti/ccs1220/ccs/tools/compiler/ti-cgt-arm_20.2.7.LTS/lib/</path>
         <kind>archive</kind>
         <file>rtsv7M4_T_le_v4SPD16_eabi.lib</file>
         <name>cpy_tbl.c.obj</name>
      </input_file>
      <input_file id="fl-e5">
         <path>/home/swr5250/ti/ccs1220/ccs/tools/compiler/ti-cgt-arm_20.2.7.LTS/lib/</path>
         <kind>archive</kind>
         <file>rtsv7M4_T_le_v4SPD16_eabi.lib</file>
         <name>exit.c.obj</name>
      </input_file>
      <input_file id="fl-e6">
         <path>/home/swr5250/ti/ccs1220/ccs/tools/compiler/ti-cgt-arm_20.2.7.LTS/lib/</path>
         <kind>archive</kind>
         <file>rtsv7M4_T_le_v4SPD16_eabi.lib</file>
         <name>_lock.c.obj</name>
      </input_file>
      <input_file id="fl-e7">
         <path>/home/swr5250/ti/ccs1220/ccs/tools/compiler/ti-cgt-arm_20.2.7.LTS/lib/</path>
         <kind>archive</kind>
         <file>rtsv7M4_T_le_v4SPD16_eabi.lib</file>
         <name>_ltoa.c.obj</name>
      </input_file>
      <input_file id="fl-e8">
         <path>/home/swr5250/ti/ccs1220/ccs/tools/compiler/ti-cgt-arm_20.2.7.LTS/lib/</path>
         <kind>archive</kind>
         <file>rtsv7M4_T_le_v4SPD16_eabi.lib</file>
         <name>args_main.c.obj</name>
      </input_file>
      <input_file id="fl-e9">
         <path>/home/swr5250/ti/ccs1220/ccs/tools/compiler/ti-cgt-arm_20.2.7.LTS/lib/</path>
         <kind>archive</kind>
         <file>rtsv7M4_T_le_v4SPD16_eabi.lib</file>
         <name>atoi.c.obj</name>
      </input_file>
      <input_file id="fl-ea">
         <path>/home/swr5250/ti/ccs1220/ccs/tools/compiler/ti-cgt-arm_20.2.7.LTS/lib/</path>
         <kind>archive</kind>
         <file>rtsv7M4_T_le_v4SPD16_eabi.lib</file>
         <name>memccpy.c.obj</name>
      </input_file>
      <input_file id="fl-eb">
         <path>/home/swr5250/ti/ccs1220/ccs/tools/compiler/ti-cgt-arm_20.2.7.LTS/lib/</path>
         <kind>archive</kind>
         <file>rtsv7M4_T_le_v4SPD16_eabi.lib</file>
         <name>strchr.c.obj</name>
      </input_file>
      <input_file id="fl-ec">
         <path>/home/swr5250/ti/ccs1220/ccs/tools/compiler/ti-cgt-arm_20.2.7.LTS/lib/</path>
         <kind>archive</kind>
         <file>rtsv7M4_T_le_v4SPD16_eabi.lib</file>
         <name>strcspn.c.obj</name>
      </input_file>
      <input_file id="fl-ed">
         <path>/home/swr5250/ti/ccs1220/ccs/tools/compiler/ti-cgt-arm_20.2.7.LTS/lib/</path>
         <kind>archive</kind>
         <file>rtsv7M4_T_le_v4SPD16_eabi.lib</file>
         <name>strrchr.c.obj</name>
      </input_file>
      <input_file id="fl-ee">
         <path>/home/swr5250/ti/ccs1220/ccs/tools/compiler/ti-cgt-arm_20.2.7.LTS/lib/</path>
         <kind>archive</kind>
         <file>rtsv7M4_T_le_v4SPD16_eabi.lib</file>
         <name>strspn.c.obj</name>
      </input_file>
      <input_file id="fl-ef">
         <path>/home/swr5250/ti/ccs1220/ccs/tools/compiler/ti-cgt-arm_20.2.7.LTS/lib/</path>
         <kind>archive</kind>
         <file>rtsv7M4_T_le_v4SPD16_eabi.lib</file>
         <name>strtod.c.obj</name>
      </input_file>
      <input_file id="fl-f0">
         <path>/home/swr5250/ti/ccs1220/ccs/tools/compiler/ti-cgt-arm_20.2.7.LTS/lib/</path>
         <kind>archive</kind>
         <file>rtsv7M4_T_le_v4SPD16_eabi.lib</file>
         <name>strtol.c.obj</name>
      </input_file>
      <input_file id="fl-f1">
         <path>/home/swr5250/ti/ccs1220/ccs/tools/compiler/ti-cgt-arm_20.2.7.LTS/lib/</path>
         <kind>archive</kind>
         <file>rtsv7M4_T_le_v4SPD16_eabi.lib</file>
         <name>strtoll.c.obj</name>
      </input_file>
      <input_file id="fl-f2">
         <path>/home/swr5250/ti/ccs1220/ccs/tools/compiler/ti-cgt-arm_20.2.7.LTS/lib/</path>
         <kind>archive</kind>
         <file>rtsv7M4_T_le_v4SPD16_eabi.lib</file>
         <name>strtoul.c.obj</name>
      </input_file>
      <input_file id="fl-f3">
         <path>/home/swr5250/ti/ccs1220/ccs/tools/compiler/ti-cgt-arm_20.2.7.LTS/lib/</path>
         <kind>archive</kind>
         <file>rtsv7M4_T_le_v4SPD16_eabi.lib</file>
         <name>strtoull.c.obj</name>
      </input_file>
      <input_file id="fl-f4">
         <path>/home/swr5250/ti/ccs1220/ccs/tools/compiler/ti-cgt-arm_20.2.7.LTS/lib/</path>
         <kind>archive</kind>
         <file>rtsv7M4_T_le_v4SPD16_eabi.lib</file>
         <name>errno.c.obj</name>
      </input_file>
      <input_file id="fl-f5">
         <path>/home/swr5250/ti/ccs1220/ccs/tools/compiler/ti-cgt-arm_20.2.7.LTS/lib/</path>
         <kind>archive</kind>
         <file>rtsv7M4_T_le_v4SPD16_eabi.lib</file>
         <name>wcslen.c.obj</name>
      </input_file>
      <input_file id="fl-f6">
         <path>/home/swr5250/ti/ccs1220/ccs/tools/compiler/ti-cgt-arm_20.2.7.LTS/lib/</path>
         <kind>archive</kind>
         <file>rtsv7M4_T_le_v4SPD16_eabi.lib</file>
         <name>s_frexp.c.obj</name>
      </input_file>
      <input_file id="fl-f7">
         <path>/home/swr5250/ti/ccs1220/ccs/tools/compiler/ti-cgt-arm_20.2.7.LTS/lib/</path>
         <kind>archive</kind>
         <file>rtsv7M4_T_le_v4SPD16_eabi.lib</file>
         <name>s_scalbn.c.obj</name>
      </input_file>
      <input_file id="fl-f8">
         <path>/home/swr5250/ti/ccs1220/ccs/tools/compiler/ti-cgt-arm_20.2.7.LTS/lib/</path>
         <kind>archive</kind>
         <file>rtsv7M4_T_le_v4SPD16_eabi.lib</file>
         <name>div0.asm.obj</name>
      </input_file>
      <input_file id="fl-f9">
         <path>/home/swr5250/ti/ccs1220/ccs/tools/compiler/ti-cgt-arm_20.2.7.LTS/lib/</path>
         <kind>archive</kind>
         <file>rtsv7M4_T_le_v4SPD16_eabi.lib</file>
         <name>ll_mul_t2.asm.obj</name>
      </input_file>
      <input_file id="fl-fa">
         <path>/home/swr5250/ti/ccs1220/ccs/tools/compiler/ti-cgt-arm_20.2.7.LTS/lib/</path>
         <kind>archive</kind>
         <file>rtsv7M4_T_le_v4SPD16_eabi.lib</file>
         <name>s_copysign.c.obj</name>
      </input_file>
   </input_file_list>
   <object_component_list>
      <object_component id="oc-12">
         <name>.intvecs</name>
         <load_address>0x0</load_address>
         <run_address>0x0</run_address>
         <size>0x26c</size>
         <input_file_ref idref="fl-d"/>
      </object_component>
      <object_component id="oc-b2">
         <name>.text</name>
         <load_address>0x26c</load_address>
         <run_address>0x26c</run_address>
         <size>0xcc0</size>
         <input_file_ref idref="fl-5"/>
      </object_component>
      <object_component id="oc-212">
         <name>.text:__TI_scanfi</name>
         <load_address>0xf2c</load_address>
         <run_address>0xf2c</run_address>
         <size>0xb14</size>
         <input_file_ref idref="fl-d8"/>
      </object_component>
      <object_component id="oc-1d8">
         <name>.text:__TI_printfi</name>
         <load_address>0x1a40</load_address>
         <run_address>0x1a40</run_address>
         <size>0xa4e</size>
         <input_file_ref idref="fl-d7"/>
      </object_component>
      <object_component id="oc-408">
         <name>.text</name>
         <load_address>0x248e</load_address>
         <run_address>0x248e</run_address>
         <size>0x2</size>
         <input_file_ref idref="fl-f8"/>
      </object_component>
      <object_component id="oc-e4">
         <name>.text</name>
         <load_address>0x2490</load_address>
         <run_address>0x2490</run_address>
         <size>0x808</size>
         <input_file_ref idref="fl-6"/>
      </object_component>
      <object_component id="oc-ea">
         <name>.text</name>
         <load_address>0x2c98</load_address>
         <run_address>0x2c98</run_address>
         <size>0x738</size>
         <input_file_ref idref="fl-4"/>
      </object_component>
      <object_component id="oc-fc">
         <name>.text</name>
         <load_address>0x33d0</load_address>
         <run_address>0x33d0</run_address>
         <size>0x4ac</size>
         <input_file_ref idref="fl-8"/>
      </object_component>
      <object_component id="oc-140">
         <name>.text</name>
         <load_address>0x387c</load_address>
         <run_address>0x387c</run_address>
         <size>0x46c</size>
         <input_file_ref idref="fl-b"/>
      </object_component>
      <object_component id="oc-2ec">
         <name>.text:strtod</name>
         <load_address>0x3ce8</load_address>
         <run_address>0x3ce8</run_address>
         <size>0x460</size>
         <input_file_ref idref="fl-ef"/>
      </object_component>
      <object_component id="oc-14f">
         <name>.text</name>
         <load_address>0x4148</load_address>
         <run_address>0x4148</run_address>
         <size>0x37c</size>
         <input_file_ref idref="fl-9"/>
      </object_component>
      <object_component id="oc-15b">
         <name>.text</name>
         <load_address>0x44c4</load_address>
         <run_address>0x44c4</run_address>
         <size>0x378</size>
         <input_file_ref idref="fl-f"/>
      </object_component>
      <object_component id="oc-13a">
         <name>.text</name>
         <load_address>0x483c</load_address>
         <run_address>0x483c</run_address>
         <size>0x36c</size>
         <input_file_ref idref="fl-1"/>
      </object_component>
      <object_component id="oc-2d">
         <name>.text</name>
         <load_address>0x4ba8</load_address>
         <run_address>0x4ba8</run_address>
         <size>0x338</size>
         <input_file_ref idref="fl-c"/>
      </object_component>
      <object_component id="oc-2a7">
         <name>.text:_pconv_a</name>
         <load_address>0x4ee0</load_address>
         <run_address>0x4ee0</run_address>
         <size>0x270</size>
         <input_file_ref idref="fl-d7"/>
      </object_component>
      <object_component id="oc-2fd">
         <name>.text:strtoll</name>
         <load_address>0x5150</load_address>
         <run_address>0x5150</run_address>
         <size>0x1dc</size>
         <input_file_ref idref="fl-f1"/>
      </object_component>
      <object_component id="oc-295">
         <name>.text:_pconv_g</name>
         <load_address>0x532c</load_address>
         <run_address>0x532c</run_address>
         <size>0x1d0</size>
         <input_file_ref idref="fl-d7"/>
      </object_component>
      <object_component id="oc-390">
         <name>.text</name>
         <load_address>0x54fc</load_address>
         <run_address>0x54fc</run_address>
         <size>0x1b6</size>
         <input_file_ref idref="fl-d9"/>
      </object_component>
      <object_component id="oc-1c8">
         <name>.text</name>
         <load_address>0x56b4</load_address>
         <run_address>0x56b4</run_address>
         <size>0x160</size>
         <input_file_ref idref="fl-a"/>
      </object_component>
      <object_component id="oc-2e0">
         <name>.text:strtoull</name>
         <load_address>0x5814</load_address>
         <run_address>0x5814</run_address>
         <size>0x15c</size>
         <input_file_ref idref="fl-f3"/>
      </object_component>
      <object_component id="oc-155">
         <name>.text</name>
         <load_address>0x5970</load_address>
         <run_address>0x5970</run_address>
         <size>0x154</size>
         <input_file_ref idref="fl-7"/>
      </object_component>
      <object_component id="oc-2a1">
         <name>.text:_pconv_e</name>
         <load_address>0x5ac4</load_address>
         <run_address>0x5ac4</run_address>
         <size>0x13c</size>
         <input_file_ref idref="fl-d7"/>
      </object_component>
      <object_component id="oc-376">
         <name>.text</name>
         <load_address>0x5c00</load_address>
         <run_address>0x5c00</run_address>
         <size>0x136</size>
         <input_file_ref idref="fl-db"/>
      </object_component>
      <object_component id="oc-2f7">
         <name>.text:strtol</name>
         <load_address>0x5d38</load_address>
         <run_address>0x5d38</run_address>
         <size>0x130</size>
         <input_file_ref idref="fl-f0"/>
      </object_component>
      <object_component id="oc-f0">
         <name>.text</name>
         <load_address>0x5e68</load_address>
         <run_address>0x5e68</run_address>
         <size>0x128</size>
         <input_file_ref idref="fl-e"/>
      </object_component>
      <object_component id="oc-3a2">
         <name>.text:fcvt</name>
         <load_address>0x5f90</load_address>
         <run_address>0x5f90</run_address>
         <size>0x124</size>
         <input_file_ref idref="fl-d7"/>
      </object_component>
      <object_component id="oc-3b6">
         <name>.text:scalbn</name>
         <load_address>0x60b4</load_address>
         <run_address>0x60b4</run_address>
         <size>0x110</size>
         <input_file_ref idref="fl-f7"/>
      </object_component>
      <object_component id="oc-2e6">
         <name>.text:strtoul</name>
         <load_address>0x61c4</load_address>
         <run_address>0x61c4</run_address>
         <size>0x110</size>
         <input_file_ref idref="fl-f2"/>
      </object_component>
      <object_component id="oc-371">
         <name>.text</name>
         <load_address>0x62d4</load_address>
         <run_address>0x62d4</run_address>
         <size>0xfc</size>
         <input_file_ref idref="fl-dc"/>
      </object_component>
      <object_component id="oc-28a">
         <name>.text:_ltostr</name>
         <load_address>0x63d0</load_address>
         <run_address>0x63d0</run_address>
         <size>0xb1</size>
         <input_file_ref idref="fl-d7"/>
      </object_component>
      <object_component id="oc-41">
         <name>.text</name>
         <load_address>0x6482</load_address>
         <run_address>0x6482</run_address>
         <size>0x9c</size>
         <input_file_ref idref="fl-cc"/>
      </object_component>
      <object_component id="oc-36a">
         <name>.text</name>
         <load_address>0x651e</load_address>
         <run_address>0x651e</run_address>
         <size>0x96</size>
         <input_file_ref idref="fl-e1"/>
      </object_component>
      <object_component id="oc-290">
         <name>.text:__aeabi_cdcmple</name>
         <load_address>0x65b4</load_address>
         <run_address>0x65b4</run_address>
         <size>0x86</size>
         <input_file_ref idref="fl-da"/>
      </object_component>
      <object_component id="oc-37b">
         <name>.text:__aeabi_cdrcmple</name>
         <load_address>0x663a</load_address>
         <run_address>0x663a</run_address>
         <size>0x86</size>
         <input_file_ref idref="fl-da"/>
      </object_component>
      <object_component id="oc-102">
         <name>.text</name>
         <load_address>0x66c0</load_address>
         <run_address>0x66c0</run_address>
         <size>0x84</size>
         <input_file_ref idref="fl-3"/>
      </object_component>
      <object_component id="oc-a6">
         <name>.text</name>
         <load_address>0x6744</load_address>
         <run_address>0x6744</run_address>
         <size>0x7a</size>
         <input_file_ref idref="fl-e0"/>
      </object_component>
      <object_component id="oc-39b">
         <name>.text:_mcpy</name>
         <load_address>0x67be</load_address>
         <run_address>0x67be</run_address>
         <size>0x6e</size>
         <input_file_ref idref="fl-d7"/>
      </object_component>
      <object_component id="oc-2f2">
         <name>.text</name>
         <load_address>0x682c</load_address>
         <run_address>0x682c</run_address>
         <size>0x6e</size>
         <input_file_ref idref="fl-de"/>
      </object_component>
      <object_component id="oc-224">
         <name>.text:_chkmbc</name>
         <load_address>0x689c</load_address>
         <run_address>0x689c</run_address>
         <size>0x68</size>
         <input_file_ref idref="fl-cb"/>
      </object_component>
      <object_component id="oc-15">
         <name>.text:decompress:lzss:__TI_decompress_lzss</name>
         <load_address>0x6904</load_address>
         <run_address>0x6904</run_address>
         <size>0x68</size>
         <input_file_ref idref="fl-cf"/>
      </object_component>
      <object_component id="oc-3b0">
         <name>.text:frexp</name>
         <load_address>0x696c</load_address>
         <run_address>0x696c</run_address>
         <size>0x64</size>
         <input_file_ref idref="fl-f6"/>
      </object_component>
      <object_component id="oc-29b">
         <name>.text:_pconv_f</name>
         <load_address>0x69d0</load_address>
         <run_address>0x69d0</run_address>
         <size>0x56</size>
         <input_file_ref idref="fl-d7"/>
      </object_component>
      <object_component id="oc-385">
         <name>.text:__TI_ltoa</name>
         <load_address>0x6a26</load_address>
         <run_address>0x6a26</run_address>
         <size>0x54</size>
         <input_file_ref idref="fl-e7"/>
      </object_component>
      <object_component id="oc-395">
         <name>.text:_ecpy</name>
         <load_address>0x6a7a</load_address>
         <run_address>0x6a7a</run_address>
         <size>0x52</size>
         <input_file_ref idref="fl-d7"/>
      </object_component>
      <object_component id="oc-284">
         <name>.text:atoi</name>
         <load_address>0x6acc</load_address>
         <run_address>0x6acc</run_address>
         <size>0x4c</size>
         <input_file_ref idref="fl-e9"/>
      </object_component>
      <object_component id="oc-f6">
         <name>.text:snprintf</name>
         <load_address>0x6b18</load_address>
         <run_address>0x6b18</run_address>
         <size>0x4c</size>
         <input_file_ref idref="fl-ca"/>
      </object_component>
      <object_component id="oc-380">
         <name>.text</name>
         <load_address>0x6b64</load_address>
         <run_address>0x6b64</run_address>
         <size>0x48</size>
         <input_file_ref idref="fl-dd"/>
      </object_component>
      <object_component id="oc-176">
         <name>.text:__TI_auto_init_nobinit_nopinit:__TI_auto_init_nobinit_nopinit</name>
         <load_address>0x6bac</load_address>
         <run_address>0x6bac</run_address>
         <size>0x44</size>
         <input_file_ref idref="fl-e2"/>
      </object_component>
      <object_component id="oc-114">
         <name>.text:strtok</name>
         <load_address>0x6bf0</load_address>
         <run_address>0x6bf0</run_address>
         <size>0x40</size>
         <input_file_ref idref="fl-d4"/>
      </object_component>
      <object_component id="oc-3a8">
         <name>.text:_fcpy</name>
         <load_address>0x6c30</load_address>
         <run_address>0x6c30</run_address>
         <size>0x3e</size>
         <input_file_ref idref="fl-d7"/>
      </object_component>
      <object_component id="oc-10e">
         <name>.text:sscanf</name>
         <load_address>0x6c70</load_address>
         <run_address>0x6c70</run_address>
         <size>0x38</size>
         <input_file_ref idref="fl-cb"/>
      </object_component>
      <object_component id="oc-5f">
         <name>.text:_c_int00_noargs:_c_int00_noargs</name>
         <load_address>0x6ca8</load_address>
         <run_address>0x6ca8</run_address>
         <size>0x34</size>
         <input_file_ref idref="fl-d6"/>
      </object_component>
      <object_component id="oc-1de">
         <name>.text:_outs</name>
         <load_address>0x6cdc</load_address>
         <run_address>0x6cdc</run_address>
         <size>0x30</size>
         <input_file_ref idref="fl-ca"/>
      </object_component>
      <object_component id="oc-38b">
         <name>.text</name>
         <load_address>0x6d0c</load_address>
         <run_address>0x6d0c</run_address>
         <size>0x2e</size>
         <input_file_ref idref="fl-df"/>
      </object_component>
      <object_component id="oc-22c">
         <name>.text:strspn</name>
         <load_address>0x6d3a</load_address>
         <run_address>0x6d3a</run_address>
         <size>0x2a</size>
         <input_file_ref idref="fl-ee"/>
      </object_component>
      <object_component id="oc-232">
         <name>.text:strcspn</name>
         <load_address>0x6d64</load_address>
         <run_address>0x6d64</run_address>
         <size>0x24</size>
         <input_file_ref idref="fl-ec"/>
      </object_component>
      <object_component id="oc-134">
         <name>.text</name>
         <load_address>0x6d88</load_address>
         <run_address>0x6d88</run_address>
         <size>0x24</size>
         <input_file_ref idref="fl-10"/>
      </object_component>
      <object_component id="oc-4d">
         <name>.text:decompress:ZI:__TI_zero_init_nomemset:__TI_zero_init_nomemset</name>
         <load_address>0x6dac</load_address>
         <run_address>0x6dac</run_address>
         <size>0x1c</size>
         <input_file_ref idref="fl-cd"/>
      </object_component>
      <object_component id="oc-2ad">
         <name>.text:memccpy</name>
         <load_address>0x6dc8</load_address>
         <run_address>0x6dc8</run_address>
         <size>0x1c</size>
         <input_file_ref idref="fl-ea"/>
      </object_component>
      <object_component id="oc-421">
         <name>.text:copysign</name>
         <load_address>0x6de4</load_address>
         <run_address>0x6de4</run_address>
         <size>0x1a</size>
         <input_file_ref idref="fl-fa"/>
      </object_component>
      <object_component id="oc-1e4">
         <name>.text:_outc</name>
         <load_address>0x6dfe</load_address>
         <run_address>0x6dfe</run_address>
         <size>0x18</size>
         <input_file_ref idref="fl-ca"/>
      </object_component>
      <object_component id="oc-3d9">
         <name>.text</name>
         <load_address>0x6e16</load_address>
         <run_address>0x6e16</run_address>
         <size>0x18</size>
         <input_file_ref idref="fl-f9"/>
      </object_component>
      <object_component id="oc-11a">
         <name>.text:strcmp</name>
         <load_address>0x6e2e</load_address>
         <run_address>0x6e2e</run_address>
         <size>0x18</size>
         <input_file_ref idref="fl-d1"/>
      </object_component>
      <object_component id="oc-303">
         <name>.text:strrchr</name>
         <load_address>0x6e46</load_address>
         <run_address>0x6e46</run_address>
         <size>0x18</size>
         <input_file_ref idref="fl-ed"/>
      </object_component>
      <object_component id="oc-309">
         <name>.text:strchr</name>
         <load_address>0x6e5e</load_address>
         <run_address>0x6e5e</run_address>
         <size>0x16</size>
         <input_file_ref idref="fl-eb"/>
      </object_component>
      <object_component id="oc-120">
         <name>.text:strcpy</name>
         <load_address>0x6e74</load_address>
         <run_address>0x6e74</run_address>
         <size>0x14</size>
         <input_file_ref idref="fl-d2"/>
      </object_component>
      <object_component id="oc-126">
         <name>.text:strlen</name>
         <load_address>0x6e88</load_address>
         <run_address>0x6e88</run_address>
         <size>0x14</size>
         <input_file_ref idref="fl-d3"/>
      </object_component>
      <object_component id="oc-218">
         <name>.text:_inpchar</name>
         <load_address>0x6e9c</load_address>
         <run_address>0x6e9c</run_address>
         <size>0x12</size>
         <input_file_ref idref="fl-cb"/>
      </object_component>
      <object_component id="oc-2b3">
         <name>.text:wcslen</name>
         <load_address>0x6eae</load_address>
         <run_address>0x6eae</run_address>
         <size>0x12</size>
         <input_file_ref idref="fl-f5"/>
      </object_component>
      <object_component id="oc-de">
         <name>.text</name>
         <load_address>0x6ec0</load_address>
         <run_address>0x6ec0</run_address>
         <size>0x10</size>
         <input_file_ref idref="fl-2"/>
      </object_component>
      <object_component id="oc-108">
         <name>.text:tolower</name>
         <load_address>0x6ed0</load_address>
         <run_address>0x6ed0</run_address>
         <size>0x10</size>
         <input_file_ref idref="fl-d5"/>
      </object_component>
      <object_component id="oc-1b">
         <name>.text:decompress:none:__TI_decompress_none</name>
         <load_address>0x6ee0</load_address>
         <run_address>0x6ee0</run_address>
         <size>0xe</size>
         <input_file_ref idref="fl-ce"/>
      </object_component>
      <object_component id="oc-27">
         <name>.text</name>
         <load_address>0x6eee</load_address>
         <run_address>0x6eee</run_address>
         <size>0xc</size>
         <input_file_ref idref="fl-d"/>
      </object_component>
      <object_component id="oc-2b9">
         <name>.text:__aeabi_errno_addr</name>
         <load_address>0x6efc</load_address>
         <run_address>0x6efc</run_address>
         <size>0x8</size>
         <input_file_ref idref="fl-f4"/>
      </object_component>
      <object_component id="oc-21e">
         <name>.text:_uninpchar</name>
         <load_address>0x6f04</load_address>
         <run_address>0x6f04</run_address>
         <size>0x8</size>
         <input_file_ref idref="fl-cb"/>
      </object_component>
      <object_component id="oc-ac">
         <name>.text:_system_pre_init</name>
         <load_address>0x6f0c</load_address>
         <run_address>0x6f0c</run_address>
         <size>0x4</size>
         <input_file_ref idref="fl-e3"/>
      </object_component>
      <object_component id="oc-16a">
         <name>.text:abort:abort</name>
         <load_address>0x6f10</load_address>
         <run_address>0x6f10</run_address>
         <size>0x4</size>
         <input_file_ref idref="fl-e5"/>
      </object_component>
      <object_component id="oc-20d">
         <name>.const:.string:_ctypes_</name>
         <load_address>0x6f18</load_address>
         <run_address>0x6f18</run_address>
         <size>0x101</size>
         <input_file_ref idref="fl-d0"/>
      </object_component>
      <object_component id="oc-14c">
         <name>.const:.string:$P$T2$3</name>
         <load_address>0x7019</load_address>
         <run_address>0x7019</run_address>
         <size>0x6</size>
         <input_file_ref idref="fl-5"/>
      </object_component>
      <object_component id="oc-3e2">
         <name>.const:$O1$$</name>
         <load_address>0x7020</load_address>
         <run_address>0x7020</run_address>
         <size>0xc8</size>
         <input_file_ref idref="fl-ef"/>
      </object_component>
      <object_component id="oc-161">
         <name>.const:.string:$P$T3$4</name>
         <load_address>0x70e8</load_address>
         <run_address>0x70e8</run_address>
         <size>0x11</size>
         <input_file_ref idref="fl-5"/>
      </object_component>
      <object_component id="oc-30f">
         <name>.const:$O1$$</name>
         <load_address>0x70fc</load_address>
         <run_address>0x70fc</run_address>
         <size>0x10</size>
         <input_file_ref idref="fl-d8"/>
      </object_component>
      <object_component id="oc-146">
         <name>.const:.string:$P$T0$1</name>
         <load_address>0x710c</load_address>
         <run_address>0x710c</run_address>
         <size>0x4</size>
         <input_file_ref idref="fl-5"/>
      </object_component>
      <object_component id="oc-149">
         <name>.const:.string:$P$T1$2</name>
         <load_address>0x7110</load_address>
         <run_address>0x7110</run_address>
         <size>0x4</size>
         <input_file_ref idref="fl-5"/>
      </object_component>
      <object_component id="oc-484">
         <name>.cinit..data.load</name>
         <load_address>0x7118</load_address>
         <run_address>0x7118</run_address>
         <size>0x10</size>
      </object_component>
      <object_component id="oc-482">
         <name>__TI_handler_table</name>
         <load_address>0x7128</load_address>
         <run_address>0x7128</run_address>
         <size>0xc</size>
      </object_component>
      <object_component id="oc-485">
         <name>.cinit..bss.load</name>
         <load_address>0x7138</load_address>
         <run_address>0x7138</run_address>
         <size>0x8</size>
      </object_component>
      <object_component id="oc-483">
         <name>__TI_cinit_table</name>
         <load_address>0x7140</load_address>
         <run_address>0x7140</run_address>
         <size>0x10</size>
      </object_component>
      <object_component id="oc-1ce">
         <name>.data</name>
         <load_address>0x200011f8</load_address>
         <run_address>0x200011f8</run_address>
         <size>0x3</size>
         <input_file_ref idref="fl-4"/>
      </object_component>
      <object_component id="oc-1d1">
         <name>.data:hwAddress</name>
         <load_address>0x200011d0</load_address>
         <run_address>0x200011d0</run_address>
         <size>0x6</size>
         <input_file_ref idref="fl-4"/>
      </object_component>
      <object_component id="oc-12c">
         <name>.data</name>
         <load_address>0x200011d6</load_address>
         <run_address>0x200011d6</run_address>
         <size>0x4</size>
         <input_file_ref idref="fl-5"/>
      </object_component>
      <object_component id="oc-1fb">
         <name>.data:ipAddress</name>
         <load_address>0x200011da</load_address>
         <run_address>0x200011da</run_address>
         <size>0x4</size>
         <input_file_ref idref="fl-8"/>
      </object_component>
      <object_component id="oc-1fe">
         <name>.data:ipSubnetMask</name>
         <load_address>0x200011e6</load_address>
         <run_address>0x200011e6</run_address>
         <size>0x4</size>
         <input_file_ref idref="fl-8"/>
      </object_component>
      <object_component id="oc-201">
         <name>.data:ipGwAddress</name>
         <load_address>0x200011e2</load_address>
         <run_address>0x200011e2</run_address>
         <size>0x4</size>
         <input_file_ref idref="fl-8"/>
      </object_component>
      <object_component id="oc-204">
         <name>.data:ipDnsAddress</name>
         <load_address>0x200011de</load_address>
         <run_address>0x200011de</run_address>
         <size>0x4</size>
         <input_file_ref idref="fl-8"/>
      </object_component>
      <object_component id="oc-207">
         <name>.data:ipTimeServerAddress</name>
         <load_address>0x200011ea</load_address>
         <run_address>0x200011ea</run_address>
         <size>0x4</size>
         <input_file_ref idref="fl-8"/>
      </object_component>
      <object_component id="oc-238">
         <name>.data</name>
         <load_address>0x200011f4</load_address>
         <run_address>0x200011f4</run_address>
         <size>0x4</size>
         <input_file_ref idref="fl-d4"/>
      </object_component>
      <object_component id="oc-3c6">
         <name>.data</name>
         <load_address>0x200011f0</load_address>
         <run_address>0x200011f0</run_address>
         <size>0x4</size>
         <input_file_ref idref="fl-f4"/>
      </object_component>
      <object_component id="oc-12f">
         <name>.common:strInput</name>
         <uninitialized>true</uninitialized>
         <run_address>0x20001000</run_address>
         <size>0x54</size>
      </object_component>
      <object_component id="oc-130">
         <name>.common:token</name>
         <uninitialized>true</uninitialized>
         <run_address>0x200011cc</run_address>
         <size>0x4</size>
      </object_component>
      <object_component id="oc-131">
         <name>.common:token3</name>
         <uninitialized>true</uninitialized>
         <run_address>0x200010f4</run_address>
         <size>0x50</size>
      </object_component>
      <object_component id="oc-132">
         <name>.common:token2</name>
         <uninitialized>true</uninitialized>
         <run_address>0x200010a4</run_address>
         <size>0x50</size>
      </object_component>
      <object_component id="oc-133">
         <name>.common:token1</name>
         <uninitialized>true</uninitialized>
         <run_address>0x20001054</run_address>
         <size>0x50</size>
      </object_component>
      <object_component id="oc-247">
         <name>.common:raw</name>
         <uninitialized>true</uninitialized>
         <run_address>0x200011c8</run_address>
         <size>0x4</size>
      </object_component>
      <object_component id="oc-78">
         <name>.common:fn</name>
         <uninitialized>true</uninitialized>
         <run_address>0x20001144</run_address>
         <size>0x28</size>
      </object_component>
      <object_component id="oc-74">
         <name>.common:period</name>
         <uninitialized>true</uninitialized>
         <run_address>0x2000116c</run_address>
         <size>0x28</size>
      </object_component>
      <object_component id="oc-77">
         <name>.common:ticks</name>
         <uninitialized>true</uninitialized>
         <run_address>0x20001194</run_address>
         <size>0x28</size>
      </object_component>
      <object_component id="oc-79">
         <name>.common:reload</name>
         <uninitialized>true</uninitialized>
         <run_address>0x200011bc</run_address>
         <size>0xc</size>
      </object_component>
      <object_component id="oc-24">
         <name>.stack</name>
         <uninitialized>true</uninitialized>
         <run_address>0x20000000</run_address>
         <size>0x4</size>
         <input_file_ref idref="fl-d6"/>
      </object_component>
      <object_component id="oc-487">
         <name>.stack</name>
         <uninitialized>true</uninitialized>
         <run_address>0x20000000</run_address>
         <size>0x0</size>
      </object_component>
      <object_component id="oc-cd">
         <name>.debug_info</name>
         <load_address>0x0</load_address>
         <run_address>0x0</run_address>
         <size>0x356</size>
         <input_file_ref idref="fl-1"/>
      </object_component>
      <object_component id="oc-13b">
         <name>.debug_info</name>
         <load_address>0x356</load_address>
         <run_address>0x356</run_address>
         <size>0x553</size>
         <input_file_ref idref="fl-1"/>
      </object_component>
      <object_component id="oc-8c">
         <name>.debug_info</name>
         <load_address>0x8a9</load_address>
         <run_address>0x8a9</run_address>
         <size>0x26b</size>
         <input_file_ref idref="fl-1"/>
      </object_component>
      <object_component id="oc-80">
         <name>.debug_info</name>
         <load_address>0xb14</load_address>
         <run_address>0xb14</run_address>
         <size>0x8b</size>
         <input_file_ref idref="fl-1"/>
      </object_component>
      <object_component id="oc-c6">
         <name>.debug_info</name>
         <load_address>0xb9f</load_address>
         <run_address>0xb9f</run_address>
         <size>0x2a4</size>
         <input_file_ref idref="fl-1"/>
      </object_component>
      <object_component id="oc-7b">
         <name>.debug_info</name>
         <load_address>0xe43</load_address>
         <run_address>0xe43</run_address>
         <size>0xbb</size>
         <input_file_ref idref="fl-1"/>
      </object_component>
      <object_component id="oc-1b9">
         <name>.debug_info</name>
         <load_address>0xefe</load_address>
         <run_address>0xefe</run_address>
         <size>0xcc</size>
         <input_file_ref idref="fl-1"/>
      </object_component>
      <object_component id="oc-1f6">
         <name>.debug_info</name>
         <load_address>0xfca</load_address>
         <run_address>0xfca</run_address>
         <size>0x2c</size>
         <input_file_ref idref="fl-1"/>
      </object_component>
      <object_component id="oc-1c0">
         <name>.debug_info</name>
         <load_address>0xff6</load_address>
         <run_address>0xff6</run_address>
         <size>0xee</size>
         <input_file_ref idref="fl-1"/>
      </object_component>
      <object_component id="oc-1aa">
         <name>.debug_info</name>
         <load_address>0x10e4</load_address>
         <run_address>0x10e4</run_address>
         <size>0xe1</size>
         <input_file_ref idref="fl-1"/>
      </object_component>
      <object_component id="oc-165">
         <name>.debug_info</name>
         <load_address>0x11c5</load_address>
         <run_address>0x11c5</run_address>
         <size>0x1c1</size>
         <input_file_ref idref="fl-1"/>
      </object_component>
      <object_component id="oc-df">
         <name>.debug_info</name>
         <load_address>0x1386</load_address>
         <run_address>0x1386</run_address>
         <size>0x118</size>
         <input_file_ref idref="fl-2"/>
      </object_component>
      <object_component id="oc-3c">
         <name>.debug_info</name>
         <load_address>0x149e</load_address>
         <run_address>0x149e</run_address>
         <size>0x84</size>
         <input_file_ref idref="fl-2"/>
      </object_component>
      <object_component id="oc-103">
         <name>.debug_info</name>
         <load_address>0x1522</load_address>
         <run_address>0x1522</run_address>
         <size>0x200</size>
         <input_file_ref idref="fl-3"/>
      </object_component>
      <object_component id="oc-1d5">
         <name>.debug_info</name>
         <load_address>0x1722</load_address>
         <run_address>0x1722</run_address>
         <size>0x462</size>
         <input_file_ref idref="fl-4"/>
      </object_component>
      <object_component id="oc-1cf">
         <name>.debug_info</name>
         <load_address>0x1b84</load_address>
         <run_address>0x1b84</run_address>
         <size>0x129</size>
         <input_file_ref idref="fl-4"/>
      </object_component>
      <object_component id="oc-1d2">
         <name>.debug_info</name>
         <load_address>0x1cad</load_address>
         <run_address>0x1cad</run_address>
         <size>0xd1</size>
         <input_file_ref idref="fl-4"/>
      </object_component>
      <object_component id="oc-eb">
         <name>.debug_info</name>
         <load_address>0x1d7e</load_address>
         <run_address>0x1d7e</run_address>
         <size>0x18ed</size>
         <input_file_ref idref="fl-4"/>
      </object_component>
      <object_component id="oc-1b4">
         <name>.debug_info</name>
         <load_address>0x366b</load_address>
         <run_address>0x366b</run_address>
         <size>0x88</size>
         <input_file_ref idref="fl-4"/>
      </object_component>
      <object_component id="oc-cb">
         <name>.debug_info</name>
         <load_address>0x36f3</load_address>
         <run_address>0x36f3</run_address>
         <size>0xeef</size>
         <input_file_ref idref="fl-5"/>
      </object_component>
      <object_component id="oc-12d">
         <name>.debug_info</name>
         <load_address>0x45e2</load_address>
         <run_address>0x45e2</run_address>
         <size>0x12c</size>
         <input_file_ref idref="fl-5"/>
      </object_component>
      <object_component id="oc-147">
         <name>.debug_info</name>
         <load_address>0x470e</load_address>
         <run_address>0x470e</run_address>
         <size>0xd1</size>
         <input_file_ref idref="fl-5"/>
      </object_component>
      <object_component id="oc-14a">
         <name>.debug_info</name>
         <load_address>0x47df</load_address>
         <run_address>0x47df</run_address>
         <size>0xd1</size>
         <input_file_ref idref="fl-5"/>
      </object_component>
      <object_component id="oc-14d">
         <name>.debug_info</name>
         <load_address>0x48b0</load_address>
         <run_address>0x48b0</run_address>
         <size>0xd1</size>
         <input_file_ref idref="fl-5"/>
      </object_component>
      <object_component id="oc-162">
         <name>.debug_info</name>
         <load_address>0x4981</load_address>
         <run_address>0x4981</run_address>
         <size>0xd1</size>
         <input_file_ref idref="fl-5"/>
      </object_component>
      <object_component id="oc-b3">
         <name>.debug_info</name>
         <load_address>0x4a52</load_address>
         <run_address>0x4a52</run_address>
         <size>0x1093</size>
         <input_file_ref idref="fl-5"/>
      </object_component>
      <object_component id="oc-85">
         <name>.debug_info</name>
         <load_address>0x5ae5</load_address>
         <run_address>0x5ae5</run_address>
         <size>0x2c</size>
         <input_file_ref idref="fl-5"/>
      </object_component>
      <object_component id="oc-33b">
         <name>.debug_info</name>
         <load_address>0x5b11</load_address>
         <run_address>0x5b11</run_address>
         <size>0xb2</size>
         <input_file_ref idref="fl-5"/>
      </object_component>
      <object_component id="oc-32d">
         <name>.debug_info</name>
         <load_address>0x5bc3</load_address>
         <run_address>0x5bc3</run_address>
         <size>0x76</size>
         <input_file_ref idref="fl-5"/>
      </object_component>
      <object_component id="oc-332">
         <name>.debug_info</name>
         <load_address>0x5c39</load_address>
         <run_address>0x5c39</run_address>
         <size>0xee</size>
         <input_file_ref idref="fl-5"/>
      </object_component>
      <object_component id="oc-342">
         <name>.debug_info</name>
         <load_address>0x5d27</load_address>
         <run_address>0x5d27</run_address>
         <size>0x9e</size>
         <input_file_ref idref="fl-5"/>
      </object_component>
      <object_component id="oc-1af">
         <name>.debug_info</name>
         <load_address>0x5dc5</load_address>
         <run_address>0x5dc5</run_address>
         <size>0x35</size>
         <input_file_ref idref="fl-5"/>
      </object_component>
      <object_component id="oc-1c7">
         <name>.debug_info</name>
         <load_address>0x5dfa</load_address>
         <run_address>0x5dfa</run_address>
         <size>0x260</size>
         <input_file_ref idref="fl-6"/>
      </object_component>
      <object_component id="oc-e5">
         <name>.debug_info</name>
         <load_address>0x605a</load_address>
         <run_address>0x605a</run_address>
         <size>0x10e6</size>
         <input_file_ref idref="fl-6"/>
      </object_component>
      <object_component id="oc-254">
         <name>.debug_info</name>
         <load_address>0x7140</load_address>
         <run_address>0x7140</run_address>
         <size>0x357</size>
         <input_file_ref idref="fl-7"/>
      </object_component>
      <object_component id="oc-156">
         <name>.debug_info</name>
         <load_address>0x7497</load_address>
         <run_address>0x7497</run_address>
         <size>0x2ce</size>
         <input_file_ref idref="fl-7"/>
      </object_component>
      <object_component id="oc-20b">
         <name>.debug_info</name>
         <load_address>0x7765</load_address>
         <run_address>0x7765</run_address>
         <size>0x2c9</size>
         <input_file_ref idref="fl-8"/>
      </object_component>
      <object_component id="oc-1fc">
         <name>.debug_info</name>
         <load_address>0x7a2e</load_address>
         <run_address>0x7a2e</run_address>
         <size>0xcf</size>
         <input_file_ref idref="fl-8"/>
      </object_component>
      <object_component id="oc-1ff">
         <name>.debug_info</name>
         <load_address>0x7afd</load_address>
         <run_address>0x7afd</run_address>
         <size>0xd5</size>
         <input_file_ref idref="fl-8"/>
      </object_component>
      <object_component id="oc-202">
         <name>.debug_info</name>
         <load_address>0x7bd2</load_address>
         <run_address>0x7bd2</run_address>
         <size>0xd3</size>
         <input_file_ref idref="fl-8"/>
      </object_component>
      <object_component id="oc-205">
         <name>.debug_info</name>
         <load_address>0x7ca5</load_address>
         <run_address>0x7ca5</run_address>
         <size>0xd5</size>
         <input_file_ref idref="fl-8"/>
      </object_component>
      <object_component id="oc-208">
         <name>.debug_info</name>
         <load_address>0x7d7a</load_address>
         <run_address>0x7d7a</run_address>
         <size>0xe3</size>
         <input_file_ref idref="fl-8"/>
      </object_component>
      <object_component id="oc-fd">
         <name>.debug_info</name>
         <load_address>0x7e5d</load_address>
         <run_address>0x7e5d</run_address>
         <size>0xa91</size>
         <input_file_ref idref="fl-8"/>
      </object_component>
      <object_component id="oc-252">
         <name>.debug_info</name>
         <load_address>0x88ee</load_address>
         <run_address>0x88ee</run_address>
         <size>0x425</size>
         <input_file_ref idref="fl-9"/>
      </object_component>
      <object_component id="oc-150">
         <name>.debug_info</name>
         <load_address>0x8d13</load_address>
         <run_address>0x8d13</run_address>
         <size>0x4f3</size>
         <input_file_ref idref="fl-9"/>
      </object_component>
      <object_component id="oc-1c9">
         <name>.debug_info</name>
         <load_address>0x9206</load_address>
         <run_address>0x9206</run_address>
         <size>0x452</size>
         <input_file_ref idref="fl-a"/>
      </object_component>
      <object_component id="oc-248">
         <name>.debug_info</name>
         <load_address>0x9658</load_address>
         <run_address>0x9658</run_address>
         <size>0x4bf</size>
         <input_file_ref idref="fl-b"/>
      </object_component>
      <object_component id="oc-141">
         <name>.debug_info</name>
         <load_address>0x9b17</load_address>
         <run_address>0x9b17</run_address>
         <size>0x7b1</size>
         <input_file_ref idref="fl-b"/>
      </object_component>
      <object_component id="oc-75">
         <name>.debug_info</name>
         <load_address>0xa2c8</load_address>
         <run_address>0xa2c8</run_address>
         <size>0x325</size>
         <input_file_ref idref="fl-c"/>
      </object_component>
      <object_component id="oc-2e">
         <name>.debug_info</name>
         <load_address>0xa5ed</load_address>
         <run_address>0xa5ed</run_address>
         <size>0x4a7</size>
         <input_file_ref idref="fl-c"/>
      </object_component>
      <object_component id="oc-35">
         <name>.debug_info</name>
         <load_address>0xaa94</load_address>
         <run_address>0xaa94</run_address>
         <size>0x2c2</size>
         <input_file_ref idref="fl-d"/>
      </object_component>
      <object_component id="oc-13">
         <name>.debug_info</name>
         <load_address>0xad56</load_address>
         <run_address>0xad56</run_address>
         <size>0xeb</size>
         <input_file_ref idref="fl-d"/>
      </object_component>
      <object_component id="oc-28">
         <name>.debug_info</name>
         <load_address>0xae41</load_address>
         <run_address>0xae41</run_address>
         <size>0x267</size>
         <input_file_ref idref="fl-d"/>
      </object_component>
      <object_component id="oc-1d7">
         <name>.debug_info</name>
         <load_address>0xb0a8</load_address>
         <run_address>0xb0a8</run_address>
         <size>0x34b</size>
         <input_file_ref idref="fl-e"/>
      </object_component>
      <object_component id="oc-f1">
         <name>.debug_info</name>
         <load_address>0xb3f3</load_address>
         <run_address>0xb3f3</run_address>
         <size>0x3c4</size>
         <input_file_ref idref="fl-e"/>
      </object_component>
      <object_component id="oc-256">
         <name>.debug_info</name>
         <load_address>0xb7b7</load_address>
         <run_address>0xb7b7</run_address>
         <size>0x3f0</size>
         <input_file_ref idref="fl-f"/>
      </object_component>
      <object_component id="oc-15c">
         <name>.debug_info</name>
         <load_address>0xbba7</load_address>
         <run_address>0xbba7</run_address>
         <size>0x612</size>
         <input_file_ref idref="fl-f"/>
      </object_component>
      <object_component id="oc-135">
         <name>.debug_info</name>
         <load_address>0xc1b9</load_address>
         <run_address>0xc1b9</run_address>
         <size>0x122</size>
         <input_file_ref idref="fl-10"/>
      </object_component>
      <object_component id="oc-1eb">
         <name>.debug_info</name>
         <load_address>0xc2db</load_address>
         <run_address>0xc2db</run_address>
         <size>0x33a</size>
         <input_file_ref idref="fl-ca"/>
      </object_component>
      <object_component id="oc-f8">
         <name>.debug_info</name>
         <load_address>0xc615</load_address>
         <run_address>0xc615</run_address>
         <size>0x1ee</size>
         <input_file_ref idref="fl-ca"/>
      </object_component>
      <object_component id="oc-1e0">
         <name>.debug_info</name>
         <load_address>0xc803</load_address>
         <run_address>0xc803</run_address>
         <size>0x1c3</size>
         <input_file_ref idref="fl-ca"/>
      </object_component>
      <object_component id="oc-1e6">
         <name>.debug_info</name>
         <load_address>0xc9c6</load_address>
         <run_address>0xc9c6</run_address>
         <size>0x176</size>
         <input_file_ref idref="fl-ca"/>
      </object_component>
      <object_component id="oc-1ec">
         <name>.debug_info</name>
         <load_address>0xcb3c</load_address>
         <run_address>0xcb3c</run_address>
         <size>0x2c</size>
         <input_file_ref idref="fl-ca"/>
      </object_component>
      <object_component id="oc-1f1">
         <name>.debug_info</name>
         <load_address>0xcb68</load_address>
         <run_address>0xcb68</run_address>
         <size>0x69</size>
         <input_file_ref idref="fl-ca"/>
      </object_component>
      <object_component id="oc-22b">
         <name>.debug_info</name>
         <load_address>0xcbd1</load_address>
         <run_address>0xcbd1</run_address>
         <size>0x37a</size>
         <input_file_ref idref="fl-cb"/>
      </object_component>
      <object_component id="oc-10f">
         <name>.debug_info</name>
         <load_address>0xcf4b</load_address>
         <run_address>0xcf4b</run_address>
         <size>0x17e</size>
         <input_file_ref idref="fl-cb"/>
      </object_component>
      <object_component id="oc-21f">
         <name>.debug_info</name>
         <load_address>0xd0c9</load_address>
         <run_address>0xd0c9</run_address>
         <size>0x171</size>
         <input_file_ref idref="fl-cb"/>
      </object_component>
      <object_component id="oc-219">
         <name>.debug_info</name>
         <load_address>0xd23a</load_address>
         <run_address>0xd23a</run_address>
         <size>0x17e</size>
         <input_file_ref idref="fl-cb"/>
      </object_component>
      <object_component id="oc-225">
         <name>.debug_info</name>
         <load_address>0xd3b8</load_address>
         <run_address>0xd3b8</run_address>
         <size>0x1de</size>
         <input_file_ref idref="fl-cb"/>
      </object_component>
      <object_component id="oc-42">
         <name>.debug_info</name>
         <load_address>0xd596</load_address>
         <run_address>0xd596</run_address>
         <size>0x119</size>
         <input_file_ref idref="fl-cc"/>
      </object_component>
      <object_component id="oc-a5">
         <name>.debug_info</name>
         <load_address>0xd6af</load_address>
         <run_address>0xd6af</run_address>
         <size>0x2d4</size>
         <input_file_ref idref="fl-cd"/>
      </object_component>
      <object_component id="oc-4e">
         <name>.debug_info</name>
         <load_address>0xd983</load_address>
         <run_address>0xd983</run_address>
         <size>0x1d2</size>
         <input_file_ref idref="fl-cd"/>
      </object_component>
      <object_component id="oc-a0">
         <name>.debug_info</name>
         <load_address>0xdb55</load_address>
         <run_address>0xdb55</run_address>
         <size>0x46</size>
         <input_file_ref idref="fl-cd"/>
      </object_component>
      <object_component id="oc-d5">
         <name>.debug_info</name>
         <load_address>0xdb9b</load_address>
         <run_address>0xdb9b</run_address>
         <size>0x2c</size>
         <input_file_ref idref="fl-cd"/>
      </object_component>
      <object_component id="oc-4c">
         <name>.debug_info</name>
         <load_address>0xdbc7</load_address>
         <run_address>0xdbc7</run_address>
         <size>0x2a8</size>
         <input_file_ref idref="fl-ce"/>
      </object_component>
      <object_component id="oc-1c">
         <name>.debug_info</name>
         <load_address>0xde6f</load_address>
         <run_address>0xde6f</run_address>
         <size>0x1ea</size>
         <input_file_ref idref="fl-ce"/>
      </object_component>
      <object_component id="oc-47">
         <name>.debug_info</name>
         <load_address>0xe059</load_address>
         <run_address>0xe059</run_address>
         <size>0x46</size>
         <input_file_ref idref="fl-ce"/>
      </object_component>
      <object_component id="oc-98">
         <name>.debug_info</name>
         <load_address>0xe09f</load_address>
         <run_address>0xe09f</run_address>
         <size>0x2c</size>
         <input_file_ref idref="fl-ce"/>
      </object_component>
      <object_component id="oc-96">
         <name>.debug_info</name>
         <load_address>0xe0cb</load_address>
         <run_address>0xe0cb</run_address>
         <size>0x29e</size>
         <input_file_ref idref="fl-cf"/>
      </object_component>
      <object_component id="oc-16">
         <name>.debug_info</name>
         <load_address>0xe369</load_address>
         <run_address>0xe369</run_address>
         <size>0x250</size>
         <input_file_ref idref="fl-cf"/>
      </object_component>
      <object_component id="oc-37">
         <name>.debug_info</name>
         <load_address>0xe5b9</load_address>
         <run_address>0xe5b9</run_address>
         <size>0x60</size>
         <input_file_ref idref="fl-cf"/>
      </object_component>
      <object_component id="oc-ce">
         <name>.debug_info</name>
         <load_address>0xe619</load_address>
         <run_address>0xe619</run_address>
         <size>0x46</size>
         <input_file_ref idref="fl-cf"/>
      </object_component>
      <object_component id="oc-91">
         <name>.debug_info</name>
         <load_address>0xe65f</load_address>
         <run_address>0xe65f</run_address>
         <size>0x39</size>
         <input_file_ref idref="fl-cf"/>
      </object_component>
      <object_component id="oc-2dd">
         <name>.debug_info</name>
         <load_address>0xe698</load_address>
         <run_address>0xe698</run_address>
         <size>0xf9</size>
         <input_file_ref idref="fl-d0"/>
      </object_component>
      <object_component id="oc-20e">
         <name>.debug_info</name>
         <load_address>0xe791</load_address>
         <run_address>0xe791</run_address>
         <size>0x105</size>
         <input_file_ref idref="fl-d0"/>
      </object_component>
      <object_component id="oc-23e">
         <name>.debug_info</name>
         <load_address>0xe896</load_address>
         <run_address>0xe896</run_address>
         <size>0x28a</size>
         <input_file_ref idref="fl-d1"/>
      </object_component>
      <object_component id="oc-11b">
         <name>.debug_info</name>
         <load_address>0xeb20</load_address>
         <run_address>0xeb20</run_address>
         <size>0x273</size>
         <input_file_ref idref="fl-d1"/>
      </object_component>
      <object_component id="oc-240">
         <name>.debug_info</name>
         <load_address>0xed93</load_address>
         <run_address>0xed93</run_address>
         <size>0x2a4</size>
         <input_file_ref idref="fl-d2"/>
      </object_component>
      <object_component id="oc-121">
         <name>.debug_info</name>
         <load_address>0xf037</load_address>
         <run_address>0xf037</run_address>
         <size>0x24d</size>
         <input_file_ref idref="fl-d2"/>
      </object_component>
      <object_component id="oc-242">
         <name>.debug_info</name>
         <load_address>0xf284</load_address>
         <run_address>0xf284</run_address>
         <size>0x28f</size>
         <input_file_ref idref="fl-d3"/>
      </object_component>
      <object_component id="oc-127">
         <name>.debug_info</name>
         <load_address>0xf513</load_address>
         <run_address>0xf513</run_address>
         <size>0x245</size>
         <input_file_ref idref="fl-d3"/>
      </object_component>
      <object_component id="oc-23c">
         <name>.debug_info</name>
         <load_address>0xf758</load_address>
         <run_address>0xf758</run_address>
         <size>0x2fe</size>
         <input_file_ref idref="fl-d4"/>
      </object_component>
      <object_component id="oc-239">
         <name>.debug_info</name>
         <load_address>0xfa56</load_address>
         <run_address>0xfa56</run_address>
         <size>0x105</size>
         <input_file_ref idref="fl-d4"/>
      </object_component>
      <object_component id="oc-115">
         <name>.debug_info</name>
         <load_address>0xfb5b</load_address>
         <run_address>0xfb5b</run_address>
         <size>0x1ab</size>
         <input_file_ref idref="fl-d4"/>
      </object_component>
      <object_component id="oc-211">
         <name>.debug_info</name>
         <load_address>0xfd06</load_address>
         <run_address>0xfd06</run_address>
         <size>0x2b6</size>
         <input_file_ref idref="fl-d5"/>
      </object_component>
      <object_component id="oc-109">
         <name>.debug_info</name>
         <load_address>0xffbc</load_address>
         <run_address>0xffbc</run_address>
         <size>0x154</size>
         <input_file_ref idref="fl-d5"/>
      </object_component>
      <object_component id="oc-25">
         <name>.debug_info</name>
         <load_address>0x10110</load_address>
         <run_address>0x10110</run_address>
         <size>0x10b</size>
         <input_file_ref idref="fl-d6"/>
      </object_component>
      <object_component id="oc-60">
         <name>.debug_info</name>
         <load_address>0x1021b</load_address>
         <run_address>0x1021b</run_address>
         <size>0x1a9</size>
         <input_file_ref idref="fl-d6"/>
      </object_component>
      <object_component id="oc-2c0">
         <name>.debug_info</name>
         <load_address>0x103c4</load_address>
         <run_address>0x103c4</run_address>
         <size>0x590</size>
         <input_file_ref idref="fl-d7"/>
      </object_component>
      <object_component id="oc-28b">
         <name>.debug_info</name>
         <load_address>0x10954</load_address>
         <run_address>0x10954</run_address>
         <size>0x21e</size>
         <input_file_ref idref="fl-d7"/>
      </object_component>
      <object_component id="oc-396">
         <name>.debug_info</name>
         <load_address>0x10b72</load_address>
         <run_address>0x10b72</run_address>
         <size>0x1b3</size>
         <input_file_ref idref="fl-d7"/>
      </object_component>
      <object_component id="oc-39c">
         <name>.debug_info</name>
         <load_address>0x10d25</load_address>
         <run_address>0x10d25</run_address>
         <size>0x21b</size>
         <input_file_ref idref="fl-d7"/>
      </object_component>
      <object_component id="oc-296">
         <name>.debug_info</name>
         <load_address>0x10f40</load_address>
         <run_address>0x10f40</run_address>
         <size>0x3c0</size>
         <input_file_ref idref="fl-d7"/>
      </object_component>
      <object_component id="oc-3a3">
         <name>.debug_info</name>
         <load_address>0x11300</load_address>
         <run_address>0x11300</run_address>
         <size>0x30a</size>
         <input_file_ref idref="fl-d7"/>
      </object_component>
      <object_component id="oc-3a9">
         <name>.debug_info</name>
         <load_address>0x1160a</load_address>
         <run_address>0x1160a</run_address>
         <size>0x215</size>
         <input_file_ref idref="fl-d7"/>
      </object_component>
      <object_component id="oc-29c">
         <name>.debug_info</name>
         <load_address>0x1181f</load_address>
         <run_address>0x1181f</run_address>
         <size>0x215</size>
         <input_file_ref idref="fl-d7"/>
      </object_component>
      <object_component id="oc-2a2">
         <name>.debug_info</name>
         <load_address>0x11a34</load_address>
         <run_address>0x11a34</run_address>
         <size>0x304</size>
         <input_file_ref idref="fl-d7"/>
      </object_component>
      <object_component id="oc-2a8">
         <name>.debug_info</name>
         <load_address>0x11d38</load_address>
         <run_address>0x11d38</run_address>
         <size>0x4b5</size>
         <input_file_ref idref="fl-d7"/>
      </object_component>
      <object_component id="oc-1d9">
         <name>.debug_info</name>
         <load_address>0x121ed</load_address>
         <run_address>0x121ed</run_address>
         <size>0x5f4</size>
         <input_file_ref idref="fl-d7"/>
      </object_component>
      <object_component id="oc-2c1">
         <name>.debug_info</name>
         <load_address>0x127e1</load_address>
         <run_address>0x127e1</run_address>
         <size>0x86</size>
         <input_file_ref idref="fl-d7"/>
      </object_component>
      <object_component id="oc-3cd">
         <name>.debug_info</name>
         <load_address>0x12867</load_address>
         <run_address>0x12867</run_address>
         <size>0x39</size>
         <input_file_ref idref="fl-d7"/>
      </object_component>
      <object_component id="oc-436">
         <name>.debug_info</name>
         <load_address>0x128a0</load_address>
         <run_address>0x128a0</run_address>
         <size>0xb6</size>
         <input_file_ref idref="fl-d7"/>
      </object_component>
      <object_component id="oc-3d2">
         <name>.debug_info</name>
         <load_address>0x12956</load_address>
         <run_address>0x12956</run_address>
         <size>0x46</size>
         <input_file_ref idref="fl-d7"/>
      </object_component>
      <object_component id="oc-2c6">
         <name>.debug_info</name>
         <load_address>0x1299c</load_address>
         <run_address>0x1299c</run_address>
         <size>0x46</size>
         <input_file_ref idref="fl-d7"/>
      </object_component>
      <object_component id="oc-311">
         <name>.debug_info</name>
         <load_address>0x129e2</load_address>
         <run_address>0x129e2</run_address>
         <size>0x5ce</size>
         <input_file_ref idref="fl-d8"/>
      </object_component>
      <object_component id="oc-213">
         <name>.debug_info</name>
         <load_address>0x12fb0</load_address>
         <run_address>0x12fb0</run_address>
         <size>0xa45</size>
         <input_file_ref idref="fl-d8"/>
      </object_component>
      <object_component id="oc-313">
         <name>.debug_info</name>
         <load_address>0x139f5</load_address>
         <run_address>0x139f5</run_address>
         <size>0x9a</size>
         <input_file_ref idref="fl-d8"/>
      </object_component>
      <object_component id="oc-392">
         <name>.debug_info</name>
         <load_address>0x13a8f</load_address>
         <run_address>0x13a8f</run_address>
         <size>0x14c</size>
         <input_file_ref idref="fl-d9"/>
      </object_component>
      <object_component id="oc-291">
         <name>.debug_info</name>
         <load_address>0x13bdb</load_address>
         <run_address>0x13bdb</run_address>
         <size>0x128</size>
         <input_file_ref idref="fl-da"/>
      </object_component>
      <object_component id="oc-37c">
         <name>.debug_info</name>
         <load_address>0x13d03</load_address>
         <run_address>0x13d03</run_address>
         <size>0x12a</size>
         <input_file_ref idref="fl-da"/>
      </object_component>
      <object_component id="oc-377">
         <name>.debug_info</name>
         <load_address>0x13e2d</load_address>
         <run_address>0x13e2d</run_address>
         <size>0x13a</size>
         <input_file_ref idref="fl-db"/>
      </object_component>
      <object_component id="oc-372">
         <name>.debug_info</name>
         <load_address>0x13f67</load_address>
         <run_address>0x13f67</run_address>
         <size>0x13a</size>
         <input_file_ref idref="fl-dc"/>
      </object_component>
      <object_component id="oc-381">
         <name>.debug_info</name>
         <load_address>0x140a1</load_address>
         <run_address>0x140a1</run_address>
         <size>0x12e</size>
         <input_file_ref idref="fl-dd"/>
      </object_component>
      <object_component id="oc-2f3">
         <name>.debug_info</name>
         <load_address>0x141cf</load_address>
         <run_address>0x141cf</run_address>
         <size>0x13e</size>
         <input_file_ref idref="fl-de"/>
      </object_component>
      <object_component id="oc-38c">
         <name>.debug_info</name>
         <load_address>0x1430d</load_address>
         <run_address>0x1430d</run_address>
         <size>0x12c</size>
         <input_file_ref idref="fl-df"/>
      </object_component>
      <object_component id="oc-a7">
         <name>.debug_info</name>
         <load_address>0x14439</load_address>
         <run_address>0x14439</run_address>
         <size>0x147</size>
         <input_file_ref idref="fl-e0"/>
      </object_component>
      <object_component id="oc-36b">
         <name>.debug_info</name>
         <load_address>0x14580</load_address>
         <run_address>0x14580</run_address>
         <size>0x134</size>
         <input_file_ref idref="fl-e1"/>
      </object_component>
      <object_component id="oc-264">
         <name>.debug_info</name>
         <load_address>0x146b4</load_address>
         <run_address>0x146b4</run_address>
         <size>0x4b3</size>
         <input_file_ref idref="fl-e2"/>
      </object_component>
      <object_component id="oc-177">
         <name>.debug_info</name>
         <load_address>0x14b67</load_address>
         <run_address>0x14b67</run_address>
         <size>0x1a6</size>
         <input_file_ref idref="fl-e2"/>
      </object_component>
      <object_component id="oc-357">
         <name>.debug_info</name>
         <load_address>0x14d0d</load_address>
         <run_address>0x14d0d</run_address>
         <size>0x39</size>
         <input_file_ref idref="fl-e2"/>
      </object_component>
      <object_component id="oc-3fa">
         <name>.debug_info</name>
         <load_address>0x14d46</load_address>
         <run_address>0x14d46</run_address>
         <size>0x39</size>
         <input_file_ref idref="fl-e2"/>
      </object_component>
      <object_component id="oc-35c">
         <name>.debug_info</name>
         <load_address>0x14d7f</load_address>
         <run_address>0x14d7f</run_address>
         <size>0x39</size>
         <input_file_ref idref="fl-e2"/>
      </object_component>
      <object_component id="oc-361">
         <name>.debug_info</name>
         <load_address>0x14db8</load_address>
         <run_address>0x14db8</run_address>
         <size>0xcd</size>
         <input_file_ref idref="fl-e2"/>
      </object_component>
      <object_component id="oc-ad">
         <name>.debug_info</name>
         <load_address>0x14e85</load_address>
         <run_address>0x14e85</run_address>
         <size>0x153</size>
         <input_file_ref idref="fl-e3"/>
      </object_component>
      <object_component id="oc-16b">
         <name>.debug_info</name>
         <load_address>0x14fd8</load_address>
         <run_address>0x14fd8</run_address>
         <size>0x122</size>
         <input_file_ref idref="fl-e5"/>
      </object_component>
      <object_component id="oc-413">
         <name>.debug_info</name>
         <load_address>0x150fa</load_address>
         <run_address>0x150fa</run_address>
         <size>0x29c</size>
         <input_file_ref idref="fl-e7"/>
      </object_component>
      <object_component id="oc-386">
         <name>.debug_info</name>
         <load_address>0x15396</load_address>
         <run_address>0x15396</run_address>
         <size>0x1da</size>
         <input_file_ref idref="fl-e7"/>
      </object_component>
      <object_component id="oc-369">
         <name>.debug_info</name>
         <load_address>0x15570</load_address>
         <run_address>0x15570</run_address>
         <size>0x2b9</size>
         <input_file_ref idref="fl-e9"/>
      </object_component>
      <object_component id="oc-285">
         <name>.debug_info</name>
         <load_address>0x15829</load_address>
         <run_address>0x15829</run_address>
         <size>0x17c</size>
         <input_file_ref idref="fl-e9"/>
      </object_component>
      <object_component id="oc-3be">
         <name>.debug_info</name>
         <load_address>0x159a5</load_address>
         <run_address>0x159a5</run_address>
         <size>0x2a7</size>
         <input_file_ref idref="fl-ea"/>
      </object_component>
      <object_component id="oc-2ae">
         <name>.debug_info</name>
         <load_address>0x15c4c</load_address>
         <run_address>0x15c4c</run_address>
         <size>0x1b8</size>
         <input_file_ref idref="fl-ea"/>
      </object_component>
      <object_component id="oc-3f0">
         <name>.debug_info</name>
         <load_address>0x15e04</load_address>
         <run_address>0x15e04</run_address>
         <size>0x29a</size>
         <input_file_ref idref="fl-eb"/>
      </object_component>
      <object_component id="oc-30a">
         <name>.debug_info</name>
         <load_address>0x1609e</load_address>
         <run_address>0x1609e</run_address>
         <size>0x262</size>
         <input_file_ref idref="fl-eb"/>
      </object_component>
[...]
      <symbol id="sm-351">
         <name>setIpTimeServerAddress</name>
         <value>0x3697</value>
         <object_component_ref idref="oc-fc"/>
      </symbol>
      <symbol id="sm-352">
         <name>ipTimeServerAddress</name>
         <value>0x200011ea</value>
         <object_component_ref idref="oc-207"/>
      </symbol>
      <symbol id="sm-353">
         <name>isIp</name>
         <value>0x33d1</value>
         <object_component_ref idref="oc-fc"/>
      </symbol>
      <symbol id="sm-354">
         <name>setIpMqttBrokerAddress</name>
         <value>0x370b</value>
         <object_component_ref idref="oc-fc"/>
      </symbol>
      <symbol id="sm-355">
         <name>ipSubnetMask</name>
         <value>0x200011e6</value>
         <object_component_ref idref="oc-1fe"/>
      </symbol>
      <symbol id="sm-356">
         <name>getIpTimeServerAddress</name>
         <value>0x36d1</value>
         <object_component_ref idref="oc-fc"/>
      </symbol>
      <symbol id="sm-357">
         <name>sumIpWords</name>
         <value>0x3791</value>
         <object_component_ref idref="oc-fc"/>
      </symbol>
      <symbol id="sm-358">
         <name>getIpMqttBrokerAddress</name>
         <value>0x3749</value>
         <object_component_ref idref="oc-fc"/>
      </symbol>
      <symbol id="sm-359">
         <name>ipGwAddress</name>
         <value>0x200011e2</value>
         <object_component_ref idref="oc-201"/>
      </symbol>
      <symbol id="sm-35a">
         <name>ipDnsAddress</name>
         <value>0x200011de</value>
         <object_component_ref idref="oc-204"/>
      </symbol>
      <symbol id="sm-35b">
         <name>getIpGatewayAddress</name>
         <value>0x35e9</value>
         <object_component_ref idref="oc-fc"/>
      </symbol>
      <symbol id="sm-35c">
         <name>setIpGatewayAddress</name>
         <value>0x35af</value>
         <object_component_ref idref="oc-fc"/>
      </symbol>
      <symbol id="sm-35d">
         <name>isEtherIpValid</name>
         <value>0x34a1</value>
         <object_component_ref idref="oc-fc"/>
      </symbol>
      <symbol id="sm-35e">
         <name>getIpAddress</name>
         <value>0x3501</value>
         <object_component_ref idref="oc-fc"/>
      </symbol>
      <symbol id="sm-35f">
         <name>calcIpChecksum</name>
         <value>0x3837</value>
         <object_component_ref idref="oc-fc"/>
      </symbol>
      <symbol id="sm-360">
         <name>getIpChecksum</name>
         <value>0x3805</value>
         <object_component_ref idref="oc-fc"/>
      </symbol>
      <symbol id="sm-361">
         <name>getIpSubnetMask</name>
         <value>0x3575</value>
         <object_component_ref idref="oc-fc"/>
      </symbol>
      <symbol id="sm-362">
         <name>setIpSubnetMask</name>
         <value>0x353b</value>
         <object_component_ref idref="oc-fc"/>
      </symbol>
      <symbol id="sm-363">
         <name>ipAddress</name>
         <value>0x200011da</value>
         <object_component_ref idref="oc-1fb"/>
      </symbol>
      <symbol id="sm-364">
         <name>isIpUnicast</name>
         <value>0x3441</value>
         <object_component_ref idref="oc-fc"/>
      </symbol>
      <symbol id="sm-365">
         <name>setIpAddress</name>
         <value>0x34c7</value>
         <object_component_ref idref="oc-fc"/>
      </symbol>
      <symbol id="sm-366">
         <name>getIpDnsAddress</name>
         <value>0x365d</value>
         <object_component_ref idref="oc-fc"/>
      </symbol>
      <symbol id="sm-367">
         <name>setIpDnsAddress</name>
         <value>0x3623</value>
         <object_component_ref idref="oc-fc"/>
      </symbol>
      <symbol id="sm-384">
         <name>sendMqttMessage</name>
         <value>0x4183</value>
         <object_component_ref idref="oc-14f"/>
      </symbol>
      <symbol id="sm-385">
         <name>processMqtt</name>
         <value>0x4149</value>
         <object_component_ref idref="oc-14f"/>
      </symbol>
      <symbol id="sm-3a1">
         <name>setSpi0Mode</name>
         <value>0x5787</value>
         <object_component_ref idref="oc-1c8"/>
      </symbol>
      <symbol id="sm-3a2">
         <name>readSpi0Data</name>
         <value>0x57ed</value>
         <object_component_ref idref="oc-1c8"/>
      </symbol>
      <symbol id="sm-3a3">
         <name>writeSpi0Data</name>
         <value>0x57d5</value>
         <object_component_ref idref="oc-1c8"/>
      </symbol>
      <symbol id="sm-3a4">
         <name>initSpi0</name>
         <value>0x56b5</value>
         <object_component_ref idref="oc-1c8"/>
      </symbol>
      <symbol id="sm-3a5">
         <name>setSpi0BaudRate</name>
         <value>0x5751</value>
         <object_component_ref idref="oc-1c8"/>
      </symbol>
      <symbol id="sm-3cb">
         <name>raw</name>
         <value>0x200011c8</value>
      </symbol>
      <symbol id="sm-3cc">
         <name>isTcp</name>
         <value>0x387d</value>
         <object_component_ref idref="oc-140"/>
      </symbol>
      <symbol id="sm-3cd">
         <name>sendTcpMessage</name>
         <value>0x3aab</value>
         <object_component_ref idref="oc-140"/>
      </symbol>
      <symbol id="sm-3ce">
         <name>getTcpMessageSocket</name>
         <value>0x394f</value>
         <object_component_ref idref="oc-140"/>
      </symbol>
      <symbol id="sm-3cf">
         <name>processTcp</name>
         <value>0x39f9</value>
         <object_component_ref idref="oc-140"/>
      </symbol>
      <symbol id="sm-410">
         <name>fn</name>
         <value>0x20001144</value>
      </symbol>
      <symbol id="sm-411">
         <name>period</name>
         <value>0x2000116c</value>
      </symbol>
      <symbol id="sm-412">
         <name>ticks</name>
         <value>0x20001194</value>
      </symbol>
      <symbol id="sm-413">
         <name>reload</name>
         <value>0x200011bc</value>
      </symbol>
      <symbol id="sm-414">
         <name>initTimer</name>
         <value>0x4ba9</value>
         <object_component_ref idref="oc-2d"/>
      </symbol>
      <symbol id="sm-415">
         <name>stopTimer</name>
         <value>0x4d55</value>
         <object_component_ref idref="oc-2d"/>
      </symbol>
      <symbol id="sm-416">
         <name>startOneshotTimer</name>
         <value>0x4c49</value>
         <object_component_ref idref="oc-2d"/>
      </symbol>
      <symbol id="sm-417">
         <name>restartTimer</name>
         <value>0x4dbb</value>
         <object_component_ref idref="oc-2d"/>
      </symbol>
      <symbol id="sm-418">
         <name>random32</name>
         <value>0x4ea3</value>
         <object_component_ref idref="oc-2d"/>
      </symbol>
      <symbol id="sm-419">
         <name>tickIsr</name>
         <value>0x4e29</value>
         <object_component_ref idref="oc-2d"/>
      </symbol>
      <symbol id="sm-41a">
         <name>startPeriodicTimer</name>
         <value>0x4ccf</value>
         <object_component_ref idref="oc-2d"/>
      </symbol>
      <symbol id="sm-436">
         <name>ResetISR</name>
         <value>0x6eef</value>
         <object_component_ref idref="oc-27"/>
      </symbol>
      <symbol id="sm-437">
         <name>g_pfnVectors</name>
         <value>0x0</value>
         <object_component_ref idref="oc-12"/>
      </symbol>
      <symbol id="sm-45a">
         <name>getcUart0</name>
         <value>0x5f3f</value>
         <object_component_ref idref="oc-f0"/>
      </symbol>
      <symbol id="sm-45b">
         <name>kbhitUart0</name>
         <value>0x5f53</value>
         <object_component_ref idref="oc-f0"/>
      </symbol>
      <symbol id="sm-45c">
         <name>setUart0BaudRate</name>
         <value>0x5eb3</value>
         <object_component_ref idref="oc-f0"/>
      </symbol>
      <symbol id="sm-45d">
         <name>putsUart0</name>
         <value>0x5f13</value>
         <object_component_ref idref="oc-f0"/>
      </symbol>
      <symbol id="sm-45e">
         <name>initUart0</name>
         <value>0x5e69</value>
         <object_component_ref idref="oc-f0"/>
      </symbol>
      <symbol id="sm-45f">
         <name>putcUart0</name>
         <value>0x5ef7</value>
         <object_component_ref idref="oc-f0"/>
      </symbol>
      <symbol id="sm-47e">
         <name>sendUdpMessage</name>
         <value>0x4643</value>
         <object_component_ref idref="oc-15b"/>
      </symbol>
      <symbol id="sm-47f">
         <name>getUdpData</name>
         <value>0x456d</value>
         <object_component_ref idref="oc-15b"/>
      </symbol>
      <symbol id="sm-480">
         <name>getUdpMessageSocket</name>
         <value>0x4599</value>
         <object_component_ref idref="oc-15b"/>
      </symbol>
      <symbol id="sm-481">
         <name>isUdp</name>
         <value>0x44c5</value>
         <object_component_ref idref="oc-15b"/>
      </symbol>
      <symbol id="sm-48f">
         <name>waitMicrosecond</name>
         <value>0x6d89</value>
         <object_component_ref idref="oc-134"/>
      </symbol>
      <symbol id="sm-4be">
         <name>snprintf</name>
         <value>0x6b19</value>
         <object_component_ref idref="oc-f6"/>
      </symbol>
      <symbol id="sm-4f5">
         <name>sscanf</name>
         <value>0x6c71</value>
         <object_component_ref idref="oc-10e"/>
      </symbol>
      <symbol id="sm-510">
         <name>memcpy</name>
         <value>0x6483</value>
         <object_component_ref idref="oc-41"/>
      </symbol>
      <symbol id="sm-511">
         <name>__aeabi_memcpy</name>
         <value>0x6483</value>
         <object_component_ref idref="oc-41"/>
      </symbol>
      <symbol id="sm-512">
         <name>__aeabi_memcpy8</name>
         <value>0x6483</value>
         <object_component_ref idref="oc-41"/>
      </symbol>
      <symbol id="sm-513">
         <name>__aeabi_memcpy4</name>
         <value>0x6483</value>
         <object_component_ref idref="oc-41"/>
      </symbol>
      <symbol id="sm-52c">
         <name>__TI_zero_init_nomemset</name>
         <value>0x6dad</value>
         <object_component_ref idref="oc-4d"/>
      </symbol>
      <symbol id="sm-543">
         <name>__TI_decompress_none</name>
         <value>0x6ee1</value>
         <object_component_ref idref="oc-1b"/>
      </symbol>
      <symbol id="sm-566">
         <name>__TI_decompress_lzss</name>
         <value>0x6905</value>
         <object_component_ref idref="oc-15"/>
      </symbol>
      <symbol id="sm-571">
         <name>_ctypes_</name>
         <value>0x6f18</value>
         <object_component_ref idref="oc-20d"/>
      </symbol>
      <symbol id="sm-580">
         <name>strcmp</name>
         <value>0x6e2f</value>
         <object_component_ref idref="oc-11a"/>
      </symbol>
      <symbol id="sm-58e">
         <name>strcpy</name>
         <value>0x6e75</value>
         <object_component_ref idref="oc-120"/>
      </symbol>
      <symbol id="sm-59c">
         <name>strlen</name>
         <value>0x6e89</value>
         <object_component_ref idref="oc-126"/>
      </symbol>
      <symbol id="sm-5b4">
         <name>strtok</name>
         <value>0x6bf1</value>
         <object_component_ref idref="oc-114"/>
      </symbol>
      <symbol id="sm-5c3">
         <name>tolower</name>
         <value>0x6ed1</value>
         <object_component_ref idref="oc-108"/>
      </symbol>
      <symbol id="sm-5d6">
         <name>__stack</name>
         <value>0x20000000</value>
         <object_component_ref idref="oc-24"/>
      </symbol>
      <symbol id="sm-5d7">
         <name>_c_int00_noargs</name>
         <value>0x6ca9</value>
         <object_component_ref idref="oc-5f"/>
      </symbol>
      <symbol id="sm-73c">
         <name>__TI_printfi</name>
         <value>0x1a41</value>
         <object_component_ref idref="oc-1d8"/>
      </symbol>
      <symbol id="sm-7f2">
         <name>__TI_scanfi</name>
         <value>0xf2d</value>
         <object_component_ref idref="oc-212"/>
      </symbol>
      <symbol id="sm-809">
         <name>__aeabi_dsub</name>
         <value>0x54fd</value>
         <object_component_ref idref="oc-390"/>
      </symbol>
      <symbol id="sm-80a">
         <name>__aeabi_dadd</name>
         <value>0x5507</value>
         <object_component_ref idref="oc-390"/>
      </symbol>
      <symbol id="sm-82c">
         <name>__aeabi_cdcmpeq</name>
         <value>0x65b5</value>
         <object_component_ref idref="oc-290"/>
      </symbol>
      <symbol id="sm-82d">
         <name>__aeabi_cdcmple</name>
         <value>0x65b5</value>
         <object_component_ref idref="oc-290"/>
      </symbol>
      <symbol id="sm-82e">
         <name>__aeabi_cdrcmple</name>
         <value>0x663b</value>
         <object_component_ref idref="oc-37b"/>
      </symbol>
      <symbol id="sm-842">
         <name>__aeabi_ddiv</name>
         <value>0x5c01</value>
         <object_component_ref idref="oc-376"/>
      </symbol>
      <symbol id="sm-84d">
         <name>__aeabi_dmul</name>
         <value>0x62d5</value>
         <object_component_ref idref="oc-371"/>
      </symbol>
      <symbol id="sm-857">
         <name>__aeabi_d2iz</name>
         <value>0x6b65</value>
         <object_component_ref idref="oc-380"/>
      </symbol>
      <symbol id="sm-863">
         <name>__aeabi_d2f</name>
         <value>0x682d</value>
         <object_component_ref idref="oc-2f2"/>
      </symbol>
      <symbol id="sm-86d">
         <name>__aeabi_i2d</name>
         <value>0x6d0d</value>
         <object_component_ref idref="oc-38b"/>
      </symbol>
      <symbol id="sm-87c">
         <name>__aeabi_memset</name>
         <value>0x6747</value>
         <object_component_ref idref="oc-a6"/>
      </symbol>
      <symbol id="sm-87d">
         <name>memset</name>
         <value>0x674d</value>
         <object_component_ref idref="oc-a6"/>
      </symbol>
      <symbol id="sm-87e">
         <name>__aeabi_memset8</name>
         <value>0x6747</value>
         <object_component_ref idref="oc-a6"/>
      </symbol>
      <symbol id="sm-87f">
         <name>__aeabi_memset4</name>
         <value>0x6747</value>
         <object_component_ref idref="oc-a6"/>
      </symbol>
      <symbol id="sm-880">
         <name>__aeabi_memclr8</name>
         <value>0x6745</value>
         <object_component_ref idref="oc-a6"/>
      </symbol>
      <symbol id="sm-881">
         <name>__aeabi_memclr4</name>
         <value>0x6745</value>
         <object_component_ref idref="oc-a6"/>
      </symbol>
      <symbol id="sm-882">
         <name>__aeabi_memclr</name>
         <value>0x6745</value>
         <object_component_ref idref="oc-a6"/>
      </symbol>
      <symbol id="sm-88f">
         <name>__aeabi_uldivmod</name>
         <value>0x651f</value>
         <object_component_ref idref="oc-36a"/>
      </symbol>
      <symbol id="sm-8b7">
         <name>__TI_auto_init_nobinit_nopinit</name>
         <value>0x6bad</value>
         <object_component_ref idref="oc-176"/>
      </symbol>
      <symbol id="sm-8c1">
         <name>_system_pre_init</name>
         <value>0x6f0d</value>
         <object_component_ref idref="oc-ac"/>
      </symbol>
      <symbol id="sm-8cd">
         <name>C$$EXIT</name>
         <value>0x6f11</value>
         <object_component_ref idref="oc-16a"/>
      </symbol>
      <symbol id="sm-8ce">
         <name>abort</name>
         <value>0x6f11</value>
         <object_component_ref idref="oc-16a"/>
      </symbol>
      <symbol id="sm-8de">
         <name>__TI_ltoa</name>
         <value>0x6a27</value>
         <object_component_ref idref="oc-385"/>
      </symbol>
      <symbol id="sm-8f5">
         <name>atoi</name>
         <value>0x6acd</value>
         <object_component_ref idref="oc-284"/>
      </symbol>
      <symbol id="sm-905">
         <name>memccpy</name>
         <value>0x6dc9</value>
         <object_component_ref idref="oc-2ad"/>
      </symbol>
      <symbol id="sm-915">
         <name>strchr</name>
         <value>0x6e5f</value>
         <object_component_ref idref="oc-309"/>
      </symbol>
      <symbol id="sm-926">
         <name>strcspn</name>
         <value>0x6d65</value>
         <object_component_ref idref="oc-232"/>
      </symbol>
      <symbol id="sm-935">
         <name>strrchr</name>
         <value>0x6e47</value>
         <object_component_ref idref="oc-303"/>
      </symbol>
      <symbol id="sm-947">
         <name>strspn</name>
         <value>0x6d3b</value>
         <object_component_ref idref="oc-22c"/>
      </symbol>
      <symbol id="sm-9a7">
         <name>strtold</name>
         <value>0x3ce9</value>
         <object_component_ref idref="oc-2ec"/>
      </symbol>
      <symbol id="sm-9a8">
         <name>strtod</name>
         <value>0x3ce9</value>
         <object_component_ref idref="oc-2ec"/>
      </symbol>
      <symbol id="sm-9cc">
         <name>strtol</name>
         <value>0x5d39</value>
         <object_component_ref idref="oc-2f7"/>
      </symbol>
      <symbol id="sm-9f2">
         <name>strtoll</name>
         <value>0x5151</value>
         <object_component_ref idref="oc-2fd"/>
      </symbol>
      <symbol id="sm-a12">
         <name>strtoul</name>
         <value>0x61c5</value>
         <object_component_ref idref="oc-2e6"/>
      </symbol>
      <symbol id="sm-a35">
         <name>strtoull</name>
         <value>0x5815</value>
         <object_component_ref idref="oc-2e0"/>
      </symbol>
      <symbol id="sm-a4b">
         <name>__aeabi_errno_addr</name>
         <value>0x6efd</value>
         <object_component_ref idref="oc-2b9"/>
      </symbol>
      <symbol id="sm-a4c">
         <name>errno</name>
         <value>0x200011f0</value>
         <object_component_ref idref="oc-3c6"/>
      </symbol>
      <symbol id="sm-a65">
         <name>wcslen</name>
         <value>0x6eaf</value>
         <object_component_ref idref="oc-2b3"/>
      </symbol>
      <symbol id="sm-a85">
         <name>frexpl</name>
         <value>0x696d</value>
         <object_component_ref idref="oc-3b0"/>
      </symbol>
      <symbol id="sm-a86">
         <name>frexp</name>
         <value>0x696d</value>
         <object_component_ref idref="oc-3b0"/>
      </symbol>
      <symbol id="sm-aa3">
         <name>scalbn</name>
         <value>0x60b5</value>
         <object_component_ref idref="oc-3b6"/>
      </symbol>
      <symbol id="sm-aa4">
         <name>scalbnl</name>
         <value>0x60b5</value>
         <object_component_ref idref="oc-3b6"/>
      </symbol>
      <symbol id="sm-aa5">
         <name>ldexpl</name>
         <value>0x60b5</value>
         <object_component_ref idref="oc-3b6"/>
      </symbol>
      <symbol id="sm-aa6">
         <name>ldexp</name>
         <value>0x60b5</value>
         <object_component_ref idref="oc-3b6"/>
      </symbol>
      <symbol id="sm-ab0">
         <name>__aeabi_idiv0</name>
         <value>0x248f</value>
         <object_component_ref idref="oc-408"/>
      </symbol>
      <symbol id="sm-ab1">
         <name>__aeabi_ldiv0</name>
         <value>0x248f</value>
         <object_component_ref idref="oc-408"/>
      </symbol>
      <symbol id="sm-aba">
         <name>__aeabi_lmul</name>
         <value>0x6e17</value>
         <object_component_ref idref="oc-3d9"/>
      </symbol>
      <symbol id="sm-ac4">
         <name>copysign</name>
         <value>0x6de5</value>
         <object_component_ref idref="oc-421"/>
      </symbol>
      <symbol id="sm-ac5">
         <name>copysignl</name>
         <value>0x6de5</value>
         <object_component_ref idref="oc-421"/>
      </symbol>
      <symbol id="sm-ac6">
         <name>__TI_static_base__</name>
         <value>0x0</value>
      </symbol>
      <symbol id="sm-ac9">
         <name>__mpu_init</name>
         <value>0x0</value>
      </symbol>
      <symbol id="sm-aca">
         <name>_system_post_cinit</name>
         <value>0x0</value>
      </symbol>
   </symbol_table>
   <title>Link successful</title>
</link_info>
