******************************************************************************
                  TI ARM Linker Unix v20.2.7                   
******************************************************************************
>> Linked Sun Mar 19 09:09:39 2023

OUTPUT FILE NAME:   <IotProject1.out>
ENTRY POINT SYMBOL: "_c_int00_noargs"  address: 00006c99


MEMORY CONFIGURATION

         name            origin    length      used     unused   attr    fill
----------------------  --------  ---------  --------  --------  ----  --------
  FLASH                 00000000   00040000  00007134  00038ecc  R  X
  SRAM                  20000000   00008000  000011fb  00006e05  RW X


SEGMENT ALLOCATION MAP

run origin  load origin   length   init length attrs members
----------  ----------- ---------- ----------- ----- -------
00000000    00000000    00007138   00007138    r-x
  00000000    00000000    0000026c   0000026c    r-- .intvecs
  0000026c    0000026c    00006c98   00006c98    r-x .text
  00006f08    00006f08    000001f8   000001f8    r-- .const
  00007100    00007100    00000038   00000038    r-- .cinit
20000000    20000000    000011fb   00000000    rw-
  20000000    20000000    00001000   00000000    rw- .stack
  20001000    20001000    000001d0   00000000    rw- .bss
  200011d0    200011d0    0000002b   00000000    rw- .data


SECTION ALLOCATION MAP

 output                                  attributes/
section   page    origin      length       input sections
--------  ----  ----------  ----------   ----------------
.intvecs   0    00000000    0000026c     
                  00000000    0000026c     tm4c123gh6pm_startup_ccs.obj (.intvecs)

.text      0    0000026c    00006c98     
                  0000026c    00000cb0     ethernet.obj (.text)
                  00000f1c    00000b14     rtsv7M4_T_le_v4SPD16_eabi.lib : _scanfi.c.obj (.text:__TI_scanfi)
                  00001a30    00000a4e                                   : _printfi.c.obj (.text:__TI_printfi)
                  0000247e    00000002                                   : div0.asm.obj (.text)
                  00002480    00000808     gpio.obj (.text)
                  00002c88    00000738     eth0.obj (.text)
                  000033c0    000004ac     ip.obj (.text)
                  0000386c    0000046c     tcp.obj (.text)
                  00003cd8    00000460     rtsv7M4_T_le_v4SPD16_eabi.lib : strtod.c.obj (.text:strtod)
                  00004138    0000037c     mqtt.obj (.text)
                  000044b4    00000378     udp.obj (.text)
                  0000482c    0000036c     arp.obj (.text)
                  00004b98    00000338     timer.obj (.text)
                  00004ed0    00000270     rtsv7M4_T_le_v4SPD16_eabi.lib : _printfi.c.obj (.text:_pconv_a)
                  00005140    000001dc                                   : strtoll.c.obj (.text:strtoll)
                  0000531c    000001d0                                   : _printfi.c.obj (.text:_pconv_g)
                  000054ec    000001b6                                   : fd_add_t2.asm.obj (.text)
                  000056a2    00000002     --HOLE-- [fill = 0]
                  000056a4    00000160     spi0.obj (.text)
                  00005804    0000015c     rtsv7M4_T_le_v4SPD16_eabi.lib : strtoull.c.obj (.text:strtoull)
                  00005960    00000154     icmp.obj (.text)
                  00005ab4    0000013c     rtsv7M4_T_le_v4SPD16_eabi.lib : _printfi.c.obj (.text:_pconv_e)
                  00005bf0    00000136                                   : fd_div_t2.asm.obj (.text)
                  00005d26    00000002     --HOLE-- [fill = 0]
                  00005d28    00000130                                   : strtol.c.obj (.text:strtol)
                  00005e58    00000128     uart0.obj (.text)
                  00005f80    00000124     rtsv7M4_T_le_v4SPD16_eabi.lib : _printfi.c.obj (.text:fcvt)
                  000060a4    00000110                                   : s_scalbn.c.obj (.text:scalbn)
                  000061b4    00000110                                   : strtoul.c.obj (.text:strtoul)
                  000062c4    000000fc                                   : fd_mul_t2.asm.obj (.text)
                  000063c0    000000b1                                   : _printfi.c.obj (.text:_ltostr)
                  00006471    00000001     --HOLE-- [fill = 0]
                  00006472    0000009c                                   : memcpy_t2.asm.obj (.text)
                  0000650e    00000096                                   : ull_div_t2.asm.obj (.text)
                  000065a4    00000086                                   : fd_cmp_t2.asm.obj (.text:__aeabi_cdcmple)
                  0000662a    00000086                                   : fd_cmp_t2.asm.obj (.text:__aeabi_cdrcmple)
                  000066b0    00000084     eeprom.obj (.text)
                  00006734    0000007a     rtsv7M4_T_le_v4SPD16_eabi.lib : memset_t2.asm.obj (.text)
                  000067ae    0000006e                                   : _printfi.c.obj (.text:_mcpy)
                  0000681c    0000006e                                   : fd_tos_t2.asm.obj (.text)
                  0000688a    00000002     --HOLE-- [fill = 0]
                  0000688c    00000068                                   : sscanf.c.obj (.text:_chkmbc)
                  000068f4    00000068                                   : copy_decompress_lzss.c.obj (.text:decompress:lzss:__TI_decompress_lzss)
                  0000695c    00000064                                   : s_frexp.c.obj (.text:frexp)
                  000069c0    00000056                                   : _printfi.c.obj (.text:_pconv_f)
                  00006a16    00000054                                   : _ltoa.c.obj (.text:__TI_ltoa)
                  00006a6a    00000052                                   : _printfi.c.obj (.text:_ecpy)
                  00006abc    0000004c                                   : atoi.c.obj (.text:atoi)
                  00006b08    0000004c                                   : snprintf.c.obj (.text:snprintf)
                  00006b54    00000048                                   : fd_toi_t2.asm.obj (.text)
                  00006b9c    00000044                                   : autoinit.c.obj (.text:__TI_auto_init_nobinit_nopinit:__TI_auto_init_nobinit_nopinit)
                  00006be0    00000040                                   : strtok.c.obj (.text:strtok)
                  00006c20    0000003e                                   : _printfi.c.obj (.text:_fcpy)
                  00006c5e    00000002     --HOLE-- [fill = 0]
                  00006c60    00000038                                   : sscanf.c.obj (.text:sscanf)
                  00006c98    00000034                                   : boot_cortex_m.c.obj (.text:_c_int00_noargs:_c_int00_noargs)
                  00006ccc    00000030                                   : snprintf.c.obj (.text:_outs)
                  00006cfc    0000002e                                   : i_tofd_t2.asm.obj (.text)
                  00006d2a    0000002a                                   : strspn.c.obj (.text:strspn)
                  00006d54    00000024                                   : strcspn.c.obj (.text:strcspn)
                  00006d78    00000024     wait.obj (.text)
                  00006d9c    0000001c     rtsv7M4_T_le_v4SPD16_eabi.lib : copy_zero_init.c.obj (.text:decompress:ZI:__TI_zero_init_nomemset:__TI_zero_init_nomemset)
                  00006db8    0000001c                                   : memccpy.c.obj (.text:memccpy)
                  00006dd4    0000001a                                   : s_copysign.c.obj (.text:copysign)
                  00006dee    00000018                                   : snprintf.c.obj (.text:_outc)
                  00006e06    00000018                                   : ll_mul_t2.asm.obj (.text)
                  00006e1e    00000018                                   : strcmp.c.obj (.text:strcmp)
                  00006e36    00000018                                   : strrchr.c.obj (.text:strrchr)
                  00006e4e    00000016                                   : strchr.c.obj (.text:strchr)
                  00006e64    00000014                                   : strcpy.c.obj (.text:strcpy)
                  00006e78    00000014                                   : strlen.c.obj (.text:strlen)
                  00006e8c    00000012                                   : sscanf.c.obj (.text:_inpchar)
                  00006e9e    00000012                                   : wcslen.c.obj (.text:wcslen)
                  00006eb0    00000010     clock.obj (.text)
                  00006ec0    00000010     rtsv7M4_T_le_v4SPD16_eabi.lib : tolower.c.obj (.text:tolower)
                  00006ed0    0000000e                                   : copy_decompress_none.c.obj (.text:decompress:none:__TI_decompress_none)
                  00006ede    0000000c     tm4c123gh6pm_startup_ccs.obj (.text)
                  00006eea    00000002     --HOLE-- [fill = 0]
                  00006eec    00000008     rtsv7M4_T_le_v4SPD16_eabi.lib : errno.c.obj (.text:__aeabi_errno_addr)
                  00006ef4    00000008                                   : sscanf.c.obj (.text:_uninpchar)
                  00006efc    00000004                                   : pre_init.c.obj (.text:_system_pre_init)
                  00006f00    00000004                                   : exit.c.obj (.text:abort:abort)

.const     0    00006f08    000001f8     
                  00006f08    00000101     rtsv7M4_T_le_v4SPD16_eabi.lib : ctype.c.obj (.const:.string:_ctypes_)
                  00007009    00000004     ethernet.obj (.const:.string:$P$T0$1)
                  0000700d    00000003     --HOLE-- [fill = 0]
                  00007010    000000c8     rtsv7M4_T_le_v4SPD16_eabi.lib : strtod.c.obj (.const:$O1$$)
                  000070d8    00000011     ethernet.obj (.const:.string:$P$T2$3)
                  000070e9    00000003     --HOLE-- [fill = 0]
                  000070ec    00000010     rtsv7M4_T_le_v4SPD16_eabi.lib : _scanfi.c.obj (.const:$O1$$)
                  000070fc    00000004     ethernet.obj (.const:.string:$P$T1$2)

.cinit     0    00007100    00000038     
                  00007100    00000010     (.cinit..data.load) [load image, compression = lzss]
                  00007110    0000000c     (__TI_handler_table)
                  0000711c    00000004     --HOLE-- [fill = 0]
                  00007120    00000008     (.cinit..bss.load) [load image, compression = zero_init]
                  00007128    00000010     (__TI_cinit_table)

.init_array 
*          0    00000000    00000000     UNINITIALIZED

.bss       0    20001000    000001d0     UNINITIALIZED
                  20001000    00000054     (.common:strInput)
                  20001054    00000050     (.common:token1)
                  200010a4    00000050     (.common:token2)
                  200010f4    00000050     (.common:token3)
                  20001144    00000028     (.common:fn)
                  2000116c    00000028     (.common:period)
                  20001194    00000028     (.common:ticks)
                  200011bc    0000000c     (.common:reload)
                  200011c8    00000004     (.common:raw)
                  200011cc    00000004     (.common:token)

.data      0    200011d0    0000002b     UNINITIALIZED
                  200011d0    00000006     eth0.obj (.data:hwAddress)
                  200011d6    00000004     ethernet.obj (.data)
                  200011da    00000004     ip.obj (.data:ipAddress)
                  200011de    00000004     ip.obj (.data:ipDnsAddress)
                  200011e2    00000004     ip.obj (.data:ipGwAddress)
                  200011e6    00000004     ip.obj (.data:ipSubnetMask)
                  200011ea    00000004     ip.obj (.data:ipTimeServerAddress)
                  200011ee    00000002     --HOLE--
                  200011f0    00000004     rtsv7M4_T_le_v4SPD16_eabi.lib : errno.c.obj (.data)
                  200011f4    00000004                                   : strtok.c.obj (.data)
                  200011f8    00000003     eth0.obj (.data)

.stack     0    20000000    00001000     UNINITIALIZED
                  20000000    00000004     rtsv7M4_T_le_v4SPD16_eabi.lib : boot_cortex_m.c.obj (.stack)
                  20000004    00000ffc     --HOLE--

__llvm_prf_cnts 
*          0    20000000    00000000     UNINITIALIZED

MODULE SUMMARY

       Module                         code    ro data   rw data
       ------                         ----    -------   -------
    ./
       ethernet.obj                   3248    25        332    
       gpio.obj                       2056    0         0      
       eth0.obj                       1848    0         9      
       ip.obj                         1196    0         20     
       tcp.obj                        1132    0         4      
       timer.obj                      824     0         132    
       mqtt.obj                       892     0         0      
       udp.obj                        888     0         0      
       arp.obj                        876     0         0      
       tm4c123gh6pm_startup_ccs.obj   12      620       0      
       spi0.obj                       352     0         0      
       icmp.obj                       340     0         0      
       uart0.obj                      296     0         0      
       eeprom.obj                     132     0         0      
       wait.obj                       36      0         0      
       clock.obj                      16      0         0      
    +--+------------------------------+-------+---------+---------+
       Total:                         14144   645       497    
                                                               
    /home/swr5250/ti/ccs1220/ccs/tools/compiler/ti-cgt-arm_20.2.7.LTS/lib/rtsv7M4_T_le_v4SPD16_eabi.lib
       _printfi.c.obj                 4851    0         0      
       _scanfi.c.obj                  2836    16        0      
       strtod.c.obj                   1120    200       0      
       strtoll.c.obj                  476     0         0      
       fd_add_t2.asm.obj              438     0         0      
       strtoull.c.obj                 348     0         0      
       fd_div_t2.asm.obj              310     0         0      
       strtol.c.obj                   304     0         0      
       s_scalbn.c.obj                 272     0         0      
       strtoul.c.obj                  272     0         0      
       fd_cmp_t2.asm.obj              268     0         0      
       ctype.c.obj                    0       257       0      
       fd_mul_t2.asm.obj              252     0         0      
       sscanf.c.obj                   186     0         0      
       memcpy_t2.asm.obj              156     0         0      
       ull_div_t2.asm.obj             150     0         0      
       snprintf.c.obj                 148     0         0      
       memset_t2.asm.obj              122     0         0      
       fd_tos_t2.asm.obj              110     0         0      
       copy_decompress_lzss.c.obj     104     0         0      
       s_frexp.c.obj                  100     0         0      
       _ltoa.c.obj                    84      0         0      
       atoi.c.obj                     76      0         0      
       fd_toi_t2.asm.obj              72      0         0      
       autoinit.c.obj                 68      0         0      
       strtok.c.obj                   64      0         4      
       boot_cortex_m.c.obj            52      0         0      
       i_tofd_t2.asm.obj              46      0         0      
       strspn.c.obj                   42      0         0      
       strcspn.c.obj                  36      0         0      
       copy_zero_init.c.obj           28      0         0      
       memccpy.c.obj                  28      0         0      
       s_copysign.c.obj               26      0         0      
       ll_mul_t2.asm.obj              24      0         0      
       strcmp.c.obj                   24      0         0      
       strrchr.c.obj                  24      0         0      
       strchr.c.obj                   22      0         0      
       strcpy.c.obj                   20      0         0      
       strlen.c.obj                   20      0         0      
       wcslen.c.obj                   18      0         0      
       tolower.c.obj                  16      0         0      
       copy_decompress_none.c.obj     14      0         0      
       errno.c.obj                    8       0         4      
       exit.c.obj                     4       0         0      
       pre_init.c.obj                 4       0         0      
       div0.asm.obj                   2       0         0      
    +--+------------------------------+-------+---------+---------+
       Total:                         13645   473       8      
                                                               
       Stack:                         0       0         4096   
       Linker Generated:              0       52        0      
    +--+------------------------------+-------+---------+---------+
       Grand Total:                   27789   1170      4601   


LINKER GENERATED COPY TABLES

__TI_cinit_table @ 00007128 records: 2, size/record: 8, table size: 16
	.data: load addr=00007100, load size=00000010 bytes, run addr=200011d0, run size=0000002b bytes, compression=lzss
	.bss: load addr=00007120, load size=00000008 bytes, run addr=20001000, run size=000001d0 bytes, compression=zero_init


LINKER GENERATED HANDLER TABLE

__TI_handler_table @ 00007110 records: 3, size/record: 4, table size: 12
	index: 0, handler: __TI_decompress_lzss
	index: 1, handler: __TI_decompress_none
	index: 2, handler: __TI_zero_init


GLOBAL SYMBOLS: SORTED ALPHABETICALLY BY Name 

address   name                          
-------   ----                          
00006f01  C$$EXIT                       
00006edf  ResetISR                      
20001000  __STACK_END                   
00001000  __STACK_SIZE                  
20000200  __STACK_TOP                   
00007128  __TI_CINIT_Base               
00007138  __TI_CINIT_Limit              
00007110  __TI_Handler_Table_Base       
0000711c  __TI_Handler_Table_Limit      
00006b9d  __TI_auto_init_nobinit_nopinit
000068f5  __TI_decompress_lzss          
00006ed1  __TI_decompress_none          
00006a17  __TI_ltoa                     
ffffffff  __TI_pprof_out_hndl           
00001a31  __TI_printfi                  
ffffffff  __TI_prof_data_size           
ffffffff  __TI_prof_data_start          
00000f1d  __TI_scanfi                   
00000000  __TI_static_base__            
00006d9d  __TI_zero_init_nomemset       
000065a5  __aeabi_cdcmpeq               
000065a5  __aeabi_cdcmple               
0000662b  __aeabi_cdrcmple              
0000681d  __aeabi_d2f                   
00006b55  __aeabi_d2iz                  
000054f7  __aeabi_dadd                  
00005bf1  __aeabi_ddiv                  
000062c5  __aeabi_dmul                  
000054ed  __aeabi_dsub                  
00006eed  __aeabi_errno_addr            
00006cfd  __aeabi_i2d                   
0000247f  __aeabi_idiv0                 
0000247f  __aeabi_ldiv0                 
00006e07  __aeabi_lmul                  
00006735  __aeabi_memclr                
00006735  __aeabi_memclr4               
00006735  __aeabi_memclr8               
00006473  __aeabi_memcpy                
00006473  __aeabi_memcpy4               
00006473  __aeabi_memcpy8               
00006737  __aeabi_memset                
00006737  __aeabi_memset4               
00006737  __aeabi_memset8               
0000650f  __aeabi_uldivmod              
ffffffff  __binit__                     
ffffffff  __c_args__                    
UNDEFED   __mpu_init                    
20000000  __stack                       
20000000  __start___llvm_prf_cnts       
20000000  __stop___llvm_prf_cnts        
00006c99  _c_int00_noargs               
00006f08  _ctypes_                      
UNDEFED   _system_post_cinit            
00006efd  _system_pre_init              
00006f01  abort                         
000005ed  asciiToUint8                  
00006abd  atoi                          
ffffffff  binit                         
00003827  calcIpChecksum                
00002d47  clearEtherReg                 
00002ad5  clearPinInterrupt             
00006dd5  copysign                      
00006dd5  copysignl                     
200011d9  count                         
00002c9f  disableEtherCs                
00002ab1  disablePinInterrupt           
000027e9  disablePinPulldown            
000027a1  disablePinPullup              
0000253d  disablePort                   
000002a9  displayConnectionInfo         
00002c89  enableEtherCs                 
00002a8d  enablePinInterrupt            
000027c5  enablePinPulldown             
00002773  enablePinPullup               
00002481  enablePort                    
200011f0  errno                         
20001144  fn                            
0000695d  frexp                         
0000695d  frexpl                        
00000000  g_pfnVectors                  
000032c7  getEtherId                    
00003361  getEtherMacAddress            
0000307d  getEtherPacket                
000034f1  getIpAddress                  
000037f5  getIpChecksum                 
0000364d  getIpDnsAddress               
000035d9  getIpGatewayAddress           
00003739  getIpMqttBrokerAddress        
00003565  getIpSubnetMask               
000036c1  getIpTimeServerAddress        
00002b43  getPinValue                   
00002bf9  getPortValue                  
0000393f  getTcpMessageSocket           
0000455d  getUdpData                    
00004589  getUdpMessageSocket           
00005f2f  getcUart0                     
00003253  htonb                         
0000329b  htonl                         
00003277  htons                         
200011d0  hwAddress                     
000032d3  incEtherId                    
000066b1  initEeprom                    
00002e93  initEther                     
0000026d  initHw                        
000056a5  initSpi0                      
00006eb1  initSystemClockTo40Mhz        
00004b99  initTimer                     
00005e59  initUart0                     
200011da  ipAddress                     
200011de  ipDnsAddress                  
200011e2  ipGwAddress                   
200011e6  ipSubnetMask                  
200011ea  ipTimeServerAddress           
0000482d  isArpRequest                  
000048d1  isArpResponse                 
00003033  isEtherDataAvailable          
00003491  isEtherIpValid                
00003019  isEtherLinkUp                 
0000304d  isEtherOverflow               
000033c1  isIp                          
00003431  isIpUnicast                   
00005961  isPingRequest                 
0000386d  isTcp                         
000044b5  isUdp                         
00005f43  kbhitUart0                    
000060a5  ldexp                         
000060a5  ldexpl                        
00000b65  main                          
00006db9  memccpy                       
00006473  memcpy                        
0000673d  memset                        
200011f8  nextPacketLsb                 
200011f9  nextPacketMsb                 
2000116c  period                        
00004925  processArp                    
00004139  processMqtt                   
0000069f  processShell                  
000039e9  processTcp                    
0000316d  putEtherPacket                
00005ee7  putcUart0                     
00005f03  putsUart0                     
00004e93  random32                      
200011c8  raw                           
00000539  readConfiguration             
000066f9  readEeprom                    
00002e7b  readEtherMem                  
00002dcf  readEtherPhy                  
00002ce1  readEtherReg                  
000057dd  readSpi0Data                  
200011bc  reload                        
00004dab  restartTimer                  
000060a5  scalbn                        
000060a5  scalbnl                       
000026a7  selectPinAnalogInput          
00002659  selectPinDigitalInput         
000029c3  selectPinInterruptBothEdges   
00002973  selectPinInterruptFallingEdge 
00002a19  selectPinInterruptHighLevel   
00002a53  selectPinInterruptLowLevel    
00002923  selectPinInterruptRisingEdge  
0000260b  selectPinOpenDrainOutput      
000025bd  selectPinPushPullOutput       
00004a7b  sendArpRequest                
0000499d  sendArpResponse               
200011d7  sendFINACK                    
00004173  sendMqttMessage               
000059a5  sendPingResponse              
200011d6  sendSYN                       
00003a9b  sendTcpMessage                
00004633  sendUdpMessage                
200011fa  sequenceId                    
00002d7b  setEtherBank                  
000032dd  setEtherMacAddress            
00002d13  setEtherReg                   
000034b7  setIpAddress                  
00003613  setIpDnsAddress               
0000359f  setIpGatewayAddress           
000036fb  setIpMqttBrokerAddress        
0000352b  setIpSubnetMask               
00003687  setIpTimeServerAddress        
00002811  setPinAuxFunction             
000026f7  setPinCommitControl           
00002af9  setPinValue                   
00002b81  setPortValue                  
00005741  setSpi0BaudRate               
00005777  setSpi0Mode                   
00005ea3  setUart0BaudRate              
00006b09  snprintf                      
00006c61  sscanf                        
00002e69  startEtherMemRead             
00002e3b  startEtherMemWrite            
00004c39  startOneshotTimer             
00004cbf  startPeriodicTimer            
200011d8  state                         
00002e8b  stopEtherMemRead              
00002e61  stopEtherMemWrite             
00004d45  stopTimer                     
20001000  strInput                      
00006e4f  strchr                        
00006e1f  strcmp                        
00006e65  strcpy                        
00006d55  strcspn                       
00006e79  strlen                        
00006e37  strrchr                       
00006d2b  strspn                        
00003cd9  strtod                        
00006be1  strtok                        
00005d29  strtol                        
00003cd9  strtold                       
00005141  strtoll                       
000061b5  strtoul                       
00005805  strtoull                      
00003781  sumIpWords                    
00004e19  tickIsr                       
20001194  ticks                         
00002b1f  togglePinValue                
200011cc  token                         
20001054  token1                        
200010a4  token2                        
200010f4  token3                        
00006ec1  tolower                       
00006d79  waitMicrosecond               
00006e9f  wcslen                        
000066c7  writeEeprom                   
00002e4d  writeEtherMem                 
00002d97  writeEtherPhy                 
00002cad  writeEtherReg                 
000057c5  writeSpi0Data                 


GLOBAL SYMBOLS: SORTED BY Symbol Address 

address   name                          
-------   ----                          
00000000  __TI_static_base__            
00000000  g_pfnVectors                  
0000026d  initHw                        
000002a9  displayConnectionInfo         
00000539  readConfiguration             
000005ed  asciiToUint8                  
0000069f  processShell                  
00000b65  main                          
00000f1d  __TI_scanfi                   
00001000  __STACK_SIZE                  
00001a31  __TI_printfi                  
0000247f  __aeabi_idiv0                 
0000247f  __aeabi_ldiv0                 
00002481  enablePort                    
0000253d  disablePort                   
000025bd  selectPinPushPullOutput       
0000260b  selectPinOpenDrainOutput      
00002659  selectPinDigitalInput         
000026a7  selectPinAnalogInput          
000026f7  setPinCommitControl           
00002773  enablePinPullup               
000027a1  disablePinPullup              
000027c5  enablePinPulldown             
000027e9  disablePinPulldown            
00002811  setPinAuxFunction             
00002923  selectPinInterruptRisingEdge  
00002973  selectPinInterruptFallingEdge 
000029c3  selectPinInterruptBothEdges   
00002a19  selectPinInterruptHighLevel   
00002a53  selectPinInterruptLowLevel    
00002a8d  enablePinInterrupt            
00002ab1  disablePinInterrupt           
00002ad5  clearPinInterrupt             
00002af9  setPinValue                   
00002b1f  togglePinValue                
00002b43  getPinValue                   
00002b81  setPortValue                  
00002bf9  getPortValue                  
00002c89  enableEtherCs                 
00002c9f  disableEtherCs                
00002cad  writeEtherReg                 
00002ce1  readEtherReg                  
00002d13  setEtherReg                   
00002d47  clearEtherReg                 
00002d7b  setEtherBank                  
00002d97  writeEtherPhy                 
00002dcf  readEtherPhy                  
00002e3b  startEtherMemWrite            
00002e4d  writeEtherMem                 
00002e61  stopEtherMemWrite             
00002e69  startEtherMemRead             
00002e7b  readEtherMem                  
00002e8b  stopEtherMemRead              
00002e93  initEther                     
00003019  isEtherLinkUp                 
00003033  isEtherDataAvailable          
0000304d  isEtherOverflow               
0000307d  getEtherPacket                
0000316d  putEtherPacket                
00003253  htonb                         
00003277  htons                         
0000329b  htonl                         
000032c7  getEtherId                    
000032d3  incEtherId                    
000032dd  setEtherMacAddress            
00003361  getEtherMacAddress            
000033c1  isIp                          
00003431  isIpUnicast                   
00003491  isEtherIpValid                
000034b7  setIpAddress                  
000034f1  getIpAddress                  
0000352b  setIpSubnetMask               
00003565  getIpSubnetMask               
0000359f  setIpGatewayAddress           
000035d9  getIpGatewayAddress           
00003613  setIpDnsAddress               
0000364d  getIpDnsAddress               
00003687  setIpTimeServerAddress        
000036c1  getIpTimeServerAddress        
000036fb  setIpMqttBrokerAddress        
00003739  getIpMqttBrokerAddress        
00003781  sumIpWords                    
000037f5  getIpChecksum                 
00003827  calcIpChecksum                
0000386d  isTcp                         
0000393f  getTcpMessageSocket           
000039e9  processTcp                    
00003a9b  sendTcpMessage                
00003cd9  strtod                        
00003cd9  strtold                       
00004139  processMqtt                   
00004173  sendMqttMessage               
000044b5  isUdp                         
0000455d  getUdpData                    
00004589  getUdpMessageSocket           
00004633  sendUdpMessage                
0000482d  isArpRequest                  
000048d1  isArpResponse                 
00004925  processArp                    
0000499d  sendArpResponse               
00004a7b  sendArpRequest                
00004b99  initTimer                     
00004c39  startOneshotTimer             
00004cbf  startPeriodicTimer            
00004d45  stopTimer                     
00004dab  restartTimer                  
00004e19  tickIsr                       
00004e93  random32                      
00005141  strtoll                       
000054ed  __aeabi_dsub                  
000054f7  __aeabi_dadd                  
000056a5  initSpi0                      
00005741  setSpi0BaudRate               
00005777  setSpi0Mode                   
000057c5  writeSpi0Data                 
000057dd  readSpi0Data                  
00005805  strtoull                      
00005961  isPingRequest                 
000059a5  sendPingResponse              
00005bf1  __aeabi_ddiv                  
00005d29  strtol                        
00005e59  initUart0                     
00005ea3  setUart0BaudRate              
00005ee7  putcUart0                     
00005f03  putsUart0                     
00005f2f  getcUart0                     
00005f43  kbhitUart0                    
000060a5  ldexp                         
000060a5  ldexpl                        
000060a5  scalbn                        
000060a5  scalbnl                       
000061b5  strtoul                       
000062c5  __aeabi_dmul                  
00006473  __aeabi_memcpy                
00006473  __aeabi_memcpy4               
00006473  __aeabi_memcpy8               
00006473  memcpy                        
0000650f  __aeabi_uldivmod              
000065a5  __aeabi_cdcmpeq               
000065a5  __aeabi_cdcmple               
0000662b  __aeabi_cdrcmple              
000066b1  initEeprom                    
000066c7  writeEeprom                   
000066f9  readEeprom                    
00006735  __aeabi_memclr                
00006735  __aeabi_memclr4               
00006735  __aeabi_memclr8               
00006737  __aeabi_memset                
00006737  __aeabi_memset4               
00006737  __aeabi_memset8               
0000673d  memset                        
0000681d  __aeabi_d2f                   
000068f5  __TI_decompress_lzss          
0000695d  frexp                         
0000695d  frexpl                        
00006a17  __TI_ltoa                     
00006abd  atoi                          
00006b09  snprintf                      
00006b55  __aeabi_d2iz                  
00006b9d  __TI_auto_init_nobinit_nopinit
00006be1  strtok                        
00006c61  sscanf                        
00006c99  _c_int00_noargs               
00006cfd  __aeabi_i2d                   
00006d2b  strspn                        
00006d55  strcspn                       
00006d79  waitMicrosecond               
00006d9d  __TI_zero_init_nomemset       
00006db9  memccpy                       
00006dd5  copysign                      
00006dd5  copysignl                     
00006e07  __aeabi_lmul                  
00006e1f  strcmp                        
00006e37  strrchr                       
00006e4f  strchr                        
00006e65  strcpy                        
00006e79  strlen                        
00006e9f  wcslen                        
00006eb1  initSystemClockTo40Mhz        
00006ec1  tolower                       
00006ed1  __TI_decompress_none          
00006edf  ResetISR                      
00006eed  __aeabi_errno_addr            
00006efd  _system_pre_init              
00006f01  C$$EXIT                       
00006f01  abort                         
00006f08  _ctypes_                      
00007110  __TI_Handler_Table_Base       
0000711c  __TI_Handler_Table_Limit      
00007128  __TI_CINIT_Base               
00007138  __TI_CINIT_Limit              
20000000  __stack                       
20000000  __start___llvm_prf_cnts       
20000000  __stop___llvm_prf_cnts        
20000200  __STACK_TOP                   
20001000  __STACK_END                   
20001000  strInput                      
20001054  token1                        
200010a4  token2                        
200010f4  token3                        
20001144  fn                            
2000116c  period                        
20001194  ticks                         
200011bc  reload                        
200011c8  raw                           
200011cc  token                         
200011d0  hwAddress                     
200011d6  sendSYN                       
200011d7  sendFINACK                    
200011d8  state                         
200011d9  count                         
200011da  ipAddress                     
200011de  ipDnsAddress                  
200011e2  ipGwAddress                   
200011e6  ipSubnetMask                  
200011ea  ipTimeServerAddress           
200011f0  errno                         
200011f8  nextPacketLsb                 
200011f9  nextPacketMsb                 
200011fa  sequenceId                    
ffffffff  __TI_pprof_out_hndl           
ffffffff  __TI_prof_data_size           
ffffffff  __TI_prof_data_start          
ffffffff  __binit__                     
ffffffff  __c_args__                    
ffffffff  binit                         
UNDEFED   __mpu_init                    
UNDEFED   _system_post_cinit            

[228 symbols]
