******************************************************************************
                  TI ARM Linker Unix v20.2.7                   
******************************************************************************
>> Linked Sat Mar  4 17:31:03 2023

OUTPUT FILE NAME:   <IotProject1.out>
ENTRY POINT SYMBOL: "_c_int00_noargs"  address: 0000667d


MEMORY CONFIGURATION

         name            origin    length      used     unused   attr    fill
----------------------  --------  ---------  --------  --------  ----  --------
  FLASH                 00000000   00040000  00006b08  000394f8  R  X
  SRAM                  20000000   00008000  00001103  00006efd  RW X


SEGMENT ALLOCATION MAP

run origin  load origin   length   init length attrs members
----------  ----------- ---------- ----------- ----- -------
00000000    00000000    00006b08   00006b08    r-x
  00000000    00000000    0000026c   0000026c    r-- .intvecs
  0000026c    0000026c    0000667c   0000667c    r-x .text
  000068e8    000068e8    000001e8   000001e8    r-- .const
  00006ad0    00006ad0    00000038   00000038    r-- .cinit
20000000    20000000    00001103   00000000    rw-
  20000000    20000000    00001000   00000000    rw- .stack
  20001000    20001000    000000dc   00000000    rw- .bss
  200010dc    200010dc    00000027   00000000    rw- .data


SECTION ALLOCATION MAP

 output                                  attributes/
section   page    origin      length       input sections
--------  ----  ----------  ----------   ----------------
.intvecs   0    00000000    0000026c     
                  00000000    0000026c     tm4c123gh6pm_startup_ccs.obj (.intvecs)

.text      0    0000026c    0000667c     
                  0000026c    00000b14     rtsv7M4_T_le_v4SPD16_eabi.lib : _scanfi.c.obj (.text:__TI_scanfi)
                  00000d80    00000a94     ethernet.obj (.text)
                  00001814    00000a4e     rtsv7M4_T_le_v4SPD16_eabi.lib : _printfi.c.obj (.text:__TI_printfi)
                  00002262    00000002                                   : div0.asm.obj (.text)
                  00002264    00000808     gpio.obj (.text)
                  00002a6c    00000714     eth0.obj (.text)
                  00003180    000004ac     ip.obj (.text)
                  0000362c    00000460     rtsv7M4_T_le_v4SPD16_eabi.lib : strtod.c.obj (.text:strtod)
                  00003a8c    0000040a     tcp.obj (.text)
                  00003e96    00000378     udp.obj (.text)
                  0000420e    0000036c     arp.obj (.text)
                  0000457a    00000002     --HOLE-- [fill = 0]
                  0000457c    00000338     timer.obj (.text)
                  000048b4    00000270     rtsv7M4_T_le_v4SPD16_eabi.lib : _printfi.c.obj (.text:_pconv_a)
                  00004b24    000001dc                                   : strtoll.c.obj (.text:strtoll)
                  00004d00    000001d0                                   : _printfi.c.obj (.text:_pconv_g)
                  00004ed0    000001b6                                   : fd_add_t2.asm.obj (.text)
                  00005086    00000002     --HOLE-- [fill = 0]
                  00005088    00000160     spi0.obj (.text)
                  000051e8    0000015c     rtsv7M4_T_le_v4SPD16_eabi.lib : strtoull.c.obj (.text:strtoull)
                  00005344    00000154     icmp.obj (.text)
                  00005498    0000013c     rtsv7M4_T_le_v4SPD16_eabi.lib : _printfi.c.obj (.text:_pconv_e)
                  000055d4    00000136                                   : fd_div_t2.asm.obj (.text)
                  0000570a    00000002     --HOLE-- [fill = 0]
                  0000570c    00000130                                   : strtol.c.obj (.text:strtol)
                  0000583c    00000128     uart0.obj (.text)
                  00005964    00000124     rtsv7M4_T_le_v4SPD16_eabi.lib : _printfi.c.obj (.text:fcvt)
                  00005a88    00000110                                   : s_scalbn.c.obj (.text:scalbn)
                  00005b98    00000110                                   : strtoul.c.obj (.text:strtoul)
                  00005ca8    000000fc                                   : fd_mul_t2.asm.obj (.text)
                  00005da4    000000b1                                   : _printfi.c.obj (.text:_ltostr)
                  00005e55    00000001     --HOLE-- [fill = 0]
                  00005e56    0000009c                                   : memcpy_t2.asm.obj (.text)
                  00005ef2    00000096                                   : ull_div_t2.asm.obj (.text)
                  00005f88    00000086                                   : fd_cmp_t2.asm.obj (.text:__aeabi_cdcmple)
                  0000600e    00000086                                   : fd_cmp_t2.asm.obj (.text:__aeabi_cdrcmple)
                  00006094    00000084     eeprom.obj (.text)
                  00006118    0000007a     rtsv7M4_T_le_v4SPD16_eabi.lib : memset_t2.asm.obj (.text)
                  00006192    0000006e                                   : _printfi.c.obj (.text:_mcpy)
                  00006200    0000006e                                   : fd_tos_t2.asm.obj (.text)
                  0000626e    00000002     --HOLE-- [fill = 0]
                  00006270    00000068                                   : sscanf.c.obj (.text:_chkmbc)
                  000062d8    00000068                                   : copy_decompress_lzss.c.obj (.text:decompress:lzss:__TI_decompress_lzss)
                  00006340    00000064                                   : s_frexp.c.obj (.text:frexp)
                  000063a4    00000056                                   : _printfi.c.obj (.text:_pconv_f)
                  000063fa    00000054                                   : _ltoa.c.obj (.text:__TI_ltoa)
                  0000644e    00000052                                   : _printfi.c.obj (.text:_ecpy)
                  000064a0    0000004c                                   : atoi.c.obj (.text:atoi)
                  000064ec    0000004c                                   : snprintf.c.obj (.text:snprintf)
                  00006538    00000048                                   : fd_toi_t2.asm.obj (.text)
                  00006580    00000044                                   : autoinit.c.obj (.text:__TI_auto_init_nobinit_nopinit:__TI_auto_init_nobinit_nopinit)
                  000065c4    00000040                                   : strtok.c.obj (.text:strtok)
                  00006604    0000003e                                   : _printfi.c.obj (.text:_fcpy)
                  00006642    00000002     --HOLE-- [fill = 0]
                  00006644    00000038                                   : sscanf.c.obj (.text:sscanf)
                  0000667c    00000034                                   : boot_cortex_m.c.obj (.text:_c_int00_noargs:_c_int00_noargs)
                  000066b0    00000030                                   : snprintf.c.obj (.text:_outs)
                  000066e0    0000002e                                   : i_tofd_t2.asm.obj (.text)
                  0000670e    0000002a                                   : strspn.c.obj (.text:strspn)
                  00006738    00000024                                   : strcspn.c.obj (.text:strcspn)
                  0000675c    00000024     wait.obj (.text)
                  00006780    0000001c     rtsv7M4_T_le_v4SPD16_eabi.lib : copy_zero_init.c.obj (.text:decompress:ZI:__TI_zero_init_nomemset:__TI_zero_init_nomemset)
                  0000679c    0000001c                                   : memccpy.c.obj (.text:memccpy)
                  000067b8    0000001a                                   : s_copysign.c.obj (.text:copysign)
                  000067d2    00000018                                   : snprintf.c.obj (.text:_outc)
                  000067ea    00000018                                   : ll_mul_t2.asm.obj (.text)
                  00006802    00000018                                   : strcmp.c.obj (.text:strcmp)
                  0000681a    00000018                                   : strrchr.c.obj (.text:strrchr)
                  00006832    00000016                                   : strchr.c.obj (.text:strchr)
                  00006848    00000014                                   : strcpy.c.obj (.text:strcpy)
                  0000685c    00000014                                   : strlen.c.obj (.text:strlen)
                  00006870    00000012                                   : sscanf.c.obj (.text:_inpchar)
                  00006882    00000012                                   : wcslen.c.obj (.text:wcslen)
                  00006894    00000010     clock.obj (.text)
                  000068a4    00000010     rtsv7M4_T_le_v4SPD16_eabi.lib : tolower.c.obj (.text:tolower)
                  000068b4    0000000e                                   : copy_decompress_none.c.obj (.text:decompress:none:__TI_decompress_none)
                  000068c2    0000000c     tm4c123gh6pm_startup_ccs.obj (.text)
                  000068ce    00000002     --HOLE-- [fill = 0]
                  000068d0    00000008     rtsv7M4_T_le_v4SPD16_eabi.lib : errno.c.obj (.text:__aeabi_errno_addr)
                  000068d8    00000008                                   : sscanf.c.obj (.text:_uninpchar)
                  000068e0    00000004                                   : pre_init.c.obj (.text:_system_pre_init)
                  000068e4    00000004                                   : exit.c.obj (.text:abort:abort)

.const     0    000068e8    000001e8     
                  000068e8    00000101     rtsv7M4_T_le_v4SPD16_eabi.lib : ctype.c.obj (.const:.string:_ctypes_)
                  000069e9    00000006     ethernet.obj (.const:.string:$P$T2$3)
                  000069ef    00000001     --HOLE-- [fill = 0]
                  000069f0    000000c8     rtsv7M4_T_le_v4SPD16_eabi.lib : strtod.c.obj (.const:$O1$$)
                  00006ab8    00000010                                   : _scanfi.c.obj (.const:$O1$$)
                  00006ac8    00000004     ethernet.obj (.const:.string:$P$T0$1)
                  00006acc    00000004     ethernet.obj (.const:.string:$P$T1$2)

.cinit     0    00006ad0    00000038     
                  00006ad0    00000010     (.cinit..data.load) [load image, compression = lzss]
                  00006ae0    0000000c     (__TI_handler_table)
                  00006aec    00000004     --HOLE-- [fill = 0]
                  00006af0    00000008     (.cinit..bss.load) [load image, compression = zero_init]
                  00006af8    00000010     (__TI_cinit_table)

.init_array 
*          0    00000000    00000000     UNINITIALIZED

.bss       0    20001000    000000dc     UNINITIALIZED
                  20001000    00000054     (.common:strInput)
                  20001054    00000028     (.common:fn)
                  2000107c    00000028     (.common:period)
                  200010a4    00000028     (.common:ticks)
                  200010cc    0000000c     (.common:reload)
                  200010d8    00000004     (.common:token)

.data      0    200010dc    00000027     UNINITIALIZED
                  200010dc    00000006     eth0.obj (.data:hwAddress)
                  200010e2    00000004     ip.obj (.data:ipAddress)
                  200010e6    00000004     ip.obj (.data:ipDnsAddress)
                  200010ea    00000004     ip.obj (.data:ipGwAddress)
                  200010ee    00000004     ip.obj (.data:ipSubnetMask)
                  200010f2    00000004     ip.obj (.data:ipTimeServerAddress)
                  200010f6    00000002     ethernet.obj (.data)
                  200010f8    00000004     rtsv7M4_T_le_v4SPD16_eabi.lib : errno.c.obj (.data)
                  200010fc    00000004                                   : strtok.c.obj (.data)
                  20001100    00000003     eth0.obj (.data)

.stack     0    20000000    00001000     UNINITIALIZED
                  20000000    00000004     rtsv7M4_T_le_v4SPD16_eabi.lib : boot_cortex_m.c.obj (.stack)
                  20000004    00000ffc     --HOLE--

__llvm_prf_cnts 
*          0    20000000    00000000     UNINITIALIZED

MODULE SUMMARY

       Module                         code    ro data   rw data
       ------                         ----    -------   -------
    ./
       ethernet.obj                   2708    14        90     
       gpio.obj                       2056    0         0      
       eth0.obj                       1812    0         9      
       ip.obj                         1196    0         20     
       tcp.obj                        1034    0         0      
       timer.obj                      824     0         132    
       udp.obj                        888     0         0      
       arp.obj                        876     0         0      
       tm4c123gh6pm_startup_ccs.obj   12      620       0      
       spi0.obj                       352     0         0      
       icmp.obj                       340     0         0      
       uart0.obj                      296     0         0      
       eeprom.obj                     132     0         0      
       wait.obj                       36      0         0      
       clock.obj                      16      0         0      
    +--+------------------------------+-------+---------+---------+
       Total:                         12578   634       251    
                                                               
    /home/swr5250/ti/ccs1220/ccs/tools/compiler/ti-cgt-arm_20.2.7.LTS/lib/rtsv7M4_T_le_v4SPD16_eabi.lib
       _printfi.c.obj                 4851    0         0      
       _scanfi.c.obj                  2836    16        0      
       strtod.c.obj                   1120    200       0      
       strtoll.c.obj                  476     0         0      
       fd_add_t2.asm.obj              438     0         0      
       strtoull.c.obj                 348     0         0      
       fd_div_t2.asm.obj              310     0         0      
       strtol.c.obj                   304     0         0      
       s_scalbn.c.obj                 272     0         0      
       strtoul.c.obj                  272     0         0      
       fd_cmp_t2.asm.obj              268     0         0      
       ctype.c.obj                    0       257       0      
       fd_mul_t2.asm.obj              252     0         0      
       sscanf.c.obj                   186     0         0      
       memcpy_t2.asm.obj              156     0         0      
       ull_div_t2.asm.obj             150     0         0      
       snprintf.c.obj                 148     0         0      
       memset_t2.asm.obj              122     0         0      
       fd_tos_t2.asm.obj              110     0         0      
       copy_decompress_lzss.c.obj     104     0         0      
       s_frexp.c.obj                  100     0         0      
       _ltoa.c.obj                    84      0         0      
       atoi.c.obj                     76      0         0      
       fd_toi_t2.asm.obj              72      0         0      
       autoinit.c.obj                 68      0         0      
       strtok.c.obj                   64      0         4      
       boot_cortex_m.c.obj            52      0         0      
       i_tofd_t2.asm.obj              46      0         0      
       strspn.c.obj                   42      0         0      
       strcspn.c.obj                  36      0         0      
       copy_zero_init.c.obj           28      0         0      
       memccpy.c.obj                  28      0         0      
       s_copysign.c.obj               26      0         0      
       ll_mul_t2.asm.obj              24      0         0      
       strcmp.c.obj                   24      0         0      
       strrchr.c.obj                  24      0         0      
       strchr.c.obj                   22      0         0      
       strcpy.c.obj                   20      0         0      
       strlen.c.obj                   20      0         0      
       wcslen.c.obj                   18      0         0      
       tolower.c.obj                  16      0         0      
       copy_decompress_none.c.obj     14      0         0      
       errno.c.obj                    8       0         4      
       exit.c.obj                     4       0         0      
       pre_init.c.obj                 4       0         0      
       div0.asm.obj                   2       0         0      
    +--+------------------------------+-------+---------+---------+
       Total:                         13645   473       8      
                                                               
       Stack:                         0       0         4096   
       Linker Generated:              0       52        0      
    +--+------------------------------+-------+---------+---------+
       Grand Total:                   26223   1159      4355   


LINKER GENERATED COPY TABLES

__TI_cinit_table @ 00006af8 records: 2, size/record: 8, table size: 16
	.data: load addr=00006ad0, load size=00000010 bytes, run addr=200010dc, run size=00000027 bytes, compression=lzss
	.bss: load addr=00006af0, load size=00000008 bytes, run addr=20001000, run size=000000dc bytes, compression=zero_init


LINKER GENERATED HANDLER TABLE

__TI_handler_table @ 00006ae0 records: 3, size/record: 4, table size: 12
	index: 0, handler: __TI_decompress_lzss
	index: 1, handler: __TI_decompress_none
	index: 2, handler: __TI_zero_init


GLOBAL SYMBOLS: SORTED ALPHABETICALLY BY Name 

address   name                          
-------   ----                          
000068e5  C$$EXIT                       
000068c3  ResetISR                      
20001000  __STACK_END                   
00001000  __STACK_SIZE                  
20000200  __STACK_TOP                   
00006af8  __TI_CINIT_Base               
00006b08  __TI_CINIT_Limit              
00006ae0  __TI_Handler_Table_Base       
00006aec  __TI_Handler_Table_Limit      
00006581  __TI_auto_init_nobinit_nopinit
000062d9  __TI_decompress_lzss          
000068b5  __TI_decompress_none          
000063fb  __TI_ltoa                     
ffffffff  __TI_pprof_out_hndl           
00001815  __TI_printfi                  
ffffffff  __TI_prof_data_size           
ffffffff  __TI_prof_data_start          
0000026d  __TI_scanfi                   
00000000  __TI_static_base__            
00006781  __TI_zero_init_nomemset       
00005f89  __aeabi_cdcmpeq               
00005f89  __aeabi_cdcmple               
0000600f  __aeabi_cdrcmple              
00006201  __aeabi_d2f                   
00006539  __aeabi_d2iz                  
00004edb  __aeabi_dadd                  
000055d5  __aeabi_ddiv                  
00005ca9  __aeabi_dmul                  
00004ed1  __aeabi_dsub                  
000068d1  __aeabi_errno_addr            
000066e1  __aeabi_i2d                   
00002263  __aeabi_idiv0                 
00002263  __aeabi_ldiv0                 
000067eb  __aeabi_lmul                  
00006119  __aeabi_memclr                
00006119  __aeabi_memclr4               
00006119  __aeabi_memclr8               
00005e57  __aeabi_memcpy                
00005e57  __aeabi_memcpy4               
00005e57  __aeabi_memcpy8               
0000611b  __aeabi_memset                
0000611b  __aeabi_memset4               
0000611b  __aeabi_memset8               
00005ef3  __aeabi_uldivmod              
ffffffff  __binit__                     
ffffffff  __c_args__                    
UNDEFED   __mpu_init                    
20000000  __stack                       
20000000  __start___llvm_prf_cnts       
20000000  __stop___llvm_prf_cnts        
0000667d  _c_int00_noargs               
000068e8  _ctypes_                      
UNDEFED   _system_post_cinit            
000068e1  _system_pre_init              
000068e5  abort                         
00001101  asciiToUint8                  
000064a1  atoi                          
ffffffff  binit                         
000035e7  calcIpChecksum                
00002b2b  clearEtherReg                 
000028b9  clearPinInterrupt             
000067b9  copysign                      
000067b9  copysignl                     
200010f7  count                         
00002a83  disableEtherCs                
00002895  disablePinInterrupt           
000025cd  disablePinPulldown            
00002585  disablePinPullup              
00002321  disablePort                   
00000dbd  displayConnectionInfo         
00002a6d  enableEtherCs                 
00002871  enablePinInterrupt            
000025a9  enablePinPulldown             
00002557  enablePinPullup               
00002265  enablePort                    
200010f8  errno                         
20001054  fn                            
00006341  frexp                         
00006341  frexpl                        
00000000  g_pfnVectors                  
00003087  getEtherId                    
00003121  getEtherMacAddress            
00002e61  getEtherPacket                
000032b1  getIpAddress                  
000035b5  getIpChecksum                 
0000340d  getIpDnsAddress               
00003399  getIpGatewayAddress           
000034f9  getIpMqttBrokerAddress        
00003325  getIpSubnetMask               
00003481  getIpTimeServerAddress        
00002927  getPinValue                   
000029dd  getPortValue                  
00003b5f  getTcpMessageSocket           
00003f3f  getUdpData                    
00003f6b  getUdpMessageSocket           
00005913  getcUart0                     
0000305b  htonl                         
00003037  htons                         
200010dc  hwAddress                     
00003093  incEtherId                    
00006095  initEeprom                    
00002c77  initEther                     
00000d81  initHw                        
00005089  initSpi0                      
00006895  initSystemClockTo40Mhz        
0000457d  initTimer                     
0000583d  initUart0                     
200010e2  ipAddress                     
200010e6  ipDnsAddress                  
200010ea  ipGwAddress                   
200010ee  ipSubnetMask                  
200010f2  ipTimeServerAddress           
0000420f  isArpRequest                  
000042b3  isArpResponse                 
00002e17  isEtherDataAvailable          
00003251  isEtherIpValid                
00002dfd  isEtherLinkUp                 
00002e31  isEtherOverflow               
00003181  isIp                          
000031f1  isIpUnicast                   
00005345  isPingRequest                 
00003a8d  isTcp                         
00003e97  isUdp                         
00005927  kbhitUart0                    
00005a89  ldexp                         
00005a89  ldexpl                        
0000154b  main                          
0000679d  memccpy                       
00005e57  memcpy                        
00006121  memset                        
20001100  nextPacketLsb                 
20001101  nextPacketMsb                 
2000107c  period                        
00004307  processArp                    
000011b3  processShell                  
00003c09  processTcp                    
00002f51  putEtherPacket                
000058cb  putcUart0                     
000058e7  putsUart0                     
00004877  random32                      
0000104d  readConfiguration             
000060dd  readEeprom                    
00002c5f  readEtherMem                  
00002bb3  readEtherPhy                  
00002ac5  readEtherReg                  
000051c1  readSpi0Data                  
200010cc  reload                        
0000478f  restartTimer                  
00005a89  scalbn                        
00005a89  scalbnl                       
0000248b  selectPinAnalogInput          
0000243d  selectPinDigitalInput         
000027a7  selectPinInterruptBothEdges   
00002757  selectPinInterruptFallingEdge 
000027fd  selectPinInterruptHighLevel   
00002837  selectPinInterruptLowLevel    
00002707  selectPinInterruptRisingEdge  
000023ef  selectPinOpenDrainOutput      
000023a1  selectPinPushPullOutput       
0000445d  sendArpRequest                
0000437f  sendArpResponse               
00005389  sendPingResponse              
200010f6  sendSYN                       
00003c4d  sendTcpMessage                
00004015  sendUdpMessage                
20001102  sequenceId                    
00002b5f  setEtherBank                  
0000309d  setEtherMacAddress            
00002af7  setEtherReg                   
00003277  setIpAddress                  
000033d3  setIpDnsAddress               
0000335f  setIpGatewayAddress           
000034bb  setIpMqttBrokerAddress        
000032eb  setIpSubnetMask               
00003447  setIpTimeServerAddress        
000025f5  setPinAuxFunction             
000024db  setPinCommitControl           
000028dd  setPinValue                   
00002965  setPortValue                  
00005125  setSpi0BaudRate               
0000515b  setSpi0Mode                   
00005887  setUart0BaudRate              
000064ed  snprintf                      
00006645  sscanf                        
00002c4d  startEtherMemRead             
00002c1f  startEtherMemWrite            
0000461d  startOneshotTimer             
000046a3  startPeriodicTimer            
00002c6f  stopEtherMemRead              
00002c45  stopEtherMemWrite             
00004729  stopTimer                     
20001000  strInput                      
00006833  strchr                        
00006803  strcmp                        
00006849  strcpy                        
00006739  strcspn                       
0000685d  strlen                        
0000681b  strrchr                       
0000670f  strspn                        
0000362d  strtod                        
000065c5  strtok                        
0000570d  strtol                        
0000362d  strtold                       
00004b25  strtoll                       
00005b99  strtoul                       
000051e9  strtoull                      
00003541  sumIpWords                    
000047fd  tickIsr                       
200010a4  ticks                         
00002903  togglePinValue                
200010d8  token                         
000068a5  tolower                       
0000675d  waitMicrosecond               
00006883  wcslen                        
000060ab  writeEeprom                   
00002c31  writeEtherMem                 
00002b7b  writeEtherPhy                 
00002a91  writeEtherReg                 
000051a9  writeSpi0Data                 


GLOBAL SYMBOLS: SORTED BY Symbol Address 

address   name                          
-------   ----                          
00000000  __TI_static_base__            
00000000  g_pfnVectors                  
0000026d  __TI_scanfi                   
00000d81  initHw                        
00000dbd  displayConnectionInfo         
00001000  __STACK_SIZE                  
0000104d  readConfiguration             
00001101  asciiToUint8                  
000011b3  processShell                  
0000154b  main                          
00001815  __TI_printfi                  
00002263  __aeabi_idiv0                 
00002263  __aeabi_ldiv0                 
00002265  enablePort                    
00002321  disablePort                   
000023a1  selectPinPushPullOutput       
000023ef  selectPinOpenDrainOutput      
0000243d  selectPinDigitalInput         
0000248b  selectPinAnalogInput          
000024db  setPinCommitControl           
00002557  enablePinPullup               
00002585  disablePinPullup              
000025a9  enablePinPulldown             
000025cd  disablePinPulldown            
000025f5  setPinAuxFunction             
00002707  selectPinInterruptRisingEdge  
00002757  selectPinInterruptFallingEdge 
000027a7  selectPinInterruptBothEdges   
000027fd  selectPinInterruptHighLevel   
00002837  selectPinInterruptLowLevel    
00002871  enablePinInterrupt            
00002895  disablePinInterrupt           
000028b9  clearPinInterrupt             
000028dd  setPinValue                   
00002903  togglePinValue                
00002927  getPinValue                   
00002965  setPortValue                  
000029dd  getPortValue                  
00002a6d  enableEtherCs                 
00002a83  disableEtherCs                
00002a91  writeEtherReg                 
00002ac5  readEtherReg                  
00002af7  setEtherReg                   
00002b2b  clearEtherReg                 
00002b5f  setEtherBank                  
00002b7b  writeEtherPhy                 
00002bb3  readEtherPhy                  
00002c1f  startEtherMemWrite            
00002c31  writeEtherMem                 
00002c45  stopEtherMemWrite             
00002c4d  startEtherMemRead             
00002c5f  readEtherMem                  
00002c6f  stopEtherMemRead              
00002c77  initEther                     
00002dfd  isEtherLinkUp                 
00002e17  isEtherDataAvailable          
00002e31  isEtherOverflow               
00002e61  getEtherPacket                
00002f51  putEtherPacket                
00003037  htons                         
0000305b  htonl                         
00003087  getEtherId                    
00003093  incEtherId                    
0000309d  setEtherMacAddress            
00003121  getEtherMacAddress            
00003181  isIp                          
000031f1  isIpUnicast                   
00003251  isEtherIpValid                
00003277  setIpAddress                  
000032b1  getIpAddress                  
000032eb  setIpSubnetMask               
00003325  getIpSubnetMask               
0000335f  setIpGatewayAddress           
00003399  getIpGatewayAddress           
000033d3  setIpDnsAddress               
0000340d  getIpDnsAddress               
00003447  setIpTimeServerAddress        
00003481  getIpTimeServerAddress        
000034bb  setIpMqttBrokerAddress        
000034f9  getIpMqttBrokerAddress        
00003541  sumIpWords                    
000035b5  getIpChecksum                 
000035e7  calcIpChecksum                
0000362d  strtod                        
0000362d  strtold                       
00003a8d  isTcp                         
00003b5f  getTcpMessageSocket           
00003c09  processTcp                    
00003c4d  sendTcpMessage                
00003e97  isUdp                         
00003f3f  getUdpData                    
00003f6b  getUdpMessageSocket           
00004015  sendUdpMessage                
0000420f  isArpRequest                  
000042b3  isArpResponse                 
00004307  processArp                    
0000437f  sendArpResponse               
0000445d  sendArpRequest                
0000457d  initTimer                     
0000461d  startOneshotTimer             
000046a3  startPeriodicTimer            
00004729  stopTimer                     
0000478f  restartTimer                  
000047fd  tickIsr                       
00004877  random32                      
00004b25  strtoll                       
00004ed1  __aeabi_dsub                  
00004edb  __aeabi_dadd                  
00005089  initSpi0                      
00005125  setSpi0BaudRate               
0000515b  setSpi0Mode                   
000051a9  writeSpi0Data                 
000051c1  readSpi0Data                  
000051e9  strtoull                      
00005345  isPingRequest                 
00005389  sendPingResponse              
000055d5  __aeabi_ddiv                  
0000570d  strtol                        
0000583d  initUart0                     
00005887  setUart0BaudRate              
000058cb  putcUart0                     
000058e7  putsUart0                     
00005913  getcUart0                     
00005927  kbhitUart0                    
00005a89  ldexp                         
00005a89  ldexpl                        
00005a89  scalbn                        
00005a89  scalbnl                       
00005b99  strtoul                       
00005ca9  __aeabi_dmul                  
00005e57  __aeabi_memcpy                
00005e57  __aeabi_memcpy4               
00005e57  __aeabi_memcpy8               
00005e57  memcpy                        
00005ef3  __aeabi_uldivmod              
00005f89  __aeabi_cdcmpeq               
00005f89  __aeabi_cdcmple               
0000600f  __aeabi_cdrcmple              
00006095  initEeprom                    
000060ab  writeEeprom                   
000060dd  readEeprom                    
00006119  __aeabi_memclr                
00006119  __aeabi_memclr4               
00006119  __aeabi_memclr8               
0000611b  __aeabi_memset                
0000611b  __aeabi_memset4               
0000611b  __aeabi_memset8               
00006121  memset                        
00006201  __aeabi_d2f                   
000062d9  __TI_decompress_lzss          
00006341  frexp                         
00006341  frexpl                        
000063fb  __TI_ltoa                     
000064a1  atoi                          
000064ed  snprintf                      
00006539  __aeabi_d2iz                  
00006581  __TI_auto_init_nobinit_nopinit
000065c5  strtok                        
00006645  sscanf                        
0000667d  _c_int00_noargs               
000066e1  __aeabi_i2d                   
0000670f  strspn                        
00006739  strcspn                       
0000675d  waitMicrosecond               
00006781  __TI_zero_init_nomemset       
0000679d  memccpy                       
000067b9  copysign                      
000067b9  copysignl                     
000067eb  __aeabi_lmul                  
00006803  strcmp                        
0000681b  strrchr                       
00006833  strchr                        
00006849  strcpy                        
0000685d  strlen                        
00006883  wcslen                        
00006895  initSystemClockTo40Mhz        
000068a5  tolower                       
000068b5  __TI_decompress_none          
000068c3  ResetISR                      
000068d1  __aeabi_errno_addr            
000068e1  _system_pre_init              
000068e5  C$$EXIT                       
000068e5  abort                         
000068e8  _ctypes_                      
00006ae0  __TI_Handler_Table_Base       
00006aec  __TI_Handler_Table_Limit      
00006af8  __TI_CINIT_Base               
00006b08  __TI_CINIT_Limit              
20000000  __stack                       
20000000  __start___llvm_prf_cnts       
20000000  __stop___llvm_prf_cnts        
20000200  __STACK_TOP                   
20001000  __STACK_END                   
20001000  strInput                      
20001054  fn                            
2000107c  period                        
200010a4  ticks                         
200010cc  reload                        
200010d8  token                         
200010dc  hwAddress                     
200010e2  ipAddress                     
200010e6  ipDnsAddress                  
200010ea  ipGwAddress                   
200010ee  ipSubnetMask                  
200010f2  ipTimeServerAddress           
200010f6  sendSYN                       
200010f7  count                         
200010f8  errno                         
20001100  nextPacketLsb                 
20001101  nextPacketMsb                 
20001102  sequenceId                    
ffffffff  __TI_pprof_out_hndl           
ffffffff  __TI_prof_data_size           
ffffffff  __TI_prof_data_start          
ffffffff  __binit__                     
ffffffff  __c_args__                    
ffffffff  binit                         
UNDEFED   __mpu_init                    
UNDEFED   _system_post_cinit            

[219 symbols]
