******************************************************************************
                  TI ARM Linker Unix v20.2.7                   
******************************************************************************
>> Linked Sat Mar  4 18:55:19 2023

OUTPUT FILE NAME:   <IotProject1.out>
ENTRY POINT SYMBOL: "_c_int00_noargs"  address: 00006705


MEMORY CONFIGURATION

         name            origin    length      used     unused   attr    fill
----------------------  --------  ---------  --------  --------  ----  --------
  FLASH                 00000000   00040000  00006bb0  00039450  R  X
  SRAM                  20000000   00008000  00001103  00006efd  RW X


SEGMENT ALLOCATION MAP

run origin  load origin   length   init length attrs members
----------  ----------- ---------- ----------- ----- -------
00000000    00000000    00006bb0   00006bb0    r-x
  00000000    00000000    0000026c   0000026c    r-- .intvecs
  0000026c    0000026c    00006724   00006724    r-x .text
  00006990    00006990    000001e8   000001e8    r-- .const
  00006b78    00006b78    00000038   00000038    r-- .cinit
20000000    20000000    00001103   00000000    rw-
  20000000    20000000    00001000   00000000    rw- .stack
  20001000    20001000    000000dc   00000000    rw- .bss
  200010dc    200010dc    00000027   00000000    rw- .data


SECTION ALLOCATION MAP

 output                                  attributes/
section   page    origin      length       input sections
--------  ----  ----------  ----------   ----------------
.intvecs   0    00000000    0000026c     
                  00000000    0000026c     tm4c123gh6pm_startup_ccs.obj (.intvecs)

.text      0    0000026c    00006724     
                  0000026c    00000b14     rtsv7M4_T_le_v4SPD16_eabi.lib : _scanfi.c.obj (.text:__TI_scanfi)
                  00000d80    00000ab4     ethernet.obj (.text)
                  00001834    00000a4e     rtsv7M4_T_le_v4SPD16_eabi.lib : _printfi.c.obj (.text:__TI_printfi)
                  00002282    00000002                                   : div0.asm.obj (.text)
                  00002284    00000808     gpio.obj (.text)
                  00002a8c    00000714     eth0.obj (.text)
                  000031a0    000004ac     ip.obj (.text)
                  0000364c    00000460     rtsv7M4_T_le_v4SPD16_eabi.lib : strtod.c.obj (.text:strtod)
                  00003aac    00000434     tcp.obj (.text)
                  00003ee0    00000378     udp.obj (.text)
                  00004258    0000036c     arp.obj (.text)
                  000045c4    00000338     timer.obj (.text)
                  000048fc    00000270     rtsv7M4_T_le_v4SPD16_eabi.lib : _printfi.c.obj (.text:_pconv_a)
                  00004b6c    000001dc                                   : strtoll.c.obj (.text:strtoll)
                  00004d48    000001d0                                   : _printfi.c.obj (.text:_pconv_g)
                  00004f18    000001b6                                   : fd_add_t2.asm.obj (.text)
                  000050ce    00000002     --HOLE-- [fill = 0]
                  000050d0    00000160     spi0.obj (.text)
                  00005230    0000015c     rtsv7M4_T_le_v4SPD16_eabi.lib : strtoull.c.obj (.text:strtoull)
                  0000538c    00000154     icmp.obj (.text)
                  000054e0    0000013c     rtsv7M4_T_le_v4SPD16_eabi.lib : _printfi.c.obj (.text:_pconv_e)
                  0000561c    00000136                                   : fd_div_t2.asm.obj (.text)
                  00005752    00000002     --HOLE-- [fill = 0]
                  00005754    00000130                                   : strtol.c.obj (.text:strtol)
                  00005884    00000128     uart0.obj (.text)
                  000059ac    00000124     rtsv7M4_T_le_v4SPD16_eabi.lib : _printfi.c.obj (.text:fcvt)
                  00005ad0    00000110                                   : s_scalbn.c.obj (.text:scalbn)
                  00005be0    00000110                                   : strtoul.c.obj (.text:strtoul)
                  00005cf0    000000fc                                   : fd_mul_t2.asm.obj (.text)
                  00005dec    000000b1                                   : _printfi.c.obj (.text:_ltostr)
                  00005e9d    00000001     --HOLE-- [fill = 0]
                  00005e9e    0000009c                                   : memcpy_t2.asm.obj (.text)
                  00005f3a    00000096                                   : ull_div_t2.asm.obj (.text)
                  00005fd0    00000086                                   : fd_cmp_t2.asm.obj (.text:__aeabi_cdcmple)
                  00006056    00000086                                   : fd_cmp_t2.asm.obj (.text:__aeabi_cdrcmple)
                  000060dc    00000084     eeprom.obj (.text)
                  00006160    0000007a     rtsv7M4_T_le_v4SPD16_eabi.lib : memset_t2.asm.obj (.text)
                  000061da    0000006e                                   : _printfi.c.obj (.text:_mcpy)
                  00006248    0000006e                                   : fd_tos_t2.asm.obj (.text)
                  000062b6    00000002     --HOLE-- [fill = 0]
                  000062b8    00000068                                   : sscanf.c.obj (.text:_chkmbc)
                  00006320    00000068                                   : copy_decompress_lzss.c.obj (.text:decompress:lzss:__TI_decompress_lzss)
                  00006388    00000064                                   : s_frexp.c.obj (.text:frexp)
                  000063ec    00000056                                   : _printfi.c.obj (.text:_pconv_f)
                  00006442    00000054                                   : _ltoa.c.obj (.text:__TI_ltoa)
                  00006496    00000052                                   : _printfi.c.obj (.text:_ecpy)
                  000064e8    0000004c                                   : atoi.c.obj (.text:atoi)
                  00006534    0000004c                                   : snprintf.c.obj (.text:snprintf)
                  00006580    00000048                                   : fd_toi_t2.asm.obj (.text)
                  000065c8    00000044                                   : autoinit.c.obj (.text:__TI_auto_init_nobinit_nopinit:__TI_auto_init_nobinit_nopinit)
                  0000660c    00000040                                   : sprintf.c.obj (.text:sprintf)
                  0000664c    00000040                                   : strtok.c.obj (.text:strtok)
                  0000668c    0000003e                                   : _printfi.c.obj (.text:_fcpy)
                  000066ca    00000002     --HOLE-- [fill = 0]
                  000066cc    00000038                                   : sscanf.c.obj (.text:sscanf)
                  00006704    00000034                                   : boot_cortex_m.c.obj (.text:_c_int00_noargs:_c_int00_noargs)
                  00006738    00000030                                   : snprintf.c.obj (.text:_outs)
                  00006768    0000002e                                   : i_tofd_t2.asm.obj (.text)
                  00006796    0000002a                                   : strspn.c.obj (.text:strspn)
                  000067c0    00000024                                   : strcspn.c.obj (.text:strcspn)
                  000067e4    00000024     wait.obj (.text)
                  00006808    0000001c     rtsv7M4_T_le_v4SPD16_eabi.lib : copy_zero_init.c.obj (.text:decompress:ZI:__TI_zero_init_nomemset:__TI_zero_init_nomemset)
                  00006824    0000001c                                   : memccpy.c.obj (.text:memccpy)
                  00006840    0000001a                                   : s_copysign.c.obj (.text:copysign)
                  0000685a    00000018                                   : snprintf.c.obj (.text:_outc)
                  00006872    00000018                                   : sprintf.c.obj (.text:_outs)
                  0000688a    00000018                                   : ll_mul_t2.asm.obj (.text)
                  000068a2    00000018                                   : strcmp.c.obj (.text:strcmp)
                  000068ba    00000018                                   : strrchr.c.obj (.text:strrchr)
                  000068d2    00000016                                   : strchr.c.obj (.text:strchr)
                  000068e8    00000014                                   : strcpy.c.obj (.text:strcpy)
                  000068fc    00000014                                   : strlen.c.obj (.text:strlen)
                  00006910    00000012                                   : sscanf.c.obj (.text:_inpchar)
                  00006922    00000012                                   : wcslen.c.obj (.text:wcslen)
                  00006934    00000010     clock.obj (.text)
                  00006944    00000010     rtsv7M4_T_le_v4SPD16_eabi.lib : tolower.c.obj (.text:tolower)
                  00006954    0000000e                                   : copy_decompress_none.c.obj (.text:decompress:none:__TI_decompress_none)
                  00006962    0000000c     tm4c123gh6pm_startup_ccs.obj (.text)
                  0000696e    0000000a     rtsv7M4_T_le_v4SPD16_eabi.lib : sprintf.c.obj (.text:_outc)
                  00006978    00000008                                   : errno.c.obj (.text:__aeabi_errno_addr)
                  00006980    00000008                                   : sscanf.c.obj (.text:_uninpchar)
                  00006988    00000004                                   : pre_init.c.obj (.text:_system_pre_init)
                  0000698c    00000004                                   : exit.c.obj (.text:abort:abort)

.const     0    00006990    000001e8     
                  00006990    00000101     rtsv7M4_T_le_v4SPD16_eabi.lib : ctype.c.obj (.const:.string:_ctypes_)
                  00006a91    00000006     ethernet.obj (.const:.string:$P$T2$3)
                  00006a97    00000001     --HOLE-- [fill = 0]
                  00006a98    000000c8     rtsv7M4_T_le_v4SPD16_eabi.lib : strtod.c.obj (.const:$O1$$)
                  00006b60    00000010                                   : _scanfi.c.obj (.const:$O1$$)
                  00006b70    00000004     ethernet.obj (.const:.string:$P$T0$1)
                  00006b74    00000004     ethernet.obj (.const:.string:$P$T1$2)

.cinit     0    00006b78    00000038     
                  00006b78    00000010     (.cinit..data.load) [load image, compression = lzss]
                  00006b88    0000000c     (__TI_handler_table)
                  00006b94    00000004     --HOLE-- [fill = 0]
                  00006b98    00000008     (.cinit..bss.load) [load image, compression = zero_init]
                  00006ba0    00000010     (__TI_cinit_table)

.init_array 
*          0    00000000    00000000     UNINITIALIZED

.bss       0    20001000    000000dc     UNINITIALIZED
                  20001000    00000054     (.common:strInput)
                  20001054    00000028     (.common:fn)
                  2000107c    00000028     (.common:period)
                  200010a4    00000028     (.common:ticks)
                  200010cc    0000000c     (.common:reload)
                  200010d8    00000004     (.common:token)

.data      0    200010dc    00000027     UNINITIALIZED
                  200010dc    00000006     eth0.obj (.data:hwAddress)
                  200010e2    00000004     ip.obj (.data:ipAddress)
                  200010e6    00000004     ip.obj (.data:ipDnsAddress)
                  200010ea    00000004     ip.obj (.data:ipGwAddress)
                  200010ee    00000004     ip.obj (.data:ipSubnetMask)
                  200010f2    00000004     ip.obj (.data:ipTimeServerAddress)
                  200010f6    00000002     ethernet.obj (.data)
                  200010f8    00000004     rtsv7M4_T_le_v4SPD16_eabi.lib : errno.c.obj (.data)
                  200010fc    00000004                                   : strtok.c.obj (.data)
                  20001100    00000003     eth0.obj (.data)

.stack     0    20000000    00001000     UNINITIALIZED
                  20000000    00000004     rtsv7M4_T_le_v4SPD16_eabi.lib : boot_cortex_m.c.obj (.stack)
                  20000004    00000ffc     --HOLE--

__llvm_prf_cnts 
*          0    20000000    00000000     UNINITIALIZED

MODULE SUMMARY

       Module                         code    ro data   rw data
       ------                         ----    -------   -------
    ./
       ethernet.obj                   2740    14        90     
       gpio.obj                       2056    0         0      
       eth0.obj                       1812    0         9      
       ip.obj                         1196    0         20     
       tcp.obj                        1076    0         0      
       timer.obj                      824     0         132    
       udp.obj                        888     0         0      
       arp.obj                        876     0         0      
       tm4c123gh6pm_startup_ccs.obj   12      620       0      
       spi0.obj                       352     0         0      
       icmp.obj                       340     0         0      
       uart0.obj                      296     0         0      
       eeprom.obj                     132     0         0      
       wait.obj                       36      0         0      
       clock.obj                      16      0         0      
    +--+------------------------------+-------+---------+---------+
       Total:                         12652   634       251    
                                                               
    /home/swr5250/ti/ccs1220/ccs/tools/compiler/ti-cgt-arm_20.2.7.LTS/lib/rtsv7M4_T_le_v4SPD16_eabi.lib
       _printfi.c.obj                 4851    0         0      
       _scanfi.c.obj                  2836    16        0      
       strtod.c.obj                   1120    200       0      
       strtoll.c.obj                  476     0         0      
       fd_add_t2.asm.obj              438     0         0      
       strtoull.c.obj                 348     0         0      
       fd_div_t2.asm.obj              310     0         0      
       strtol.c.obj                   304     0         0      
       s_scalbn.c.obj                 272     0         0      
       strtoul.c.obj                  272     0         0      
       fd_cmp_t2.asm.obj              268     0         0      
       ctype.c.obj                    0       257       0      
       fd_mul_t2.asm.obj              252     0         0      
       sscanf.c.obj                   186     0         0      
       memcpy_t2.asm.obj              156     0         0      
       ull_div_t2.asm.obj             150     0         0      
       snprintf.c.obj                 148     0         0      
       memset_t2.asm.obj              122     0         0      
       fd_tos_t2.asm.obj              110     0         0      
       copy_decompress_lzss.c.obj     104     0         0      
       s_frexp.c.obj                  100     0         0      
       sprintf.c.obj                  98      0         0      
       _ltoa.c.obj                    84      0         0      
       atoi.c.obj                     76      0         0      
       fd_toi_t2.asm.obj              72      0         0      
       autoinit.c.obj                 68      0         0      
       strtok.c.obj                   64      0         4      
       boot_cortex_m.c.obj            52      0         0      
       i_tofd_t2.asm.obj              46      0         0      
       strspn.c.obj                   42      0         0      
       strcspn.c.obj                  36      0         0      
       copy_zero_init.c.obj           28      0         0      
       memccpy.c.obj                  28      0         0      
       s_copysign.c.obj               26      0         0      
       ll_mul_t2.asm.obj              24      0         0      
       strcmp.c.obj                   24      0         0      
       strrchr.c.obj                  24      0         0      
       strchr.c.obj                   22      0         0      
       strcpy.c.obj                   20      0         0      
       strlen.c.obj                   20      0         0      
       wcslen.c.obj                   18      0         0      
       tolower.c.obj                  16      0         0      
       copy_decompress_none.c.obj     14      0         0      
       errno.c.obj                    8       0         4      
       exit.c.obj                     4       0         0      
       pre_init.c.obj                 4       0         0      
       div0.asm.obj                   2       0         0      
    +--+------------------------------+-------+---------+---------+
       Total:                         13743   473       8      
                                                               
       Stack:                         0       0         4096   
       Linker Generated:              0       52        0      
    +--+------------------------------+-------+---------+---------+
       Grand Total:                   26395   1159      4355   


LINKER GENERATED COPY TABLES

__TI_cinit_table @ 00006ba0 records: 2, size/record: 8, table size: 16
	.data: load addr=00006b78, load size=00000010 bytes, run addr=200010dc, run size=00000027 bytes, compression=lzss
	.bss: load addr=00006b98, load size=00000008 bytes, run addr=20001000, run size=000000dc bytes, compression=zero_init


LINKER GENERATED HANDLER TABLE

__TI_handler_table @ 00006b88 records: 3, size/record: 4, table size: 12
	index: 0, handler: __TI_decompress_lzss
	index: 1, handler: __TI_decompress_none
	index: 2, handler: __TI_zero_init


GLOBAL SYMBOLS: SORTED ALPHABETICALLY BY Name 

address   name                          
-------   ----                          
0000698d  C$$EXIT                       
00006963  ResetISR                      
20001000  __STACK_END                   
00001000  __STACK_SIZE                  
20000200  __STACK_TOP                   
00006ba0  __TI_CINIT_Base               
00006bb0  __TI_CINIT_Limit              
00006b88  __TI_Handler_Table_Base       
00006b94  __TI_Handler_Table_Limit      
000065c9  __TI_auto_init_nobinit_nopinit
00006321  __TI_decompress_lzss          
00006955  __TI_decompress_none          
00006443  __TI_ltoa                     
ffffffff  __TI_pprof_out_hndl           
00001835  __TI_printfi                  
ffffffff  __TI_prof_data_size           
ffffffff  __TI_prof_data_start          
0000026d  __TI_scanfi                   
00000000  __TI_static_base__            
00006809  __TI_zero_init_nomemset       
00005fd1  __aeabi_cdcmpeq               
00005fd1  __aeabi_cdcmple               
00006057  __aeabi_cdrcmple              
00006249  __aeabi_d2f                   
00006581  __aeabi_d2iz                  
00004f23  __aeabi_dadd                  
0000561d  __aeabi_ddiv                  
00005cf1  __aeabi_dmul                  
00004f19  __aeabi_dsub                  
00006979  __aeabi_errno_addr            
00006769  __aeabi_i2d                   
00002283  __aeabi_idiv0                 
00002283  __aeabi_ldiv0                 
0000688b  __aeabi_lmul                  
00006161  __aeabi_memclr                
00006161  __aeabi_memclr4               
00006161  __aeabi_memclr8               
00005e9f  __aeabi_memcpy                
00005e9f  __aeabi_memcpy4               
00005e9f  __aeabi_memcpy8               
00006163  __aeabi_memset                
00006163  __aeabi_memset4               
00006163  __aeabi_memset8               
00005f3b  __aeabi_uldivmod              
ffffffff  __binit__                     
ffffffff  __c_args__                    
UNDEFED   __mpu_init                    
20000000  __stack                       
20000000  __start___llvm_prf_cnts       
20000000  __stop___llvm_prf_cnts        
00006705  _c_int00_noargs               
00006990  _ctypes_                      
UNDEFED   _system_post_cinit            
00006989  _system_pre_init              
0000698d  abort                         
00001101  asciiToUint8                  
000064e9  atoi                          
ffffffff  binit                         
00003607  calcIpChecksum                
00002b4b  clearEtherReg                 
000028d9  clearPinInterrupt             
00006841  copysign                      
00006841  copysignl                     
200010f7  count                         
00002aa3  disableEtherCs                
000028b5  disablePinInterrupt           
000025ed  disablePinPulldown            
000025a5  disablePinPullup              
00002341  disablePort                   
00000dbd  displayConnectionInfo         
00002a8d  enableEtherCs                 
00002891  enablePinInterrupt            
000025c9  enablePinPulldown             
00002577  enablePinPullup               
00002285  enablePort                    
200010f8  errno                         
20001054  fn                            
00006389  frexp                         
00006389  frexpl                        
00000000  g_pfnVectors                  
000030a7  getEtherId                    
00003141  getEtherMacAddress            
00002e81  getEtherPacket                
000032d1  getIpAddress                  
000035d5  getIpChecksum                 
0000342d  getIpDnsAddress               
000033b9  getIpGatewayAddress           
00003519  getIpMqttBrokerAddress        
00003345  getIpSubnetMask               
000034a1  getIpTimeServerAddress        
00002947  getPinValue                   
000029fd  getPortValue                  
00003b7f  getTcpMessageSocket           
00003f89  getUdpData                    
00003fb5  getUdpMessageSocket           
0000595b  getcUart0                     
0000307b  htonl                         
00003057  htons                         
200010dc  hwAddress                     
000030b3  incEtherId                    
000060dd  initEeprom                    
00002c97  initEther                     
00000d81  initHw                        
000050d1  initSpi0                      
00006935  initSystemClockTo40Mhz        
000045c5  initTimer                     
00005885  initUart0                     
200010e2  ipAddress                     
200010e6  ipDnsAddress                  
200010ea  ipGwAddress                   
200010ee  ipSubnetMask                  
200010f2  ipTimeServerAddress           
00004259  isArpRequest                  
000042fd  isArpResponse                 
00002e37  isEtherDataAvailable          
00003271  isEtherIpValid                
00002e1d  isEtherLinkUp                 
00002e51  isEtherOverflow               
000031a1  isIp                          
00003211  isIpUnicast                   
0000538d  isPingRequest                 
00003aad  isTcp                         
00003ee1  isUdp                         
0000596f  kbhitUart0                    
00005ad1  ldexp                         
00005ad1  ldexpl                        
0000154b  main                          
00006825  memccpy                       
00005e9f  memcpy                        
00006169  memset                        
20001100  nextPacketLsb                 
20001101  nextPacketMsb                 
2000107c  period                        
00004351  processArp                    
000011b3  processShell                  
00003c29  processTcp                    
00002f71  putEtherPacket                
00005913  putcUart0                     
0000592f  putsUart0                     
000048bf  random32                      
0000104d  readConfiguration             
00006125  readEeprom                    
00002c7f  readEtherMem                  
00002bd3  readEtherPhy                  
00002ae5  readEtherReg                  
00005209  readSpi0Data                  
200010cc  reload                        
000047d7  restartTimer                  
00005ad1  scalbn                        
00005ad1  scalbnl                       
000024ab  selectPinAnalogInput          
0000245d  selectPinDigitalInput         
000027c7  selectPinInterruptBothEdges   
00002777  selectPinInterruptFallingEdge 
0000281d  selectPinInterruptHighLevel   
00002857  selectPinInterruptLowLevel    
00002727  selectPinInterruptRisingEdge  
0000240f  selectPinOpenDrainOutput      
000023c1  selectPinPushPullOutput       
000044a7  sendArpRequest                
000043c9  sendArpResponse               
000053d1  sendPingResponse              
200010f6  sendSYN                       
00003c99  sendTcpMessage                
0000405f  sendUdpMessage                
20001102  sequenceId                    
00002b7f  setEtherBank                  
000030bd  setEtherMacAddress            
00002b17  setEtherReg                   
00003297  setIpAddress                  
000033f3  setIpDnsAddress               
0000337f  setIpGatewayAddress           
000034db  setIpMqttBrokerAddress        
0000330b  setIpSubnetMask               
00003467  setIpTimeServerAddress        
00002615  setPinAuxFunction             
000024fb  setPinCommitControl           
000028fd  setPinValue                   
00002985  setPortValue                  
0000516d  setSpi0BaudRate               
000051a3  setSpi0Mode                   
000058cf  setUart0BaudRate              
00006535  snprintf                      
0000660d  sprintf                       
000066cd  sscanf                        
00002c6d  startEtherMemRead             
00002c3f  startEtherMemWrite            
00004665  startOneshotTimer             
000046eb  startPeriodicTimer            
00002c8f  stopEtherMemRead              
00002c65  stopEtherMemWrite             
00004771  stopTimer                     
20001000  strInput                      
000068d3  strchr                        
000068a3  strcmp                        
000068e9  strcpy                        
000067c1  strcspn                       
000068fd  strlen                        
000068bb  strrchr                       
00006797  strspn                        
0000364d  strtod                        
0000664d  strtok                        
00005755  strtol                        
0000364d  strtold                       
00004b6d  strtoll                       
00005be1  strtoul                       
00005231  strtoull                      
00003561  sumIpWords                    
00004845  tickIsr                       
200010a4  ticks                         
00002923  togglePinValue                
200010d8  token                         
00006945  tolower                       
000067e5  waitMicrosecond               
00006923  wcslen                        
000060f3  writeEeprom                   
00002c51  writeEtherMem                 
00002b9b  writeEtherPhy                 
00002ab1  writeEtherReg                 
000051f1  writeSpi0Data                 


GLOBAL SYMBOLS: SORTED BY Symbol Address 

address   name                          
-------   ----                          
00000000  __TI_static_base__            
00000000  g_pfnVectors                  
0000026d  __TI_scanfi                   
00000d81  initHw                        
00000dbd  displayConnectionInfo         
00001000  __STACK_SIZE                  
0000104d  readConfiguration             
00001101  asciiToUint8                  
000011b3  processShell                  
0000154b  main                          
00001835  __TI_printfi                  
00002283  __aeabi_idiv0                 
00002283  __aeabi_ldiv0                 
00002285  enablePort                    
00002341  disablePort                   
000023c1  selectPinPushPullOutput       
0000240f  selectPinOpenDrainOutput      
0000245d  selectPinDigitalInput         
000024ab  selectPinAnalogInput          
000024fb  setPinCommitControl           
00002577  enablePinPullup               
000025a5  disablePinPullup              
000025c9  enablePinPulldown             
000025ed  disablePinPulldown            
00002615  setPinAuxFunction             
00002727  selectPinInterruptRisingEdge  
00002777  selectPinInterruptFallingEdge 
000027c7  selectPinInterruptBothEdges   
0000281d  selectPinInterruptHighLevel   
00002857  selectPinInterruptLowLevel    
00002891  enablePinInterrupt            
000028b5  disablePinInterrupt           
000028d9  clearPinInterrupt             
000028fd  setPinValue                   
00002923  togglePinValue                
00002947  getPinValue                   
00002985  setPortValue                  
000029fd  getPortValue                  
00002a8d  enableEtherCs                 
00002aa3  disableEtherCs                
00002ab1  writeEtherReg                 
00002ae5  readEtherReg                  
00002b17  setEtherReg                   
00002b4b  clearEtherReg                 
00002b7f  setEtherBank                  
00002b9b  writeEtherPhy                 
00002bd3  readEtherPhy                  
00002c3f  startEtherMemWrite            
00002c51  writeEtherMem                 
00002c65  stopEtherMemWrite             
00002c6d  startEtherMemRead             
00002c7f  readEtherMem                  
00002c8f  stopEtherMemRead              
00002c97  initEther                     
00002e1d  isEtherLinkUp                 
00002e37  isEtherDataAvailable          
00002e51  isEtherOverflow               
00002e81  getEtherPacket                
00002f71  putEtherPacket                
00003057  htons                         
0000307b  htonl                         
000030a7  getEtherId                    
000030b3  incEtherId                    
000030bd  setEtherMacAddress            
00003141  getEtherMacAddress            
000031a1  isIp                          
00003211  isIpUnicast                   
00003271  isEtherIpValid                
00003297  setIpAddress                  
000032d1  getIpAddress                  
0000330b  setIpSubnetMask               
00003345  getIpSubnetMask               
0000337f  setIpGatewayAddress           
000033b9  getIpGatewayAddress           
000033f3  setIpDnsAddress               
0000342d  getIpDnsAddress               
00003467  setIpTimeServerAddress        
000034a1  getIpTimeServerAddress        
000034db  setIpMqttBrokerAddress        
00003519  getIpMqttBrokerAddress        
00003561  sumIpWords                    
000035d5  getIpChecksum                 
00003607  calcIpChecksum                
0000364d  strtod                        
0000364d  strtold                       
00003aad  isTcp                         
00003b7f  getTcpMessageSocket           
00003c29  processTcp                    
00003c99  sendTcpMessage                
00003ee1  isUdp                         
00003f89  getUdpData                    
00003fb5  getUdpMessageSocket           
0000405f  sendUdpMessage                
00004259  isArpRequest                  
000042fd  isArpResponse                 
00004351  processArp                    
000043c9  sendArpResponse               
000044a7  sendArpRequest                
000045c5  initTimer                     
00004665  startOneshotTimer             
000046eb  startPeriodicTimer            
00004771  stopTimer                     
000047d7  restartTimer                  
00004845  tickIsr                       
000048bf  random32                      
00004b6d  strtoll                       
00004f19  __aeabi_dsub                  
00004f23  __aeabi_dadd                  
000050d1  initSpi0                      
0000516d  setSpi0BaudRate               
000051a3  setSpi0Mode                   
000051f1  writeSpi0Data                 
00005209  readSpi0Data                  
00005231  strtoull                      
0000538d  isPingRequest                 
000053d1  sendPingResponse              
0000561d  __aeabi_ddiv                  
00005755  strtol                        
00005885  initUart0                     
000058cf  setUart0BaudRate              
00005913  putcUart0                     
0000592f  putsUart0                     
0000595b  getcUart0                     
0000596f  kbhitUart0                    
00005ad1  ldexp                         
00005ad1  ldexpl                        
00005ad1  scalbn                        
00005ad1  scalbnl                       
00005be1  strtoul                       
00005cf1  __aeabi_dmul                  
00005e9f  __aeabi_memcpy                
00005e9f  __aeabi_memcpy4               
00005e9f  __aeabi_memcpy8               
00005e9f  memcpy                        
00005f3b  __aeabi_uldivmod              
00005fd1  __aeabi_cdcmpeq               
00005fd1  __aeabi_cdcmple               
00006057  __aeabi_cdrcmple              
000060dd  initEeprom                    
000060f3  writeEeprom                   
00006125  readEeprom                    
00006161  __aeabi_memclr                
00006161  __aeabi_memclr4               
00006161  __aeabi_memclr8               
00006163  __aeabi_memset                
00006163  __aeabi_memset4               
00006163  __aeabi_memset8               
00006169  memset                        
00006249  __aeabi_d2f                   
00006321  __TI_decompress_lzss          
00006389  frexp                         
00006389  frexpl                        
00006443  __TI_ltoa                     
000064e9  atoi                          
00006535  snprintf                      
00006581  __aeabi_d2iz                  
000065c9  __TI_auto_init_nobinit_nopinit
0000660d  sprintf                       
0000664d  strtok                        
000066cd  sscanf                        
00006705  _c_int00_noargs               
00006769  __aeabi_i2d                   
00006797  strspn                        
000067c1  strcspn                       
000067e5  waitMicrosecond               
00006809  __TI_zero_init_nomemset       
00006825  memccpy                       
00006841  copysign                      
00006841  copysignl                     
0000688b  __aeabi_lmul                  
000068a3  strcmp                        
000068bb  strrchr                       
000068d3  strchr                        
000068e9  strcpy                        
000068fd  strlen                        
00006923  wcslen                        
00006935  initSystemClockTo40Mhz        
00006945  tolower                       
00006955  __TI_decompress_none          
00006963  ResetISR                      
00006979  __aeabi_errno_addr            
00006989  _system_pre_init              
0000698d  C$$EXIT                       
0000698d  abort                         
00006990  _ctypes_                      
00006b88  __TI_Handler_Table_Base       
00006b94  __TI_Handler_Table_Limit      
00006ba0  __TI_CINIT_Base               
00006bb0  __TI_CINIT_Limit              
20000000  __stack                       
20000000  __start___llvm_prf_cnts       
20000000  __stop___llvm_prf_cnts        
20000200  __STACK_TOP                   
20001000  __STACK_END                   
20001000  strInput                      
20001054  fn                            
2000107c  period                        
200010a4  ticks                         
200010cc  reload                        
200010d8  token                         
200010dc  hwAddress                     
200010e2  ipAddress                     
200010e6  ipDnsAddress                  
200010ea  ipGwAddress                   
200010ee  ipSubnetMask                  
200010f2  ipTimeServerAddress           
200010f6  sendSYN                       
200010f7  count                         
200010f8  errno                         
20001100  nextPacketLsb                 
20001101  nextPacketMsb                 
20001102  sequenceId                    
ffffffff  __TI_pprof_out_hndl           
ffffffff  __TI_prof_data_size           
ffffffff  __TI_prof_data_start          
ffffffff  __binit__                     
ffffffff  __c_args__                    
ffffffff  binit                         
UNDEFED   __mpu_init                    
UNDEFED   _system_post_cinit            

[220 symbols]
