******************************************************************************
                  TI ARM Linker Unix v20.2.7                   
******************************************************************************
>> Linked Sat Mar  4 17:40:26 2023

OUTPUT FILE NAME:   <IotProject1.out>
ENTRY POINT SYMBOL: "_c_int00_noargs"  address: 000066a9


MEMORY CONFIGURATION

         name            origin    length      used     unused   attr    fill
----------------------  --------  ---------  --------  --------  ----  --------
  FLASH                 00000000   00040000  00006b34  000394cc  R  X
  SRAM                  20000000   00008000  00001103  00006efd  RW X


SEGMENT ALLOCATION MAP

run origin  load origin   length   init length attrs members
----------  ----------- ---------- ----------- ----- -------
00000000    00000000    00006b38   00006b38    r-x
  00000000    00000000    0000026c   0000026c    r-- .intvecs
  0000026c    0000026c    000066a8   000066a8    r-x .text
  00006918    00006918    000001e8   000001e8    r-- .const
  00006b00    00006b00    00000038   00000038    r-- .cinit
20000000    20000000    00001103   00000000    rw-
  20000000    20000000    00001000   00000000    rw- .stack
  20001000    20001000    000000dc   00000000    rw- .bss
  200010dc    200010dc    00000027   00000000    rw- .data


SECTION ALLOCATION MAP

 output                                  attributes/
section   page    origin      length       input sections
--------  ----  ----------  ----------   ----------------
.intvecs   0    00000000    0000026c     
                  00000000    0000026c     tm4c123gh6pm_startup_ccs.obj (.intvecs)

.text      0    0000026c    000066a8     
                  0000026c    00000b14     rtsv7M4_T_le_v4SPD16_eabi.lib : _scanfi.c.obj (.text:__TI_scanfi)
                  00000d80    00000aa4     ethernet.obj (.text)
                  00001824    00000a4e     rtsv7M4_T_le_v4SPD16_eabi.lib : _printfi.c.obj (.text:__TI_printfi)
                  00002272    00000002                                   : div0.asm.obj (.text)
                  00002274    00000808     gpio.obj (.text)
                  00002a7c    00000714     eth0.obj (.text)
                  00003190    000004ac     ip.obj (.text)
                  0000363c    00000460     rtsv7M4_T_le_v4SPD16_eabi.lib : strtod.c.obj (.text:strtod)
                  00003a9c    00000426     tcp.obj (.text)
                  00003ec2    00000378     udp.obj (.text)
                  0000423a    0000036c     arp.obj (.text)
                  000045a6    00000002     --HOLE-- [fill = 0]
                  000045a8    00000338     timer.obj (.text)
                  000048e0    00000270     rtsv7M4_T_le_v4SPD16_eabi.lib : _printfi.c.obj (.text:_pconv_a)
                  00004b50    000001dc                                   : strtoll.c.obj (.text:strtoll)
                  00004d2c    000001d0                                   : _printfi.c.obj (.text:_pconv_g)
                  00004efc    000001b6                                   : fd_add_t2.asm.obj (.text)
                  000050b2    00000002     --HOLE-- [fill = 0]
                  000050b4    00000160     spi0.obj (.text)
                  00005214    0000015c     rtsv7M4_T_le_v4SPD16_eabi.lib : strtoull.c.obj (.text:strtoull)
                  00005370    00000154     icmp.obj (.text)
                  000054c4    0000013c     rtsv7M4_T_le_v4SPD16_eabi.lib : _printfi.c.obj (.text:_pconv_e)
                  00005600    00000136                                   : fd_div_t2.asm.obj (.text)
                  00005736    00000002     --HOLE-- [fill = 0]
                  00005738    00000130                                   : strtol.c.obj (.text:strtol)
                  00005868    00000128     uart0.obj (.text)
                  00005990    00000124     rtsv7M4_T_le_v4SPD16_eabi.lib : _printfi.c.obj (.text:fcvt)
                  00005ab4    00000110                                   : s_scalbn.c.obj (.text:scalbn)
                  00005bc4    00000110                                   : strtoul.c.obj (.text:strtoul)
                  00005cd4    000000fc                                   : fd_mul_t2.asm.obj (.text)
                  00005dd0    000000b1                                   : _printfi.c.obj (.text:_ltostr)
                  00005e81    00000001     --HOLE-- [fill = 0]
                  00005e82    0000009c                                   : memcpy_t2.asm.obj (.text)
                  00005f1e    00000096                                   : ull_div_t2.asm.obj (.text)
                  00005fb4    00000086                                   : fd_cmp_t2.asm.obj (.text:__aeabi_cdcmple)
                  0000603a    00000086                                   : fd_cmp_t2.asm.obj (.text:__aeabi_cdrcmple)
                  000060c0    00000084     eeprom.obj (.text)
                  00006144    0000007a     rtsv7M4_T_le_v4SPD16_eabi.lib : memset_t2.asm.obj (.text)
                  000061be    0000006e                                   : _printfi.c.obj (.text:_mcpy)
                  0000622c    0000006e                                   : fd_tos_t2.asm.obj (.text)
                  0000629a    00000002     --HOLE-- [fill = 0]
                  0000629c    00000068                                   : sscanf.c.obj (.text:_chkmbc)
                  00006304    00000068                                   : copy_decompress_lzss.c.obj (.text:decompress:lzss:__TI_decompress_lzss)
                  0000636c    00000064                                   : s_frexp.c.obj (.text:frexp)
                  000063d0    00000056                                   : _printfi.c.obj (.text:_pconv_f)
                  00006426    00000054                                   : _ltoa.c.obj (.text:__TI_ltoa)
                  0000647a    00000052                                   : _printfi.c.obj (.text:_ecpy)
                  000064cc    0000004c                                   : atoi.c.obj (.text:atoi)
                  00006518    0000004c                                   : snprintf.c.obj (.text:snprintf)
                  00006564    00000048                                   : fd_toi_t2.asm.obj (.text)
                  000065ac    00000044                                   : autoinit.c.obj (.text:__TI_auto_init_nobinit_nopinit:__TI_auto_init_nobinit_nopinit)
                  000065f0    00000040                                   : strtok.c.obj (.text:strtok)
                  00006630    0000003e                                   : _printfi.c.obj (.text:_fcpy)
                  0000666e    00000002     --HOLE-- [fill = 0]
                  00006670    00000038                                   : sscanf.c.obj (.text:sscanf)
                  000066a8    00000034                                   : boot_cortex_m.c.obj (.text:_c_int00_noargs:_c_int00_noargs)
                  000066dc    00000030                                   : snprintf.c.obj (.text:_outs)
                  0000670c    0000002e                                   : i_tofd_t2.asm.obj (.text)
                  0000673a    0000002a                                   : strspn.c.obj (.text:strspn)
                  00006764    00000024                                   : strcspn.c.obj (.text:strcspn)
                  00006788    00000024     wait.obj (.text)
                  000067ac    0000001c     rtsv7M4_T_le_v4SPD16_eabi.lib : copy_zero_init.c.obj (.text:decompress:ZI:__TI_zero_init_nomemset:__TI_zero_init_nomemset)
                  000067c8    0000001c                                   : memccpy.c.obj (.text:memccpy)
                  000067e4    0000001a                                   : s_copysign.c.obj (.text:copysign)
                  000067fe    00000018                                   : snprintf.c.obj (.text:_outc)
                  00006816    00000018                                   : ll_mul_t2.asm.obj (.text)
                  0000682e    00000018                                   : strcmp.c.obj (.text:strcmp)
                  00006846    00000018                                   : strrchr.c.obj (.text:strrchr)
                  0000685e    00000016                                   : strchr.c.obj (.text:strchr)
                  00006874    00000014                                   : strcpy.c.obj (.text:strcpy)
                  00006888    00000014                                   : strlen.c.obj (.text:strlen)
                  0000689c    00000012                                   : sscanf.c.obj (.text:_inpchar)
                  000068ae    00000012                                   : wcslen.c.obj (.text:wcslen)
                  000068c0    00000010     clock.obj (.text)
                  000068d0    00000010     rtsv7M4_T_le_v4SPD16_eabi.lib : tolower.c.obj (.text:tolower)
                  000068e0    0000000e                                   : copy_decompress_none.c.obj (.text:decompress:none:__TI_decompress_none)
                  000068ee    0000000c     tm4c123gh6pm_startup_ccs.obj (.text)
                  000068fa    00000002     --HOLE-- [fill = 0]
                  000068fc    00000008     rtsv7M4_T_le_v4SPD16_eabi.lib : errno.c.obj (.text:__aeabi_errno_addr)
                  00006904    00000008                                   : sscanf.c.obj (.text:_uninpchar)
                  0000690c    00000004                                   : pre_init.c.obj (.text:_system_pre_init)
                  00006910    00000004                                   : exit.c.obj (.text:abort:abort)

.const     0    00006918    000001e8     
                  00006918    00000101     rtsv7M4_T_le_v4SPD16_eabi.lib : ctype.c.obj (.const:.string:_ctypes_)
                  00006a19    00000006     ethernet.obj (.const:.string:$P$T2$3)
                  00006a1f    00000001     --HOLE-- [fill = 0]
                  00006a20    000000c8     rtsv7M4_T_le_v4SPD16_eabi.lib : strtod.c.obj (.const:$O1$$)
                  00006ae8    00000010                                   : _scanfi.c.obj (.const:$O1$$)
                  00006af8    00000004     ethernet.obj (.const:.string:$P$T0$1)
                  00006afc    00000004     ethernet.obj (.const:.string:$P$T1$2)

.cinit     0    00006b00    00000038     
                  00006b00    00000010     (.cinit..data.load) [load image, compression = lzss]
                  00006b10    0000000c     (__TI_handler_table)
                  00006b1c    00000004     --HOLE-- [fill = 0]
                  00006b20    00000008     (.cinit..bss.load) [load image, compression = zero_init]
                  00006b28    00000010     (__TI_cinit_table)

.init_array 
*          0    00000000    00000000     UNINITIALIZED

.bss       0    20001000    000000dc     UNINITIALIZED
                  20001000    00000054     (.common:strInput)
                  20001054    00000028     (.common:fn)
                  2000107c    00000028     (.common:period)
                  200010a4    00000028     (.common:ticks)
                  200010cc    0000000c     (.common:reload)
                  200010d8    00000004     (.common:token)

.data      0    200010dc    00000027     UNINITIALIZED
                  200010dc    00000006     eth0.obj (.data:hwAddress)
                  200010e2    00000004     ip.obj (.data:ipAddress)
                  200010e6    00000004     ip.obj (.data:ipDnsAddress)
                  200010ea    00000004     ip.obj (.data:ipGwAddress)
                  200010ee    00000004     ip.obj (.data:ipSubnetMask)
                  200010f2    00000004     ip.obj (.data:ipTimeServerAddress)
                  200010f6    00000002     ethernet.obj (.data)
                  200010f8    00000004     rtsv7M4_T_le_v4SPD16_eabi.lib : errno.c.obj (.data)
                  200010fc    00000004                                   : strtok.c.obj (.data)
                  20001100    00000003     eth0.obj (.data)

.stack     0    20000000    00001000     UNINITIALIZED
                  20000000    00000004     rtsv7M4_T_le_v4SPD16_eabi.lib : boot_cortex_m.c.obj (.stack)
                  20000004    00000ffc     --HOLE--

__llvm_prf_cnts 
*          0    20000000    00000000     UNINITIALIZED

MODULE SUMMARY

       Module                         code    ro data   rw data
       ------                         ----    -------   -------
    ./
       ethernet.obj                   2724    14        90     
       gpio.obj                       2056    0         0      
       eth0.obj                       1812    0         9      
       ip.obj                         1196    0         20     
       tcp.obj                        1062    0         0      
       timer.obj                      824     0         132    
       udp.obj                        888     0         0      
       arp.obj                        876     0         0      
       tm4c123gh6pm_startup_ccs.obj   12      620       0      
       spi0.obj                       352     0         0      
       icmp.obj                       340     0         0      
       uart0.obj                      296     0         0      
       eeprom.obj                     132     0         0      
       wait.obj                       36      0         0      
       clock.obj                      16      0         0      
    +--+------------------------------+-------+---------+---------+
       Total:                         12622   634       251    
                                                               
    /home/swr5250/ti/ccs1220/ccs/tools/compiler/ti-cgt-arm_20.2.7.LTS/lib/rtsv7M4_T_le_v4SPD16_eabi.lib
       _printfi.c.obj                 4851    0         0      
       _scanfi.c.obj                  2836    16        0      
       strtod.c.obj                   1120    200       0      
       strtoll.c.obj                  476     0         0      
       fd_add_t2.asm.obj              438     0         0      
       strtoull.c.obj                 348     0         0      
       fd_div_t2.asm.obj              310     0         0      
       strtol.c.obj                   304     0         0      
       s_scalbn.c.obj                 272     0         0      
       strtoul.c.obj                  272     0         0      
       fd_cmp_t2.asm.obj              268     0         0      
       ctype.c.obj                    0       257       0      
       fd_mul_t2.asm.obj              252     0         0      
       sscanf.c.obj                   186     0         0      
       memcpy_t2.asm.obj              156     0         0      
       ull_div_t2.asm.obj             150     0         0      
       snprintf.c.obj                 148     0         0      
       memset_t2.asm.obj              122     0         0      
       fd_tos_t2.asm.obj              110     0         0      
       copy_decompress_lzss.c.obj     104     0         0      
       s_frexp.c.obj                  100     0         0      
       _ltoa.c.obj                    84      0         0      
       atoi.c.obj                     76      0         0      
       fd_toi_t2.asm.obj              72      0         0      
       autoinit.c.obj                 68      0         0      
       strtok.c.obj                   64      0         4      
       boot_cortex_m.c.obj            52      0         0      
       i_tofd_t2.asm.obj              46      0         0      
       strspn.c.obj                   42      0         0      
       strcspn.c.obj                  36      0         0      
       copy_zero_init.c.obj           28      0         0      
       memccpy.c.obj                  28      0         0      
       s_copysign.c.obj               26      0         0      
       ll_mul_t2.asm.obj              24      0         0      
       strcmp.c.obj                   24      0         0      
       strrchr.c.obj                  24      0         0      
       strchr.c.obj                   22      0         0      
       strcpy.c.obj                   20      0         0      
       strlen.c.obj                   20      0         0      
       wcslen.c.obj                   18      0         0      
       tolower.c.obj                  16      0         0      
       copy_decompress_none.c.obj     14      0         0      
       errno.c.obj                    8       0         4      
       exit.c.obj                     4       0         0      
       pre_init.c.obj                 4       0         0      
       div0.asm.obj                   2       0         0      
    +--+------------------------------+-------+---------+---------+
       Total:                         13645   473       8      
                                                               
       Stack:                         0       0         4096   
       Linker Generated:              0       52        0      
    +--+------------------------------+-------+---------+---------+
       Grand Total:                   26267   1159      4355   


LINKER GENERATED COPY TABLES

__TI_cinit_table @ 00006b28 records: 2, size/record: 8, table size: 16
	.data: load addr=00006b00, load size=00000010 bytes, run addr=200010dc, run size=00000027 bytes, compression=lzss
	.bss: load addr=00006b20, load size=00000008 bytes, run addr=20001000, run size=000000dc bytes, compression=zero_init


LINKER GENERATED HANDLER TABLE

__TI_handler_table @ 00006b10 records: 3, size/record: 4, table size: 12
	index: 0, handler: __TI_decompress_lzss
	index: 1, handler: __TI_decompress_none
	index: 2, handler: __TI_zero_init


GLOBAL SYMBOLS: SORTED ALPHABETICALLY BY Name 

address   name                          
-------   ----                          
00006911  C$$EXIT                       
000068ef  ResetISR                      
20001000  __STACK_END                   
00001000  __STACK_SIZE                  
20000200  __STACK_TOP                   
00006b28  __TI_CINIT_Base               
00006b38  __TI_CINIT_Limit              
00006b10  __TI_Handler_Table_Base       
00006b1c  __TI_Handler_Table_Limit      
000065ad  __TI_auto_init_nobinit_nopinit
00006305  __TI_decompress_lzss          
000068e1  __TI_decompress_none          
00006427  __TI_ltoa                     
ffffffff  __TI_pprof_out_hndl           
00001825  __TI_printfi                  
ffffffff  __TI_prof_data_size           
ffffffff  __TI_prof_data_start          
0000026d  __TI_scanfi                   
00000000  __TI_static_base__            
000067ad  __TI_zero_init_nomemset       
00005fb5  __aeabi_cdcmpeq               
00005fb5  __aeabi_cdcmple               
0000603b  __aeabi_cdrcmple              
0000622d  __aeabi_d2f                   
00006565  __aeabi_d2iz                  
00004f07  __aeabi_dadd                  
00005601  __aeabi_ddiv                  
00005cd5  __aeabi_dmul                  
00004efd  __aeabi_dsub                  
000068fd  __aeabi_errno_addr            
0000670d  __aeabi_i2d                   
00002273  __aeabi_idiv0                 
00002273  __aeabi_ldiv0                 
00006817  __aeabi_lmul                  
00006145  __aeabi_memclr                
00006145  __aeabi_memclr4               
00006145  __aeabi_memclr8               
00005e83  __aeabi_memcpy                
00005e83  __aeabi_memcpy4               
00005e83  __aeabi_memcpy8               
00006147  __aeabi_memset                
00006147  __aeabi_memset4               
00006147  __aeabi_memset8               
00005f1f  __aeabi_uldivmod              
ffffffff  __binit__                     
ffffffff  __c_args__                    
UNDEFED   __mpu_init                    
20000000  __stack                       
20000000  __start___llvm_prf_cnts       
20000000  __stop___llvm_prf_cnts        
000066a9  _c_int00_noargs               
00006918  _ctypes_                      
UNDEFED   _system_post_cinit            
0000690d  _system_pre_init              
00006911  abort                         
00001101  asciiToUint8                  
000064cd  atoi                          
ffffffff  binit                         
000035f7  calcIpChecksum                
00002b3b  clearEtherReg                 
000028c9  clearPinInterrupt             
000067e5  copysign                      
000067e5  copysignl                     
200010f7  count                         
00002a93  disableEtherCs                
000028a5  disablePinInterrupt           
000025dd  disablePinPulldown            
00002595  disablePinPullup              
00002331  disablePort                   
00000dbd  displayConnectionInfo         
00002a7d  enableEtherCs                 
00002881  enablePinInterrupt            
000025b9  enablePinPulldown             
00002567  enablePinPullup               
00002275  enablePort                    
200010f8  errno                         
20001054  fn                            
0000636d  frexp                         
0000636d  frexpl                        
00000000  g_pfnVectors                  
00003097  getEtherId                    
00003131  getEtherMacAddress            
00002e71  getEtherPacket                
000032c1  getIpAddress                  
000035c5  getIpChecksum                 
0000341d  getIpDnsAddress               
000033a9  getIpGatewayAddress           
00003509  getIpMqttBrokerAddress        
00003335  getIpSubnetMask               
00003491  getIpTimeServerAddress        
00002937  getPinValue                   
000029ed  getPortValue                  
00003b6f  getTcpMessageSocket           
00003f6b  getUdpData                    
00003f97  getUdpMessageSocket           
0000593f  getcUart0                     
0000306b  htonl                         
00003047  htons                         
200010dc  hwAddress                     
000030a3  incEtherId                    
000060c1  initEeprom                    
00002c87  initEther                     
00000d81  initHw                        
000050b5  initSpi0                      
000068c1  initSystemClockTo40Mhz        
000045a9  initTimer                     
00005869  initUart0                     
200010e2  ipAddress                     
200010e6  ipDnsAddress                  
200010ea  ipGwAddress                   
200010ee  ipSubnetMask                  
200010f2  ipTimeServerAddress           
0000423b  isArpRequest                  
000042df  isArpResponse                 
00002e27  isEtherDataAvailable          
00003261  isEtherIpValid                
00002e0d  isEtherLinkUp                 
00002e41  isEtherOverflow               
00003191  isIp                          
00003201  isIpUnicast                   
00005371  isPingRequest                 
00003a9d  isTcp                         
00003ec3  isUdp                         
00005953  kbhitUart0                    
00005ab5  ldexp                         
00005ab5  ldexpl                        
0000154b  main                          
000067c9  memccpy                       
00005e83  memcpy                        
0000614d  memset                        
20001100  nextPacketLsb                 
20001101  nextPacketMsb                 
2000107c  period                        
00004333  processArp                    
000011b3  processShell                  
00003c19  processTcp                    
00002f61  putEtherPacket                
000058f7  putcUart0                     
00005913  putsUart0                     
000048a3  random32                      
0000104d  readConfiguration             
00006109  readEeprom                    
00002c6f  readEtherMem                  
00002bc3  readEtherPhy                  
00002ad5  readEtherReg                  
000051ed  readSpi0Data                  
200010cc  reload                        
000047bb  restartTimer                  
00005ab5  scalbn                        
00005ab5  scalbnl                       
0000249b  selectPinAnalogInput          
0000244d  selectPinDigitalInput         
000027b7  selectPinInterruptBothEdges   
00002767  selectPinInterruptFallingEdge 
0000280d  selectPinInterruptHighLevel   
00002847  selectPinInterruptLowLevel    
00002717  selectPinInterruptRisingEdge  
000023ff  selectPinOpenDrainOutput      
000023b1  selectPinPushPullOutput       
00004489  sendArpRequest                
000043ab  sendArpResponse               
000053b5  sendPingResponse              
200010f6  sendSYN                       
00003c5d  sendTcpMessage                
00004041  sendUdpMessage                
20001102  sequenceId                    
00002b6f  setEtherBank                  
000030ad  setEtherMacAddress            
00002b07  setEtherReg                   
00003287  setIpAddress                  
000033e3  setIpDnsAddress               
0000336f  setIpGatewayAddress           
000034cb  setIpMqttBrokerAddress        
000032fb  setIpSubnetMask               
00003457  setIpTimeServerAddress        
00002605  setPinAuxFunction             
000024eb  setPinCommitControl           
000028ed  setPinValue                   
00002975  setPortValue                  
00005151  setSpi0BaudRate               
00005187  setSpi0Mode                   
000058b3  setUart0BaudRate              
00006519  snprintf                      
00006671  sscanf                        
00002c5d  startEtherMemRead             
00002c2f  startEtherMemWrite            
00004649  startOneshotTimer             
000046cf  startPeriodicTimer            
00002c7f  stopEtherMemRead              
00002c55  stopEtherMemWrite             
00004755  stopTimer                     
20001000  strInput                      
0000685f  strchr                        
0000682f  strcmp                        
00006875  strcpy                        
00006765  strcspn                       
00006889  strlen                        
00006847  strrchr                       
0000673b  strspn                        
0000363d  strtod                        
000065f1  strtok                        
00005739  strtol                        
0000363d  strtold                       
00004b51  strtoll                       
00005bc5  strtoul                       
00005215  strtoull                      
00003551  sumIpWords                    
00004829  tickIsr                       
200010a4  ticks                         
00002913  togglePinValue                
200010d8  token                         
000068d1  tolower                       
00006789  waitMicrosecond               
000068af  wcslen                        
000060d7  writeEeprom                   
00002c41  writeEtherMem                 
00002b8b  writeEtherPhy                 
00002aa1  writeEtherReg                 
000051d5  writeSpi0Data                 


GLOBAL SYMBOLS: SORTED BY Symbol Address 

address   name                          
-------   ----                          
00000000  __TI_static_base__            
00000000  g_pfnVectors                  
0000026d  __TI_scanfi                   
00000d81  initHw                        
00000dbd  displayConnectionInfo         
00001000  __STACK_SIZE                  
0000104d  readConfiguration             
00001101  asciiToUint8                  
000011b3  processShell                  
0000154b  main                          
00001825  __TI_printfi                  
00002273  __aeabi_idiv0                 
00002273  __aeabi_ldiv0                 
00002275  enablePort                    
00002331  disablePort                   
000023b1  selectPinPushPullOutput       
000023ff  selectPinOpenDrainOutput      
0000244d  selectPinDigitalInput         
0000249b  selectPinAnalogInput          
000024eb  setPinCommitControl           
00002567  enablePinPullup               
00002595  disablePinPullup              
000025b9  enablePinPulldown             
000025dd  disablePinPulldown            
00002605  setPinAuxFunction             
00002717  selectPinInterruptRisingEdge  
00002767  selectPinInterruptFallingEdge 
000027b7  selectPinInterruptBothEdges   
0000280d  selectPinInterruptHighLevel   
00002847  selectPinInterruptLowLevel    
00002881  enablePinInterrupt            
000028a5  disablePinInterrupt           
000028c9  clearPinInterrupt             
000028ed  setPinValue                   
00002913  togglePinValue                
00002937  getPinValue                   
00002975  setPortValue                  
000029ed  getPortValue                  
00002a7d  enableEtherCs                 
00002a93  disableEtherCs                
00002aa1  writeEtherReg                 
00002ad5  readEtherReg                  
00002b07  setEtherReg                   
00002b3b  clearEtherReg                 
00002b6f  setEtherBank                  
00002b8b  writeEtherPhy                 
00002bc3  readEtherPhy                  
00002c2f  startEtherMemWrite            
00002c41  writeEtherMem                 
00002c55  stopEtherMemWrite             
00002c5d  startEtherMemRead             
00002c6f  readEtherMem                  
00002c7f  stopEtherMemRead              
00002c87  initEther                     
00002e0d  isEtherLinkUp                 
00002e27  isEtherDataAvailable          
00002e41  isEtherOverflow               
00002e71  getEtherPacket                
00002f61  putEtherPacket                
00003047  htons                         
0000306b  htonl                         
00003097  getEtherId                    
000030a3  incEtherId                    
000030ad  setEtherMacAddress            
00003131  getEtherMacAddress            
00003191  isIp                          
00003201  isIpUnicast                   
00003261  isEtherIpValid                
00003287  setIpAddress                  
000032c1  getIpAddress                  
000032fb  setIpSubnetMask               
00003335  getIpSubnetMask               
0000336f  setIpGatewayAddress           
000033a9  getIpGatewayAddress           
000033e3  setIpDnsAddress               
0000341d  getIpDnsAddress               
00003457  setIpTimeServerAddress        
00003491  getIpTimeServerAddress        
000034cb  setIpMqttBrokerAddress        
00003509  getIpMqttBrokerAddress        
00003551  sumIpWords                    
000035c5  getIpChecksum                 
000035f7  calcIpChecksum                
0000363d  strtod                        
0000363d  strtold                       
00003a9d  isTcp                         
00003b6f  getTcpMessageSocket           
00003c19  processTcp                    
00003c5d  sendTcpMessage                
00003ec3  isUdp                         
00003f6b  getUdpData                    
00003f97  getUdpMessageSocket           
00004041  sendUdpMessage                
0000423b  isArpRequest                  
000042df  isArpResponse                 
00004333  processArp                    
000043ab  sendArpResponse               
00004489  sendArpRequest                
000045a9  initTimer                     
00004649  startOneshotTimer             
000046cf  startPeriodicTimer            
00004755  stopTimer                     
000047bb  restartTimer                  
00004829  tickIsr                       
000048a3  random32                      
00004b51  strtoll                       
00004efd  __aeabi_dsub                  
00004f07  __aeabi_dadd                  
000050b5  initSpi0                      
00005151  setSpi0BaudRate               
00005187  setSpi0Mode                   
000051d5  writeSpi0Data                 
000051ed  readSpi0Data                  
00005215  strtoull                      
00005371  isPingRequest                 
000053b5  sendPingResponse              
00005601  __aeabi_ddiv                  
00005739  strtol                        
00005869  initUart0                     
000058b3  setUart0BaudRate              
000058f7  putcUart0                     
00005913  putsUart0                     
0000593f  getcUart0                     
00005953  kbhitUart0                    
00005ab5  ldexp                         
00005ab5  ldexpl                        
00005ab5  scalbn                        
00005ab5  scalbnl                       
00005bc5  strtoul                       
00005cd5  __aeabi_dmul                  
00005e83  __aeabi_memcpy                
00005e83  __aeabi_memcpy4               
00005e83  __aeabi_memcpy8               
00005e83  memcpy                        
00005f1f  __aeabi_uldivmod              
00005fb5  __aeabi_cdcmpeq               
00005fb5  __aeabi_cdcmple               
0000603b  __aeabi_cdrcmple              
000060c1  initEeprom                    
000060d7  writeEeprom                   
00006109  readEeprom                    
00006145  __aeabi_memclr                
00006145  __aeabi_memclr4               
00006145  __aeabi_memclr8               
00006147  __aeabi_memset                
00006147  __aeabi_memset4               
00006147  __aeabi_memset8               
0000614d  memset                        
0000622d  __aeabi_d2f                   
00006305  __TI_decompress_lzss          
0000636d  frexp                         
0000636d  frexpl                        
00006427  __TI_ltoa                     
000064cd  atoi                          
00006519  snprintf                      
00006565  __aeabi_d2iz                  
000065ad  __TI_auto_init_nobinit_nopinit
000065f1  strtok                        
00006671  sscanf                        
000066a9  _c_int00_noargs               
0000670d  __aeabi_i2d                   
0000673b  strspn                        
00006765  strcspn                       
00006789  waitMicrosecond               
000067ad  __TI_zero_init_nomemset       
000067c9  memccpy                       
000067e5  copysign                      
000067e5  copysignl                     
00006817  __aeabi_lmul                  
0000682f  strcmp                        
00006847  strrchr                       
0000685f  strchr                        
00006875  strcpy                        
00006889  strlen                        
000068af  wcslen                        
000068c1  initSystemClockTo40Mhz        
000068d1  tolower                       
000068e1  __TI_decompress_none          
000068ef  ResetISR                      
000068fd  __aeabi_errno_addr            
0000690d  _system_pre_init              
00006911  C$$EXIT                       
00006911  abort                         
00006918  _ctypes_                      
00006b10  __TI_Handler_Table_Base       
00006b1c  __TI_Handler_Table_Limit      
00006b28  __TI_CINIT_Base               
00006b38  __TI_CINIT_Limit              
20000000  __stack                       
20000000  __start___llvm_prf_cnts       
20000000  __stop___llvm_prf_cnts        
20000200  __STACK_TOP                   
20001000  __STACK_END                   
20001000  strInput                      
20001054  fn                            
2000107c  period                        
200010a4  ticks                         
200010cc  reload                        
200010d8  token                         
200010dc  hwAddress                     
200010e2  ipAddress                     
200010e6  ipDnsAddress                  
200010ea  ipGwAddress                   
200010ee  ipSubnetMask                  
200010f2  ipTimeServerAddress           
200010f6  sendSYN                       
200010f7  count                         
200010f8  errno                         
20001100  nextPacketLsb                 
20001101  nextPacketMsb                 
20001102  sequenceId                    
ffffffff  __TI_pprof_out_hndl           
ffffffff  __TI_prof_data_size           
ffffffff  __TI_prof_data_start          
ffffffff  __binit__                     
ffffffff  __c_args__                    
ffffffff  binit                         
UNDEFED   __mpu_init                    
UNDEFED   _system_post_cinit            

[219 symbols]
