******************************************************************************
                  TI ARM Linker Unix v20.2.7                   
******************************************************************************
>> Linked Sun Mar 19 10:58:38 2023

OUTPUT FILE NAME:   <IotProject1.out>
ENTRY POINT SYMBOL: "_c_int00_noargs"  address: 00006d5d


MEMORY CONFIGURATION

         name            origin    length      used     unused   attr    fill
----------------------  --------  ---------  --------  --------  ----  --------
  FLASH                 00000000   00040000  000071f8  00038e08  R  X
  SRAM                  20000000   00008000  000011fb  00006e05  RW X


SEGMENT ALLOCATION MAP

run origin  load origin   length   init length attrs members
----------  ----------- ---------- ----------- ----- -------
00000000    00000000    000071f8   000071f8    r-x
  00000000    00000000    0000026c   0000026c    r-- .intvecs
  0000026c    0000026c    00006d5c   00006d5c    r-x .text
  00006fc8    00006fc8    000001f8   000001f8    r-- .const
  000071c0    000071c0    00000038   00000038    r-- .cinit
20000000    20000000    000011fb   00000000    rw-
  20000000    20000000    00001000   00000000    rw- .stack
  20001000    20001000    000001d0   00000000    rw- .bss
  200011d0    200011d0    0000002b   00000000    rw- .data


SECTION ALLOCATION MAP

 output                                  attributes/
section   page    origin      length       input sections
--------  ----  ----------  ----------   ----------------
.intvecs   0    00000000    0000026c     
                  00000000    0000026c     tm4c123gh6pm_startup_ccs.obj (.intvecs)

.text      0    0000026c    00006d5c     
                  0000026c    00000d48     ethernet.obj (.text)
                  00000fb4    00000b14     rtsv7M4_T_le_v4SPD16_eabi.lib : _scanfi.c.obj (.text:__TI_scanfi)
                  00001ac8    00000a4e                                   : _printfi.c.obj (.text:__TI_printfi)
                  00002516    00000002                                   : div0.asm.obj (.text)
                  00002518    00000808     gpio.obj (.text)
                  00002d20    00000738     eth0.obj (.text)
                  00003458    000004ac     ip.obj (.text)
                  00003904    0000047c     tcp.obj (.text)
                  00003d80    00000460     rtsv7M4_T_le_v4SPD16_eabi.lib : strtod.c.obj (.text:strtod)
                  000041e0    00000396     mqtt.obj (.text)
                  00004576    00000378     udp.obj (.text)
                  000048ee    0000036c     arp.obj (.text)
                  00004c5a    00000002     --HOLE-- [fill = 0]
                  00004c5c    00000338     timer.obj (.text)
                  00004f94    00000270     rtsv7M4_T_le_v4SPD16_eabi.lib : _printfi.c.obj (.text:_pconv_a)
                  00005204    000001dc                                   : strtoll.c.obj (.text:strtoll)
                  000053e0    000001d0                                   : _printfi.c.obj (.text:_pconv_g)
                  000055b0    000001b6                                   : fd_add_t2.asm.obj (.text)
                  00005766    00000002     --HOLE-- [fill = 0]
                  00005768    00000160     spi0.obj (.text)
                  000058c8    0000015c     rtsv7M4_T_le_v4SPD16_eabi.lib : strtoull.c.obj (.text:strtoull)
                  00005a24    00000154     icmp.obj (.text)
                  00005b78    0000013c     rtsv7M4_T_le_v4SPD16_eabi.lib : _printfi.c.obj (.text:_pconv_e)
                  00005cb4    00000136                                   : fd_div_t2.asm.obj (.text)
                  00005dea    00000002     --HOLE-- [fill = 0]
                  00005dec    00000130                                   : strtol.c.obj (.text:strtol)
                  00005f1c    00000128     uart0.obj (.text)
                  00006044    00000124     rtsv7M4_T_le_v4SPD16_eabi.lib : _printfi.c.obj (.text:fcvt)
                  00006168    00000110                                   : s_scalbn.c.obj (.text:scalbn)
                  00006278    00000110                                   : strtoul.c.obj (.text:strtoul)
                  00006388    000000fc                                   : fd_mul_t2.asm.obj (.text)
                  00006484    000000b1                                   : _printfi.c.obj (.text:_ltostr)
                  00006535    00000001     --HOLE-- [fill = 0]
                  00006536    0000009c                                   : memcpy_t2.asm.obj (.text)
                  000065d2    00000096                                   : ull_div_t2.asm.obj (.text)
                  00006668    00000086                                   : fd_cmp_t2.asm.obj (.text:__aeabi_cdcmple)
                  000066ee    00000086                                   : fd_cmp_t2.asm.obj (.text:__aeabi_cdrcmple)
                  00006774    00000084     eeprom.obj (.text)
                  000067f8    0000007a     rtsv7M4_T_le_v4SPD16_eabi.lib : memset_t2.asm.obj (.text)
                  00006872    0000006e                                   : _printfi.c.obj (.text:_mcpy)
                  000068e0    0000006e                                   : fd_tos_t2.asm.obj (.text)
                  0000694e    00000002     --HOLE-- [fill = 0]
                  00006950    00000068                                   : sscanf.c.obj (.text:_chkmbc)
                  000069b8    00000068                                   : copy_decompress_lzss.c.obj (.text:decompress:lzss:__TI_decompress_lzss)
                  00006a20    00000064                                   : s_frexp.c.obj (.text:frexp)
                  00006a84    00000056                                   : _printfi.c.obj (.text:_pconv_f)
                  00006ada    00000054                                   : _ltoa.c.obj (.text:__TI_ltoa)
                  00006b2e    00000052                                   : _printfi.c.obj (.text:_ecpy)
                  00006b80    0000004c                                   : atoi.c.obj (.text:atoi)
                  00006bcc    0000004c                                   : snprintf.c.obj (.text:snprintf)
                  00006c18    00000048                                   : fd_toi_t2.asm.obj (.text)
                  00006c60    00000044                                   : autoinit.c.obj (.text:__TI_auto_init_nobinit_nopinit:__TI_auto_init_nobinit_nopinit)
                  00006ca4    00000040                                   : strtok.c.obj (.text:strtok)
                  00006ce4    0000003e                                   : _printfi.c.obj (.text:_fcpy)
                  00006d22    00000002     --HOLE-- [fill = 0]
                  00006d24    00000038                                   : sscanf.c.obj (.text:sscanf)
                  00006d5c    00000034                                   : boot_cortex_m.c.obj (.text:_c_int00_noargs:_c_int00_noargs)
                  00006d90    00000030                                   : snprintf.c.obj (.text:_outs)
                  00006dc0    0000002e                                   : i_tofd_t2.asm.obj (.text)
                  00006dee    0000002a                                   : strspn.c.obj (.text:strspn)
                  00006e18    00000024                                   : strcspn.c.obj (.text:strcspn)
                  00006e3c    00000024     wait.obj (.text)
                  00006e60    0000001c     rtsv7M4_T_le_v4SPD16_eabi.lib : copy_zero_init.c.obj (.text:decompress:ZI:__TI_zero_init_nomemset:__TI_zero_init_nomemset)
                  00006e7c    0000001c                                   : memccpy.c.obj (.text:memccpy)
                  00006e98    0000001a                                   : s_copysign.c.obj (.text:copysign)
                  00006eb2    00000018                                   : snprintf.c.obj (.text:_outc)
                  00006eca    00000018                                   : ll_mul_t2.asm.obj (.text)
                  00006ee2    00000018                                   : strcmp.c.obj (.text:strcmp)
                  00006efa    00000018                                   : strrchr.c.obj (.text:strrchr)
                  00006f12    00000016                                   : strchr.c.obj (.text:strchr)
                  00006f28    00000014                                   : strcpy.c.obj (.text:strcpy)
                  00006f3c    00000014                                   : strlen.c.obj (.text:strlen)
                  00006f50    00000012                                   : sscanf.c.obj (.text:_inpchar)
                  00006f62    00000012                                   : wcslen.c.obj (.text:wcslen)
                  00006f74    00000010     clock.obj (.text)
                  00006f84    00000010     rtsv7M4_T_le_v4SPD16_eabi.lib : tolower.c.obj (.text:tolower)
                  00006f94    0000000e                                   : copy_decompress_none.c.obj (.text:decompress:none:__TI_decompress_none)
                  00006fa2    0000000c     tm4c123gh6pm_startup_ccs.obj (.text)
                  00006fae    00000002     --HOLE-- [fill = 0]
                  00006fb0    00000008     rtsv7M4_T_le_v4SPD16_eabi.lib : errno.c.obj (.text:__aeabi_errno_addr)
                  00006fb8    00000008                                   : sscanf.c.obj (.text:_uninpchar)
                  00006fc0    00000004                                   : pre_init.c.obj (.text:_system_pre_init)
                  00006fc4    00000004                                   : exit.c.obj (.text:abort:abort)

.const     0    00006fc8    000001f8     
                  00006fc8    00000101     rtsv7M4_T_le_v4SPD16_eabi.lib : ctype.c.obj (.const:.string:_ctypes_)
                  000070c9    00000004     ethernet.obj (.const:.string:$P$T0$1)
                  000070cd    00000003     --HOLE-- [fill = 0]
                  000070d0    000000c8     rtsv7M4_T_le_v4SPD16_eabi.lib : strtod.c.obj (.const:$O1$$)
                  00007198    00000011     ethernet.obj (.const:.string:$P$T2$3)
                  000071a9    00000003     --HOLE-- [fill = 0]
                  000071ac    00000010     rtsv7M4_T_le_v4SPD16_eabi.lib : _scanfi.c.obj (.const:$O1$$)
                  000071bc    00000004     ethernet.obj (.const:.string:$P$T1$2)

.cinit     0    000071c0    00000038     
                  000071c0    00000010     (.cinit..data.load) [load image, compression = lzss]
                  000071d0    0000000c     (__TI_handler_table)
                  000071dc    00000004     --HOLE-- [fill = 0]
                  000071e0    00000008     (.cinit..bss.load) [load image, compression = zero_init]
                  000071e8    00000010     (__TI_cinit_table)

.init_array 
*          0    00000000    00000000     UNINITIALIZED

.bss       0    20001000    000001d0     UNINITIALIZED
                  20001000    00000054     (.common:strInput)
                  20001054    00000050     (.common:token1)
                  200010a4    00000050     (.common:token2)
                  200010f4    00000050     (.common:token3)
                  20001144    00000028     (.common:fn)
                  2000116c    00000028     (.common:period)
                  20001194    00000028     (.common:ticks)
                  200011bc    0000000c     (.common:reload)
                  200011c8    00000004     (.common:raw)
                  200011cc    00000004     (.common:token)

.data      0    200011d0    0000002b     UNINITIALIZED
                  200011d0    00000006     eth0.obj (.data:hwAddress)
                  200011d6    00000004     ethernet.obj (.data)
                  200011da    00000004     ip.obj (.data:ipAddress)
                  200011de    00000004     ip.obj (.data:ipDnsAddress)
                  200011e2    00000004     ip.obj (.data:ipGwAddress)
                  200011e6    00000004     ip.obj (.data:ipSubnetMask)
                  200011ea    00000004     ip.obj (.data:ipTimeServerAddress)
                  200011ee    00000002     --HOLE--
                  200011f0    00000004     rtsv7M4_T_le_v4SPD16_eabi.lib : errno.c.obj (.data)
                  200011f4    00000004                                   : strtok.c.obj (.data)
                  200011f8    00000003     eth0.obj (.data)

.stack     0    20000000    00001000     UNINITIALIZED
                  20000000    00000004     rtsv7M4_T_le_v4SPD16_eabi.lib : boot_cortex_m.c.obj (.stack)
                  20000004    00000ffc     --HOLE--

__llvm_prf_cnts 
*          0    20000000    00000000     UNINITIALIZED

MODULE SUMMARY

       Module                         code    ro data   rw data
       ------                         ----    -------   -------
    ./
       ethernet.obj                   3400    25        332    
       gpio.obj                       2056    0         0      
       eth0.obj                       1848    0         9      
       ip.obj                         1196    0         20     
       tcp.obj                        1148    0         4      
       timer.obj                      824     0         132    
       mqtt.obj                       918     0         0      
       udp.obj                        888     0         0      
       arp.obj                        876     0         0      
       tm4c123gh6pm_startup_ccs.obj   12      620       0      
       spi0.obj                       352     0         0      
       icmp.obj                       340     0         0      
       uart0.obj                      296     0         0      
       eeprom.obj                     132     0         0      
       wait.obj                       36      0         0      
       clock.obj                      16      0         0      
    +--+------------------------------+-------+---------+---------+
       Total:                         14338   645       497    
                                                               
    /home/swr5250/ti/ccs1220/ccs/tools/compiler/ti-cgt-arm_20.2.7.LTS/lib/rtsv7M4_T_le_v4SPD16_eabi.lib
       _printfi.c.obj                 4851    0         0      
       _scanfi.c.obj                  2836    16        0      
       strtod.c.obj                   1120    200       0      
       strtoll.c.obj                  476     0         0      
       fd_add_t2.asm.obj              438     0         0      
       strtoull.c.obj                 348     0         0      
       fd_div_t2.asm.obj              310     0         0      
       strtol.c.obj                   304     0         0      
       s_scalbn.c.obj                 272     0         0      
       strtoul.c.obj                  272     0         0      
       fd_cmp_t2.asm.obj              268     0         0      
       ctype.c.obj                    0       257       0      
       fd_mul_t2.asm.obj              252     0         0      
       sscanf.c.obj                   186     0         0      
       memcpy_t2.asm.obj              156     0         0      
       ull_div_t2.asm.obj             150     0         0      
       snprintf.c.obj                 148     0         0      
       memset_t2.asm.obj              122     0         0      
       fd_tos_t2.asm.obj              110     0         0      
       copy_decompress_lzss.c.obj     104     0         0      
       s_frexp.c.obj                  100     0         0      
       _ltoa.c.obj                    84      0         0      
       atoi.c.obj                     76      0         0      
       fd_toi_t2.asm.obj              72      0         0      
       autoinit.c.obj                 68      0         0      
       strtok.c.obj                   64      0         4      
       boot_cortex_m.c.obj            52      0         0      
       i_tofd_t2.asm.obj              46      0         0      
       strspn.c.obj                   42      0         0      
       strcspn.c.obj                  36      0         0      
       copy_zero_init.c.obj           28      0         0      
       memccpy.c.obj                  28      0         0      
       s_copysign.c.obj               26      0         0      
       ll_mul_t2.asm.obj              24      0         0      
       strcmp.c.obj                   24      0         0      
       strrchr.c.obj                  24      0         0      
       strchr.c.obj                   22      0         0      
       strcpy.c.obj                   20      0         0      
       strlen.c.obj                   20      0         0      
       wcslen.c.obj                   18      0         0      
       tolower.c.obj                  16      0         0      
       copy_decompress_none.c.obj     14      0         0      
       errno.c.obj                    8       0         4      
       exit.c.obj                     4       0         0      
       pre_init.c.obj                 4       0         0      
       div0.asm.obj                   2       0         0      
    +--+------------------------------+-------+---------+---------+
       Total:                         13645   473       8      
                                                               
       Stack:                         0       0         4096   
       Linker Generated:              0       52        0      
    +--+------------------------------+-------+---------+---------+
       Grand Total:                   27983   1170      4601   


LINKER GENERATED COPY TABLES

__TI_cinit_table @ 000071e8 records: 2, size/record: 8, table size: 16
	.data: load addr=000071c0, load size=00000010 bytes, run addr=200011d0, run size=0000002b bytes, compression=lzss
	.bss: load addr=000071e0, load size=00000008 bytes, run addr=20001000, run size=000001d0 bytes, compression=zero_init


LINKER GENERATED HANDLER TABLE

__TI_handler_table @ 000071d0 records: 3, size/record: 4, table size: 12
	index: 0, handler: __TI_decompress_lzss
	index: 1, handler: __TI_decompress_none
	index: 2, handler: __TI_zero_init


GLOBAL SYMBOLS: SORTED ALPHABETICALLY BY Name 

address   name                          
-------   ----                          
00006fc5  C$$EXIT                       
00006fa3  ResetISR                      
20001000  __STACK_END                   
00001000  __STACK_SIZE                  
20000200  __STACK_TOP                   
000071e8  __TI_CINIT_Base               
000071f8  __TI_CINIT_Limit              
000071d0  __TI_Handler_Table_Base       
000071dc  __TI_Handler_Table_Limit      
00006c61  __TI_auto_init_nobinit_nopinit
000069b9  __TI_decompress_lzss          
00006f95  __TI_decompress_none          
00006adb  __TI_ltoa                     
ffffffff  __TI_pprof_out_hndl           
00001ac9  __TI_printfi                  
ffffffff  __TI_prof_data_size           
ffffffff  __TI_prof_data_start          
00000fb5  __TI_scanfi                   
00000000  __TI_static_base__            
00006e61  __TI_zero_init_nomemset       
00006669  __aeabi_cdcmpeq               
00006669  __aeabi_cdcmple               
000066ef  __aeabi_cdrcmple              
000068e1  __aeabi_d2f                   
00006c19  __aeabi_d2iz                  
000055bb  __aeabi_dadd                  
00005cb5  __aeabi_ddiv                  
00006389  __aeabi_dmul                  
000055b1  __aeabi_dsub                  
00006fb1  __aeabi_errno_addr            
00006dc1  __aeabi_i2d                   
00002517  __aeabi_idiv0                 
00002517  __aeabi_ldiv0                 
00006ecb  __aeabi_lmul                  
000067f9  __aeabi_memclr                
000067f9  __aeabi_memclr4               
000067f9  __aeabi_memclr8               
00006537  __aeabi_memcpy                
00006537  __aeabi_memcpy4               
00006537  __aeabi_memcpy8               
000067fb  __aeabi_memset                
000067fb  __aeabi_memset4               
000067fb  __aeabi_memset8               
000065d3  __aeabi_uldivmod              
ffffffff  __binit__                     
ffffffff  __c_args__                    
UNDEFED   __mpu_init                    
20000000  __stack                       
20000000  __start___llvm_prf_cnts       
20000000  __stop___llvm_prf_cnts        
00006d5d  _c_int00_noargs               
00006fc8  _ctypes_                      
UNDEFED   _system_post_cinit            
00006fc1  _system_pre_init              
00006fc5  abort                         
000005ed  asciiToUint8                  
00006b81  atoi                          
ffffffff  binit                         
000038bf  calcIpChecksum                
00002ddf  clearEtherReg                 
00002b6d  clearPinInterrupt             
00006e99  copysign                      
00006e99  copysignl                     
200011d9  count                         
00002d37  disableEtherCs                
00002b49  disablePinInterrupt           
00002881  disablePinPulldown            
00002839  disablePinPullup              
000025d5  disablePort                   
000002a9  displayConnectionInfo         
00002d21  enableEtherCs                 
00002b25  enablePinInterrupt            
0000285d  enablePinPulldown             
0000280b  enablePinPullup               
00002519  enablePort                    
200011f0  errno                         
20001144  fn                            
00006a21  frexp                         
00006a21  frexpl                        
00000000  g_pfnVectors                  
0000335f  getEtherId                    
000033f9  getEtherMacAddress            
00003115  getEtherPacket                
00003589  getIpAddress                  
0000388d  getIpChecksum                 
000036e5  getIpDnsAddress               
00003671  getIpGatewayAddress           
000037d1  getIpMqttBrokerAddress        
000035fd  getIpSubnetMask               
00003759  getIpTimeServerAddress        
00002bdb  getPinValue                   
00002c91  getPortValue                  
000039d7  getTcpMessageSocket           
0000461f  getUdpData                    
0000464b  getUdpMessageSocket           
00005ff3  getcUart0                     
000032eb  htonb                         
00003333  htonl                         
0000330f  htons                         
200011d0  hwAddress                     
0000336b  incEtherId                    
00006775  initEeprom                    
00002f2b  initEther                     
0000026d  initHw                        
00005769  initSpi0                      
00006f75  initSystemClockTo40Mhz        
00004c5d  initTimer                     
00005f1d  initUart0                     
200011da  ipAddress                     
200011de  ipDnsAddress                  
200011e2  ipGwAddress                   
200011e6  ipSubnetMask                  
200011ea  ipTimeServerAddress           
000048ef  isArpRequest                  
00004993  isArpResponse                 
000030cb  isEtherDataAvailable          
00003529  isEtherIpValid                
000030b1  isEtherLinkUp                 
000030e5  isEtherOverflow               
00003459  isIp                          
000034c9  isIpUnicast                   
00005a25  isPingRequest                 
00003905  isTcp                         
00004577  isUdp                         
00006007  kbhitUart0                    
00006169  ldexp                         
00006169  ldexpl                        
00000b85  main                          
00006e7d  memccpy                       
00006537  memcpy                        
00006801  memset                        
200011f8  nextPacketLsb                 
200011f9  nextPacketMsb                 
2000116c  period                        
000049e7  processArp                    
000041e1  processMqtt                   
0000069f  processShell                  
00003a81  processTcp                    
00003205  putEtherPacket                
00005fab  putcUart0                     
00005fc7  putsUart0                     
00004f57  random32                      
200011c8  raw                           
00000539  readConfiguration             
000067bd  readEeprom                    
00002f13  readEtherMem                  
00002e67  readEtherPhy                  
00002d79  readEtherReg                  
000058a1  readSpi0Data                  
200011bc  reload                        
00004e6f  restartTimer                  
00006169  scalbn                        
00006169  scalbnl                       
0000273f  selectPinAnalogInput          
000026f1  selectPinDigitalInput         
00002a5b  selectPinInterruptBothEdges   
00002a0b  selectPinInterruptFallingEdge 
00002ab1  selectPinInterruptHighLevel   
00002aeb  selectPinInterruptLowLevel    
000029bb  selectPinInterruptRisingEdge  
000026a3  selectPinOpenDrainOutput      
00002655  selectPinPushPullOutput       
00004b3d  sendArpRequest                
00004a5f  sendArpResponse               
200011d7  sendFINACK                    
0000421b  sendMqttMessage               
00005a69  sendPingResponse              
200011d6  sendSYN                       
00003b41  sendTcpMessage                
000046f5  sendUdpMessage                
200011fa  sequenceId                    
00002e13  setEtherBank                  
00003375  setEtherMacAddress            
00002dab  setEtherReg                   
0000354f  setIpAddress                  
000036ab  setIpDnsAddress               
00003637  setIpGatewayAddress           
00003793  setIpMqttBrokerAddress        
000035c3  setIpSubnetMask               
0000371f  setIpTimeServerAddress        
000028a9  setPinAuxFunction             
0000278f  setPinCommitControl           
00002b91  setPinValue                   
00002c19  setPortValue                  
00005805  setSpi0BaudRate               
0000583b  setSpi0Mode                   
00005f67  setUart0BaudRate              
00006bcd  snprintf                      
00006d25  sscanf                        
00002f01  startEtherMemRead             
00002ed3  startEtherMemWrite            
00004cfd  startOneshotTimer             
00004d83  startPeriodicTimer            
200011d8  state                         
00002f23  stopEtherMemRead              
00002ef9  stopEtherMemWrite             
00004e09  stopTimer                     
20001000  strInput                      
00006f13  strchr                        
00006ee3  strcmp                        
00006f29  strcpy                        
00006e19  strcspn                       
00006f3d  strlen                        
00006efb  strrchr                       
00006def  strspn                        
00003d81  strtod                        
00006ca5  strtok                        
00005ded  strtol                        
00003d81  strtold                       
00005205  strtoll                       
00006279  strtoul                       
000058c9  strtoull                      
00003819  sumIpWords                    
00004edd  tickIsr                       
20001194  ticks                         
00002bb7  togglePinValue                
200011cc  token                         
20001054  token1                        
200010a4  token2                        
200010f4  token3                        
00006f85  tolower                       
00006e3d  waitMicrosecond               
00006f63  wcslen                        
0000678b  writeEeprom                   
00002ee5  writeEtherMem                 
00002e2f  writeEtherPhy                 
00002d45  writeEtherReg                 
00005889  writeSpi0Data                 


GLOBAL SYMBOLS: SORTED BY Symbol Address 

address   name                          
-------   ----                          
00000000  __TI_static_base__            
00000000  g_pfnVectors                  
0000026d  initHw                        
000002a9  displayConnectionInfo         
00000539  readConfiguration             
000005ed  asciiToUint8                  
0000069f  processShell                  
00000b85  main                          
00000fb5  __TI_scanfi                   
00001000  __STACK_SIZE                  
00001ac9  __TI_printfi                  
00002517  __aeabi_idiv0                 
00002517  __aeabi_ldiv0                 
00002519  enablePort                    
000025d5  disablePort                   
00002655  selectPinPushPullOutput       
000026a3  selectPinOpenDrainOutput      
000026f1  selectPinDigitalInput         
0000273f  selectPinAnalogInput          
0000278f  setPinCommitControl           
0000280b  enablePinPullup               
00002839  disablePinPullup              
0000285d  enablePinPulldown             
00002881  disablePinPulldown            
000028a9  setPinAuxFunction             
000029bb  selectPinInterruptRisingEdge  
00002a0b  selectPinInterruptFallingEdge 
00002a5b  selectPinInterruptBothEdges   
00002ab1  selectPinInterruptHighLevel   
00002aeb  selectPinInterruptLowLevel    
00002b25  enablePinInterrupt            
00002b49  disablePinInterrupt           
00002b6d  clearPinInterrupt             
00002b91  setPinValue                   
00002bb7  togglePinValue                
00002bdb  getPinValue                   
00002c19  setPortValue                  
00002c91  getPortValue                  
00002d21  enableEtherCs                 
00002d37  disableEtherCs                
00002d45  writeEtherReg                 
00002d79  readEtherReg                  
00002dab  setEtherReg                   
00002ddf  clearEtherReg                 
00002e13  setEtherBank                  
00002e2f  writeEtherPhy                 
00002e67  readEtherPhy                  
00002ed3  startEtherMemWrite            
00002ee5  writeEtherMem                 
00002ef9  stopEtherMemWrite             
00002f01  startEtherMemRead             
00002f13  readEtherMem                  
00002f23  stopEtherMemRead              
00002f2b  initEther                     
000030b1  isEtherLinkUp                 
000030cb  isEtherDataAvailable          
000030e5  isEtherOverflow               
00003115  getEtherPacket                
00003205  putEtherPacket                
000032eb  htonb                         
0000330f  htons                         
00003333  htonl                         
0000335f  getEtherId                    
0000336b  incEtherId                    
00003375  setEtherMacAddress            
000033f9  getEtherMacAddress            
00003459  isIp                          
000034c9  isIpUnicast                   
00003529  isEtherIpValid                
0000354f  setIpAddress                  
00003589  getIpAddress                  
000035c3  setIpSubnetMask               
000035fd  getIpSubnetMask               
00003637  setIpGatewayAddress           
00003671  getIpGatewayAddress           
000036ab  setIpDnsAddress               
000036e5  getIpDnsAddress               
0000371f  setIpTimeServerAddress        
00003759  getIpTimeServerAddress        
00003793  setIpMqttBrokerAddress        
000037d1  getIpMqttBrokerAddress        
00003819  sumIpWords                    
0000388d  getIpChecksum                 
000038bf  calcIpChecksum                
00003905  isTcp                         
000039d7  getTcpMessageSocket           
00003a81  processTcp                    
00003b41  sendTcpMessage                
00003d81  strtod                        
00003d81  strtold                       
000041e1  processMqtt                   
0000421b  sendMqttMessage               
00004577  isUdp                         
0000461f  getUdpData                    
0000464b  getUdpMessageSocket           
000046f5  sendUdpMessage                
000048ef  isArpRequest                  
00004993  isArpResponse                 
000049e7  processArp                    
00004a5f  sendArpResponse               
00004b3d  sendArpRequest                
00004c5d  initTimer                     
00004cfd  startOneshotTimer             
00004d83  startPeriodicTimer            
00004e09  stopTimer                     
00004e6f  restartTimer                  
00004edd  tickIsr                       
00004f57  random32                      
00005205  strtoll                       
000055b1  __aeabi_dsub                  
000055bb  __aeabi_dadd                  
00005769  initSpi0                      
00005805  setSpi0BaudRate               
0000583b  setSpi0Mode                   
00005889  writeSpi0Data                 
000058a1  readSpi0Data                  
000058c9  strtoull                      
00005a25  isPingRequest                 
00005a69  sendPingResponse              
00005cb5  __aeabi_ddiv                  
00005ded  strtol                        
00005f1d  initUart0                     
00005f67  setUart0BaudRate              
00005fab  putcUart0                     
00005fc7  putsUart0                     
00005ff3  getcUart0                     
00006007  kbhitUart0                    
00006169  ldexp                         
00006169  ldexpl                        
00006169  scalbn                        
00006169  scalbnl                       
00006279  strtoul                       
00006389  __aeabi_dmul                  
00006537  __aeabi_memcpy                
00006537  __aeabi_memcpy4               
00006537  __aeabi_memcpy8               
00006537  memcpy                        
000065d3  __aeabi_uldivmod              
00006669  __aeabi_cdcmpeq               
00006669  __aeabi_cdcmple               
000066ef  __aeabi_cdrcmple              
00006775  initEeprom                    
0000678b  writeEeprom                   
000067bd  readEeprom                    
000067f9  __aeabi_memclr                
000067f9  __aeabi_memclr4               
000067f9  __aeabi_memclr8               
000067fb  __aeabi_memset                
000067fb  __aeabi_memset4               
000067fb  __aeabi_memset8               
00006801  memset                        
000068e1  __aeabi_d2f                   
000069b9  __TI_decompress_lzss          
00006a21  frexp                         
00006a21  frexpl                        
00006adb  __TI_ltoa                     
00006b81  atoi                          
00006bcd  snprintf                      
00006c19  __aeabi_d2iz                  
00006c61  __TI_auto_init_nobinit_nopinit
00006ca5  strtok                        
00006d25  sscanf                        
00006d5d  _c_int00_noargs               
00006dc1  __aeabi_i2d                   
00006def  strspn                        
00006e19  strcspn                       
00006e3d  waitMicrosecond               
00006e61  __TI_zero_init_nomemset       
00006e7d  memccpy                       
00006e99  copysign                      
00006e99  copysignl                     
00006ecb  __aeabi_lmul                  
00006ee3  strcmp                        
00006efb  strrchr                       
00006f13  strchr                        
00006f29  strcpy                        
00006f3d  strlen                        
00006f63  wcslen                        
00006f75  initSystemClockTo40Mhz        
00006f85  tolower                       
00006f95  __TI_decompress_none          
00006fa3  ResetISR                      
00006fb1  __aeabi_errno_addr            
00006fc1  _system_pre_init              
00006fc5  C$$EXIT                       
00006fc5  abort                         
00006fc8  _ctypes_                      
000071d0  __TI_Handler_Table_Base       
000071dc  __TI_Handler_Table_Limit      
000071e8  __TI_CINIT_Base               
000071f8  __TI_CINIT_Limit              
20000000  __stack                       
20000000  __start___llvm_prf_cnts       
20000000  __stop___llvm_prf_cnts        
20000200  __STACK_TOP                   
20001000  __STACK_END                   
20001000  strInput                      
20001054  token1                        
200010a4  token2                        
200010f4  token3                        
20001144  fn                            
2000116c  period                        
20001194  ticks                         
200011bc  reload                        
200011c8  raw                           
200011cc  token                         
200011d0  hwAddress                     
200011d6  sendSYN                       
200011d7  sendFINACK                    
200011d8  state                         
200011d9  count                         
200011da  ipAddress                     
200011de  ipDnsAddress                  
200011e2  ipGwAddress                   
200011e6  ipSubnetMask                  
200011ea  ipTimeServerAddress           
200011f0  errno                         
200011f8  nextPacketLsb                 
200011f9  nextPacketMsb                 
200011fa  sequenceId                    
ffffffff  __TI_pprof_out_hndl           
ffffffff  __TI_prof_data_size           
ffffffff  __TI_prof_data_start          
ffffffff  __binit__                     
ffffffff  __c_args__                    
ffffffff  binit                         
UNDEFED   __mpu_init                    
UNDEFED   _system_post_cinit            

[228 symbols]
