******************************************************************************
                  TI ARM Linker Unix v20.2.7                   
******************************************************************************
>> Linked Sat Mar 18 19:16:48 2023

OUTPUT FILE NAME:   <IotProject1.out>
ENTRY POINT SYMBOL: "_c_int00_noargs"  address: 00006ca9


MEMORY CONFIGURATION

         name            origin    length      used     unused   attr    fill
----------------------  --------  ---------  --------  --------  ----  --------
  FLASH                 00000000   00040000  00007148  00038eb8  R  X
  SRAM                  20000000   00008000  000011fb  00006e05  RW X


SEGMENT ALLOCATION MAP

run origin  load origin   length   init length attrs members
----------  ----------- ---------- ----------- ----- -------
00000000    00000000    00007150   00007150    r-x
  00000000    00000000    0000026c   0000026c    r-- .intvecs
  0000026c    0000026c    00006ca8   00006ca8    r-x .text
  00006f18    00006f18    000001fc   000001fc    r-- .const
  00007118    00007118    00000038   00000038    r-- .cinit
20000000    20000000    000011fb   00000000    rw-
  20000000    20000000    00001000   00000000    rw- .stack
  20001000    20001000    000001d0   00000000    rw- .bss
  200011d0    200011d0    0000002b   00000000    rw- .data


SECTION ALLOCATION MAP

 output                                  attributes/
section   page    origin      length       input sections
--------  ----  ----------  ----------   ----------------
.intvecs   0    00000000    0000026c     
                  00000000    0000026c     tm4c123gh6pm_startup_ccs.obj (.intvecs)

.text      0    0000026c    00006ca8     
                  0000026c    00000cc0     ethernet.obj (.text)
                  00000f2c    00000b14     rtsv7M4_T_le_v4SPD16_eabi.lib : _scanfi.c.obj (.text:__TI_scanfi)
                  00001a40    00000a4e                                   : _printfi.c.obj (.text:__TI_printfi)
                  0000248e    00000002                                   : div0.asm.obj (.text)
                  00002490    00000808     gpio.obj (.text)
                  00002c98    00000738     eth0.obj (.text)
                  000033d0    000004ac     ip.obj (.text)
                  0000387c    0000046c     tcp.obj (.text)
                  00003ce8    00000460     rtsv7M4_T_le_v4SPD16_eabi.lib : strtod.c.obj (.text:strtod)
                  00004148    0000037c     mqtt.obj (.text)
                  000044c4    00000378     udp.obj (.text)
                  0000483c    0000036c     arp.obj (.text)
                  00004ba8    00000338     timer.obj (.text)
                  00004ee0    00000270     rtsv7M4_T_le_v4SPD16_eabi.lib : _printfi.c.obj (.text:_pconv_a)
                  00005150    000001dc                                   : strtoll.c.obj (.text:strtoll)
                  0000532c    000001d0                                   : _printfi.c.obj (.text:_pconv_g)
                  000054fc    000001b6                                   : fd_add_t2.asm.obj (.text)
                  000056b2    00000002     --HOLE-- [fill = 0]
                  000056b4    00000160     spi0.obj (.text)
                  00005814    0000015c     rtsv7M4_T_le_v4SPD16_eabi.lib : strtoull.c.obj (.text:strtoull)
                  00005970    00000154     icmp.obj (.text)
                  00005ac4    0000013c     rtsv7M4_T_le_v4SPD16_eabi.lib : _printfi.c.obj (.text:_pconv_e)
                  00005c00    00000136                                   : fd_div_t2.asm.obj (.text)
                  00005d36    00000002     --HOLE-- [fill = 0]
                  00005d38    00000130                                   : strtol.c.obj (.text:strtol)
                  00005e68    00000128     uart0.obj (.text)
                  00005f90    00000124     rtsv7M4_T_le_v4SPD16_eabi.lib : _printfi.c.obj (.text:fcvt)
                  000060b4    00000110                                   : s_scalbn.c.obj (.text:scalbn)
                  000061c4    00000110                                   : strtoul.c.obj (.text:strtoul)
                  000062d4    000000fc                                   : fd_mul_t2.asm.obj (.text)
                  000063d0    000000b1                                   : _printfi.c.obj (.text:_ltostr)
                  00006481    00000001     --HOLE-- [fill = 0]
                  00006482    0000009c                                   : memcpy_t2.asm.obj (.text)
                  0000651e    00000096                                   : ull_div_t2.asm.obj (.text)
                  000065b4    00000086                                   : fd_cmp_t2.asm.obj (.text:__aeabi_cdcmple)
                  0000663a    00000086                                   : fd_cmp_t2.asm.obj (.text:__aeabi_cdrcmple)
                  000066c0    00000084     eeprom.obj (.text)
                  00006744    0000007a     rtsv7M4_T_le_v4SPD16_eabi.lib : memset_t2.asm.obj (.text)
                  000067be    0000006e                                   : _printfi.c.obj (.text:_mcpy)
                  0000682c    0000006e                                   : fd_tos_t2.asm.obj (.text)
                  0000689a    00000002     --HOLE-- [fill = 0]
                  0000689c    00000068                                   : sscanf.c.obj (.text:_chkmbc)
                  00006904    00000068                                   : copy_decompress_lzss.c.obj (.text:decompress:lzss:__TI_decompress_lzss)
                  0000696c    00000064                                   : s_frexp.c.obj (.text:frexp)
                  000069d0    00000056                                   : _printfi.c.obj (.text:_pconv_f)
                  00006a26    00000054                                   : _ltoa.c.obj (.text:__TI_ltoa)
                  00006a7a    00000052                                   : _printfi.c.obj (.text:_ecpy)
                  00006acc    0000004c                                   : atoi.c.obj (.text:atoi)
                  00006b18    0000004c                                   : snprintf.c.obj (.text:snprintf)
                  00006b64    00000048                                   : fd_toi_t2.asm.obj (.text)
                  00006bac    00000044                                   : autoinit.c.obj (.text:__TI_auto_init_nobinit_nopinit:__TI_auto_init_nobinit_nopinit)
                  00006bf0    00000040                                   : strtok.c.obj (.text:strtok)
                  00006c30    0000003e                                   : _printfi.c.obj (.text:_fcpy)
                  00006c6e    00000002     --HOLE-- [fill = 0]
                  00006c70    00000038                                   : sscanf.c.obj (.text:sscanf)
                  00006ca8    00000034                                   : boot_cortex_m.c.obj (.text:_c_int00_noargs:_c_int00_noargs)
                  00006cdc    00000030                                   : snprintf.c.obj (.text:_outs)
                  00006d0c    0000002e                                   : i_tofd_t2.asm.obj (.text)
                  00006d3a    0000002a                                   : strspn.c.obj (.text:strspn)
                  00006d64    00000024                                   : strcspn.c.obj (.text:strcspn)
                  00006d88    00000024     wait.obj (.text)
                  00006dac    0000001c     rtsv7M4_T_le_v4SPD16_eabi.lib : copy_zero_init.c.obj (.text:decompress:ZI:__TI_zero_init_nomemset:__TI_zero_init_nomemset)
                  00006dc8    0000001c                                   : memccpy.c.obj (.text:memccpy)
                  00006de4    0000001a                                   : s_copysign.c.obj (.text:copysign)
                  00006dfe    00000018                                   : snprintf.c.obj (.text:_outc)
                  00006e16    00000018                                   : ll_mul_t2.asm.obj (.text)
                  00006e2e    00000018                                   : strcmp.c.obj (.text:strcmp)
                  00006e46    00000018                                   : strrchr.c.obj (.text:strrchr)
                  00006e5e    00000016                                   : strchr.c.obj (.text:strchr)
                  00006e74    00000014                                   : strcpy.c.obj (.text:strcpy)
                  00006e88    00000014                                   : strlen.c.obj (.text:strlen)
                  00006e9c    00000012                                   : sscanf.c.obj (.text:_inpchar)
                  00006eae    00000012                                   : wcslen.c.obj (.text:wcslen)
                  00006ec0    00000010     clock.obj (.text)
                  00006ed0    00000010     rtsv7M4_T_le_v4SPD16_eabi.lib : tolower.c.obj (.text:tolower)
                  00006ee0    0000000e                                   : copy_decompress_none.c.obj (.text:decompress:none:__TI_decompress_none)
                  00006eee    0000000c     tm4c123gh6pm_startup_ccs.obj (.text)
                  00006efa    00000002     --HOLE-- [fill = 0]
                  00006efc    00000008     rtsv7M4_T_le_v4SPD16_eabi.lib : errno.c.obj (.text:__aeabi_errno_addr)
                  00006f04    00000008                                   : sscanf.c.obj (.text:_uninpchar)
                  00006f0c    00000004                                   : pre_init.c.obj (.text:_system_pre_init)
                  00006f10    00000004                                   : exit.c.obj (.text:abort:abort)

.const     0    00006f18    000001fc     
                  00006f18    00000101     rtsv7M4_T_le_v4SPD16_eabi.lib : ctype.c.obj (.const:.string:_ctypes_)
                  00007019    00000006     ethernet.obj (.const:.string:$P$T2$3)
                  0000701f    00000001     --HOLE-- [fill = 0]
                  00007020    000000c8     rtsv7M4_T_le_v4SPD16_eabi.lib : strtod.c.obj (.const:$O1$$)
                  000070e8    00000011     ethernet.obj (.const:.string:$P$T3$4)
                  000070f9    00000003     --HOLE-- [fill = 0]
                  000070fc    00000010     rtsv7M4_T_le_v4SPD16_eabi.lib : _scanfi.c.obj (.const:$O1$$)
                  0000710c    00000004     ethernet.obj (.const:.string:$P$T0$1)
                  00007110    00000004     ethernet.obj (.const:.string:$P$T1$2)

.cinit     0    00007118    00000038     
                  00007118    00000010     (.cinit..data.load) [load image, compression = lzss]
                  00007128    0000000c     (__TI_handler_table)
                  00007134    00000004     --HOLE-- [fill = 0]
                  00007138    00000008     (.cinit..bss.load) [load image, compression = zero_init]
                  00007140    00000010     (__TI_cinit_table)

.init_array 
*          0    00000000    00000000     UNINITIALIZED

.bss       0    20001000    000001d0     UNINITIALIZED
                  20001000    00000054     (.common:strInput)
                  20001054    00000050     (.common:token1)
                  200010a4    00000050     (.common:token2)
                  200010f4    00000050     (.common:token3)
                  20001144    00000028     (.common:fn)
                  2000116c    00000028     (.common:period)
                  20001194    00000028     (.common:ticks)
                  200011bc    0000000c     (.common:reload)
                  200011c8    00000004     (.common:raw)
                  200011cc    00000004     (.common:token)

.data      0    200011d0    0000002b     UNINITIALIZED
                  200011d0    00000006     eth0.obj (.data:hwAddress)
                  200011d6    00000004     ethernet.obj (.data)
                  200011da    00000004     ip.obj (.data:ipAddress)
                  200011de    00000004     ip.obj (.data:ipDnsAddress)
                  200011e2    00000004     ip.obj (.data:ipGwAddress)
                  200011e6    00000004     ip.obj (.data:ipSubnetMask)
                  200011ea    00000004     ip.obj (.data:ipTimeServerAddress)
                  200011ee    00000002     --HOLE--
                  200011f0    00000004     rtsv7M4_T_le_v4SPD16_eabi.lib : errno.c.obj (.data)
                  200011f4    00000004                                   : strtok.c.obj (.data)
                  200011f8    00000003     eth0.obj (.data)

.stack     0    20000000    00001000     UNINITIALIZED
                  20000000    00000004     rtsv7M4_T_le_v4SPD16_eabi.lib : boot_cortex_m.c.obj (.stack)
                  20000004    00000ffc     --HOLE--

__llvm_prf_cnts 
*          0    20000000    00000000     UNINITIALIZED

MODULE SUMMARY

       Module                         code    ro data   rw data
       ------                         ----    -------   -------
    ./
       ethernet.obj                   3264    31        332    
       gpio.obj                       2056    0         0      
       eth0.obj                       1848    0         9      
       ip.obj                         1196    0         20     
       tcp.obj                        1132    0         4      
       timer.obj                      824     0         132    
       mqtt.obj                       892     0         0      
       udp.obj                        888     0         0      
       arp.obj                        876     0         0      
       tm4c123gh6pm_startup_ccs.obj   12      620       0      
       spi0.obj                       352     0         0      
       icmp.obj                       340     0         0      
       uart0.obj                      296     0         0      
       eeprom.obj                     132     0         0      
       wait.obj                       36      0         0      
       clock.obj                      16      0         0      
    +--+------------------------------+-------+---------+---------+
       Total:                         14160   651       497    
                                                               
    /home/swr5250/ti/ccs1220/ccs/tools/compiler/ti-cgt-arm_20.2.7.LTS/lib/rtsv7M4_T_le_v4SPD16_eabi.lib
       _printfi.c.obj                 4851    0         0      
       _scanfi.c.obj                  2836    16        0      
       strtod.c.obj                   1120    200       0      
       strtoll.c.obj                  476     0         0      
       fd_add_t2.asm.obj              438     0         0      
       strtoull.c.obj                 348     0         0      
       fd_div_t2.asm.obj              310     0         0      
       strtol.c.obj                   304     0         0      
       s_scalbn.c.obj                 272     0         0      
       strtoul.c.obj                  272     0         0      
       fd_cmp_t2.asm.obj              268     0         0      
       ctype.c.obj                    0       257       0      
       fd_mul_t2.asm.obj              252     0         0      
       sscanf.c.obj                   186     0         0      
       memcpy_t2.asm.obj              156     0         0      
       ull_div_t2.asm.obj             150     0         0      
       snprintf.c.obj                 148     0         0      
       memset_t2.asm.obj              122     0         0      
       fd_tos_t2.asm.obj              110     0         0      
       copy_decompress_lzss.c.obj     104     0         0      
       s_frexp.c.obj                  100     0         0      
       _ltoa.c.obj                    84      0         0      
       atoi.c.obj                     76      0         0      
       fd_toi_t2.asm.obj              72      0         0      
       autoinit.c.obj                 68      0         0      
       strtok.c.obj                   64      0         4      
       boot_cortex_m.c.obj            52      0         0      
       i_tofd_t2.asm.obj              46      0         0      
       strspn.c.obj                   42      0         0      
       strcspn.c.obj                  36      0         0      
       copy_zero_init.c.obj           28      0         0      
       memccpy.c.obj                  28      0         0      
       s_copysign.c.obj               26      0         0      
       ll_mul_t2.asm.obj              24      0         0      
       strcmp.c.obj                   24      0         0      
       strrchr.c.obj                  24      0         0      
       strchr.c.obj                   22      0         0      
       strcpy.c.obj                   20      0         0      
       strlen.c.obj                   20      0         0      
       wcslen.c.obj                   18      0         0      
       tolower.c.obj                  16      0         0      
       copy_decompress_none.c.obj     14      0         0      
       errno.c.obj                    8       0         4      
       exit.c.obj                     4       0         0      
       pre_init.c.obj                 4       0         0      
       div0.asm.obj                   2       0         0      
    +--+------------------------------+-------+---------+---------+
       Total:                         13645   473       8      
                                                               
       Stack:                         0       0         4096   
       Linker Generated:              0       52        0      
    +--+------------------------------+-------+---------+---------+
       Grand Total:                   27805   1176      4601   


LINKER GENERATED COPY TABLES

__TI_cinit_table @ 00007140 records: 2, size/record: 8, table size: 16
	.data: load addr=00007118, load size=00000010 bytes, run addr=200011d0, run size=0000002b bytes, compression=lzss
	.bss: load addr=00007138, load size=00000008 bytes, run addr=20001000, run size=000001d0 bytes, compression=zero_init


LINKER GENERATED HANDLER TABLE

__TI_handler_table @ 00007128 records: 3, size/record: 4, table size: 12
	index: 0, handler: __TI_decompress_lzss
	index: 1, handler: __TI_decompress_none
	index: 2, handler: __TI_zero_init


GLOBAL SYMBOLS: SORTED ALPHABETICALLY BY Name 

address   name                          
-------   ----                          
00006f11  C$$EXIT                       
00006eef  ResetISR                      
20001000  __STACK_END                   
00001000  __STACK_SIZE                  
20000200  __STACK_TOP                   
00007140  __TI_CINIT_Base               
00007150  __TI_CINIT_Limit              
00007128  __TI_Handler_Table_Base       
00007134  __TI_Handler_Table_Limit      
00006bad  __TI_auto_init_nobinit_nopinit
00006905  __TI_decompress_lzss          
00006ee1  __TI_decompress_none          
00006a27  __TI_ltoa                     
ffffffff  __TI_pprof_out_hndl           
00001a41  __TI_printfi                  
ffffffff  __TI_prof_data_size           
ffffffff  __TI_prof_data_start          
00000f2d  __TI_scanfi                   
00000000  __TI_static_base__            
00006dad  __TI_zero_init_nomemset       
000065b5  __aeabi_cdcmpeq               
000065b5  __aeabi_cdcmple               
0000663b  __aeabi_cdrcmple              
0000682d  __aeabi_d2f                   
00006b65  __aeabi_d2iz                  
00005507  __aeabi_dadd                  
00005c01  __aeabi_ddiv                  
000062d5  __aeabi_dmul                  
000054fd  __aeabi_dsub                  
00006efd  __aeabi_errno_addr            
00006d0d  __aeabi_i2d                   
0000248f  __aeabi_idiv0                 
0000248f  __aeabi_ldiv0                 
00006e17  __aeabi_lmul                  
00006745  __aeabi_memclr                
00006745  __aeabi_memclr4               
00006745  __aeabi_memclr8               
00006483  __aeabi_memcpy                
00006483  __aeabi_memcpy4               
00006483  __aeabi_memcpy8               
00006747  __aeabi_memset                
00006747  __aeabi_memset4               
00006747  __aeabi_memset8               
0000651f  __aeabi_uldivmod              
ffffffff  __binit__                     
ffffffff  __c_args__                    
UNDEFED   __mpu_init                    
20000000  __stack                       
20000000  __start___llvm_prf_cnts       
20000000  __stop___llvm_prf_cnts        
00006ca9  _c_int00_noargs               
00006f18  _ctypes_                      
UNDEFED   _system_post_cinit            
00006f0d  _system_pre_init              
00006f11  abort                         
000005ed  asciiToUint8                  
00006acd  atoi                          
ffffffff  binit                         
00003837  calcIpChecksum                
00002d57  clearEtherReg                 
00002ae5  clearPinInterrupt             
00006de5  copysign                      
00006de5  copysignl                     
200011d9  count                         
00002caf  disableEtherCs                
00002ac1  disablePinInterrupt           
000027f9  disablePinPulldown            
000027b1  disablePinPullup              
0000254d  disablePort                   
000002a9  displayConnectionInfo         
00002c99  enableEtherCs                 
00002a9d  enablePinInterrupt            
000027d5  enablePinPulldown             
00002783  enablePinPullup               
00002491  enablePort                    
200011f0  errno                         
20001144  fn                            
0000696d  frexp                         
0000696d  frexpl                        
00000000  g_pfnVectors                  
000032d7  getEtherId                    
00003371  getEtherMacAddress            
0000308d  getEtherPacket                
00003501  getIpAddress                  
00003805  getIpChecksum                 
0000365d  getIpDnsAddress               
000035e9  getIpGatewayAddress           
00003749  getIpMqttBrokerAddress        
00003575  getIpSubnetMask               
000036d1  getIpTimeServerAddress        
00002b53  getPinValue                   
00002c09  getPortValue                  
0000394f  getTcpMessageSocket           
0000456d  getUdpData                    
00004599  getUdpMessageSocket           
00005f3f  getcUart0                     
00003263  htonb                         
000032ab  htonl                         
00003287  htons                         
200011d0  hwAddress                     
000032e3  incEtherId                    
000066c1  initEeprom                    
00002ea3  initEther                     
0000026d  initHw                        
000056b5  initSpi0                      
00006ec1  initSystemClockTo40Mhz        
00004ba9  initTimer                     
00005e69  initUart0                     
200011da  ipAddress                     
200011de  ipDnsAddress                  
200011e2  ipGwAddress                   
200011e6  ipSubnetMask                  
200011ea  ipTimeServerAddress           
0000483d  isArpRequest                  
000048e1  isArpResponse                 
00003043  isEtherDataAvailable          
000034a1  isEtherIpValid                
00003029  isEtherLinkUp                 
0000305d  isEtherOverflow               
000033d1  isIp                          
00003441  isIpUnicast                   
00005971  isPingRequest                 
0000387d  isTcp                         
000044c5  isUdp                         
00005f53  kbhitUart0                    
000060b5  ldexp                         
000060b5  ldexpl                        
00000b65  main                          
00006dc9  memccpy                       
00006483  memcpy                        
0000674d  memset                        
200011f8  nextPacketLsb                 
200011f9  nextPacketMsb                 
2000116c  period                        
00004935  processArp                    
00004149  processMqtt                   
0000069f  processShell                  
000039f9  processTcp                    
0000317d  putEtherPacket                
00005ef7  putcUart0                     
00005f13  putsUart0                     
00004ea3  random32                      
200011c8  raw                           
00000539  readConfiguration             
00006709  readEeprom                    
00002e8b  readEtherMem                  
00002ddf  readEtherPhy                  
00002cf1  readEtherReg                  
000057ed  readSpi0Data                  
200011bc  reload                        
00004dbb  restartTimer                  
000060b5  scalbn                        
000060b5  scalbnl                       
000026b7  selectPinAnalogInput          
00002669  selectPinDigitalInput         
000029d3  selectPinInterruptBothEdges   
00002983  selectPinInterruptFallingEdge 
00002a29  selectPinInterruptHighLevel   
00002a63  selectPinInterruptLowLevel    
00002933  selectPinInterruptRisingEdge  
0000261b  selectPinOpenDrainOutput      
000025cd  selectPinPushPullOutput       
00004a8b  sendArpRequest                
000049ad  sendArpResponse               
200011d7  sendFINACK                    
00004183  sendMqttMessage               
000059b5  sendPingResponse              
200011d6  sendSYN                       
00003aab  sendTcpMessage                
00004643  sendUdpMessage                
200011fa  sequenceId                    
00002d8b  setEtherBank                  
000032ed  setEtherMacAddress            
00002d23  setEtherReg                   
000034c7  setIpAddress                  
00003623  setIpDnsAddress               
000035af  setIpGatewayAddress           
0000370b  setIpMqttBrokerAddress        
0000353b  setIpSubnetMask               
00003697  setIpTimeServerAddress        
00002821  setPinAuxFunction             
00002707  setPinCommitControl           
00002b09  setPinValue                   
00002b91  setPortValue                  
00005751  setSpi0BaudRate               
00005787  setSpi0Mode                   
00005eb3  setUart0BaudRate              
00006b19  snprintf                      
00006c71  sscanf                        
00002e79  startEtherMemRead             
00002e4b  startEtherMemWrite            
00004c49  startOneshotTimer             
00004ccf  startPeriodicTimer            
200011d8  state                         
00002e9b  stopEtherMemRead              
00002e71  stopEtherMemWrite             
00004d55  stopTimer                     
20001000  strInput                      
00006e5f  strchr                        
00006e2f  strcmp                        
00006e75  strcpy                        
00006d65  strcspn                       
00006e89  strlen                        
00006e47  strrchr                       
00006d3b  strspn                        
00003ce9  strtod                        
00006bf1  strtok                        
00005d39  strtol                        
00003ce9  strtold                       
00005151  strtoll                       
000061c5  strtoul                       
00005815  strtoull                      
00003791  sumIpWords                    
00004e29  tickIsr                       
20001194  ticks                         
00002b2f  togglePinValue                
200011cc  token                         
20001054  token1                        
200010a4  token2                        
200010f4  token3                        
00006ed1  tolower                       
00006d89  waitMicrosecond               
00006eaf  wcslen                        
000066d7  writeEeprom                   
00002e5d  writeEtherMem                 
00002da7  writeEtherPhy                 
00002cbd  writeEtherReg                 
000057d5  writeSpi0Data                 


GLOBAL SYMBOLS: SORTED BY Symbol Address 

address   name                          
-------   ----                          
00000000  __TI_static_base__            
00000000  g_pfnVectors                  
0000026d  initHw                        
000002a9  displayConnectionInfo         
00000539  readConfiguration             
000005ed  asciiToUint8                  
0000069f  processShell                  
00000b65  main                          
00000f2d  __TI_scanfi                   
00001000  __STACK_SIZE                  
00001a41  __TI_printfi                  
0000248f  __aeabi_idiv0                 
0000248f  __aeabi_ldiv0                 
00002491  enablePort                    
0000254d  disablePort                   
000025cd  selectPinPushPullOutput       
0000261b  selectPinOpenDrainOutput      
00002669  selectPinDigitalInput         
000026b7  selectPinAnalogInput          
00002707  setPinCommitControl           
00002783  enablePinPullup               
000027b1  disablePinPullup              
000027d5  enablePinPulldown             
000027f9  disablePinPulldown            
00002821  setPinAuxFunction             
00002933  selectPinInterruptRisingEdge  
00002983  selectPinInterruptFallingEdge 
000029d3  selectPinInterruptBothEdges   
00002a29  selectPinInterruptHighLevel   
00002a63  selectPinInterruptLowLevel    
00002a9d  enablePinInterrupt            
00002ac1  disablePinInterrupt           
00002ae5  clearPinInterrupt             
00002b09  setPinValue                   
00002b2f  togglePinValue                
00002b53  getPinValue                   
00002b91  setPortValue                  
00002c09  getPortValue                  
00002c99  enableEtherCs                 
00002caf  disableEtherCs                
00002cbd  writeEtherReg                 
00002cf1  readEtherReg                  
00002d23  setEtherReg                   
00002d57  clearEtherReg                 
00002d8b  setEtherBank                  
00002da7  writeEtherPhy                 
00002ddf  readEtherPhy                  
00002e4b  startEtherMemWrite            
00002e5d  writeEtherMem                 
00002e71  stopEtherMemWrite             
00002e79  startEtherMemRead             
00002e8b  readEtherMem                  
00002e9b  stopEtherMemRead              
00002ea3  initEther                     
00003029  isEtherLinkUp                 
00003043  isEtherDataAvailable          
0000305d  isEtherOverflow               
0000308d  getEtherPacket                
0000317d  putEtherPacket                
00003263  htonb                         
00003287  htons                         
000032ab  htonl                         
000032d7  getEtherId                    
000032e3  incEtherId                    
000032ed  setEtherMacAddress            
00003371  getEtherMacAddress            
000033d1  isIp                          
00003441  isIpUnicast                   
000034a1  isEtherIpValid                
000034c7  setIpAddress                  
00003501  getIpAddress                  
0000353b  setIpSubnetMask               
00003575  getIpSubnetMask               
000035af  setIpGatewayAddress           
000035e9  getIpGatewayAddress           
00003623  setIpDnsAddress               
0000365d  getIpDnsAddress               
00003697  setIpTimeServerAddress        
000036d1  getIpTimeServerAddress        
0000370b  setIpMqttBrokerAddress        
00003749  getIpMqttBrokerAddress        
00003791  sumIpWords                    
00003805  getIpChecksum                 
00003837  calcIpChecksum                
0000387d  isTcp                         
0000394f  getTcpMessageSocket           
000039f9  processTcp                    
00003aab  sendTcpMessage                
00003ce9  strtod                        
00003ce9  strtold                       
00004149  processMqtt                   
00004183  sendMqttMessage               
000044c5  isUdp                         
0000456d  getUdpData                    
00004599  getUdpMessageSocket           
00004643  sendUdpMessage                
0000483d  isArpRequest                  
000048e1  isArpResponse                 
00004935  processArp                    
000049ad  sendArpResponse               
00004a8b  sendArpRequest                
00004ba9  initTimer                     
00004c49  startOneshotTimer             
00004ccf  startPeriodicTimer            
00004d55  stopTimer                     
00004dbb  restartTimer                  
00004e29  tickIsr                       
00004ea3  random32                      
00005151  strtoll                       
000054fd  __aeabi_dsub                  
00005507  __aeabi_dadd                  
000056b5  initSpi0                      
00005751  setSpi0BaudRate               
00005787  setSpi0Mode                   
000057d5  writeSpi0Data                 
000057ed  readSpi0Data                  
00005815  strtoull                      
00005971  isPingRequest                 
000059b5  sendPingResponse              
00005c01  __aeabi_ddiv                  
00005d39  strtol                        
00005e69  initUart0                     
00005eb3  setUart0BaudRate              
00005ef7  putcUart0                     
00005f13  putsUart0                     
00005f3f  getcUart0                     
00005f53  kbhitUart0                    
000060b5  ldexp                         
000060b5  ldexpl                        
000060b5  scalbn                        
000060b5  scalbnl                       
000061c5  strtoul                       
000062d5  __aeabi_dmul                  
00006483  __aeabi_memcpy                
00006483  __aeabi_memcpy4               
00006483  __aeabi_memcpy8               
00006483  memcpy                        
0000651f  __aeabi_uldivmod              
000065b5  __aeabi_cdcmpeq               
000065b5  __aeabi_cdcmple               
0000663b  __aeabi_cdrcmple              
000066c1  initEeprom                    
000066d7  writeEeprom                   
00006709  readEeprom                    
00006745  __aeabi_memclr                
00006745  __aeabi_memclr4               
00006745  __aeabi_memclr8               
00006747  __aeabi_memset                
00006747  __aeabi_memset4               
00006747  __aeabi_memset8               
0000674d  memset                        
0000682d  __aeabi_d2f                   
00006905  __TI_decompress_lzss          
0000696d  frexp                         
0000696d  frexpl                        
00006a27  __TI_ltoa                     
00006acd  atoi                          
00006b19  snprintf                      
00006b65  __aeabi_d2iz                  
00006bad  __TI_auto_init_nobinit_nopinit
00006bf1  strtok                        
00006c71  sscanf                        
00006ca9  _c_int00_noargs               
00006d0d  __aeabi_i2d                   
00006d3b  strspn                        
00006d65  strcspn                       
00006d89  waitMicrosecond               
00006dad  __TI_zero_init_nomemset       
00006dc9  memccpy                       
00006de5  copysign                      
00006de5  copysignl                     
00006e17  __aeabi_lmul                  
00006e2f  strcmp                        
00006e47  strrchr                       
00006e5f  strchr                        
00006e75  strcpy                        
00006e89  strlen                        
00006eaf  wcslen                        
00006ec1  initSystemClockTo40Mhz        
00006ed1  tolower                       
00006ee1  __TI_decompress_none          
00006eef  ResetISR                      
00006efd  __aeabi_errno_addr            
00006f0d  _system_pre_init              
00006f11  C$$EXIT                       
00006f11  abort                         
00006f18  _ctypes_                      
00007128  __TI_Handler_Table_Base       
00007134  __TI_Handler_Table_Limit      
00007140  __TI_CINIT_Base               
00007150  __TI_CINIT_Limit              
20000000  __stack                       
20000000  __start___llvm_prf_cnts       
20000000  __stop___llvm_prf_cnts        
20000200  __STACK_TOP                   
20001000  __STACK_END                   
20001000  strInput                      
20001054  token1                        
200010a4  token2                        
200010f4  token3                        
20001144  fn                            
2000116c  period                        
20001194  ticks                         
200011bc  reload                        
200011c8  raw                           
200011cc  token                         
200011d0  hwAddress                     
200011d6  sendSYN                       
200011d7  sendFINACK                    
200011d8  state                         
200011d9  count                         
200011da  ipAddress                     
200011de  ipDnsAddress                  
200011e2  ipGwAddress                   
200011e6  ipSubnetMask                  
200011ea  ipTimeServerAddress           
200011f0  errno                         
200011f8  nextPacketLsb                 
200011f9  nextPacketMsb                 
200011fa  sequenceId                    
ffffffff  __TI_pprof_out_hndl           
ffffffff  __TI_prof_data_size           
ffffffff  __TI_prof_data_start          
ffffffff  __binit__                     
ffffffff  __c_args__                    
ffffffff  binit                         
UNDEFED   __mpu_init                    
UNDEFED   _system_post_cinit            

[228 symbols]
