******************************************************************************
                  TI ARM Linker Unix v20.2.7                   
******************************************************************************
>> Linked Tue Feb 28 08:57:07 2023

OUTPUT FILE NAME:   <IotProject1.out>
ENTRY POINT SYMBOL: "_c_int00_noargs"  address: 000065a9


MEMORY CONFIGURATION

         name            origin    length      used     unused   attr    fill
----------------------  --------  ---------  --------  --------  ----  --------
  FLASH                 00000000   00040000  00006a34  000395cc  R  X
  SRAM                  20000000   00008000  00001103  00006efd  RW X


SEGMENT ALLOCATION MAP

run origin  load origin   length   init length attrs members
----------  ----------- ---------- ----------- ----- -------
00000000    00000000    00006a38   00006a38    r-x
  00000000    00000000    0000026c   0000026c    r-- .intvecs
  0000026c    0000026c    000065a8   000065a8    r-x .text
  00006818    00006818    000001e8   000001e8    r-- .const
  00006a00    00006a00    00000038   00000038    r-- .cinit
20000000    20000000    00001103   00000000    rw-
  20000000    20000000    00001000   00000000    rw- .stack
  20001000    20001000    000000dc   00000000    rw- .bss
  200010dc    200010dc    00000027   00000000    rw- .data


SECTION ALLOCATION MAP

 output                                  attributes/
section   page    origin      length       input sections
--------  ----  ----------  ----------   ----------------
.intvecs   0    00000000    0000026c     
                  00000000    0000026c     tm4c123gh6pm_startup_ccs.obj (.intvecs)

.text      0    0000026c    000065a8     
                  0000026c    00000b14     rtsv7M4_T_le_v4SPD16_eabi.lib : _scanfi.c.obj (.text:__TI_scanfi)
                  00000d80    00000a74     ethernet.obj (.text)
                  000017f4    00000a4e     rtsv7M4_T_le_v4SPD16_eabi.lib : _printfi.c.obj (.text:__TI_printfi)
                  00002242    00000002                                   : div0.asm.obj (.text)
                  00002244    00000808     gpio.obj (.text)
                  00002a4c    00000714     eth0.obj (.text)
                  00003160    000004ac     ip.obj (.text)
                  0000360c    00000460     rtsv7M4_T_le_v4SPD16_eabi.lib : strtod.c.obj (.text:strtod)
                  00003a6c    000003d0     tcp.obj (.text)
                  00003e3c    00000378     udp.obj (.text)
                  000041b4    00000338     timer.obj (.text)
                  000044ec    000002f4     arp.obj (.text)
                  000047e0    00000270     rtsv7M4_T_le_v4SPD16_eabi.lib : _printfi.c.obj (.text:_pconv_a)
                  00004a50    000001dc                                   : strtoll.c.obj (.text:strtoll)
                  00004c2c    000001d0                                   : _printfi.c.obj (.text:_pconv_g)
                  00004dfc    000001b6                                   : fd_add_t2.asm.obj (.text)
                  00004fb2    00000002     --HOLE-- [fill = 0]
                  00004fb4    00000160     spi0.obj (.text)
                  00005114    0000015c     rtsv7M4_T_le_v4SPD16_eabi.lib : strtoull.c.obj (.text:strtoull)
                  00005270    00000154     icmp.obj (.text)
                  000053c4    0000013c     rtsv7M4_T_le_v4SPD16_eabi.lib : _printfi.c.obj (.text:_pconv_e)
                  00005500    00000136                                   : fd_div_t2.asm.obj (.text)
                  00005636    00000002     --HOLE-- [fill = 0]
                  00005638    00000130                                   : strtol.c.obj (.text:strtol)
                  00005768    00000128     uart0.obj (.text)
                  00005890    00000124     rtsv7M4_T_le_v4SPD16_eabi.lib : _printfi.c.obj (.text:fcvt)
                  000059b4    00000110                                   : s_scalbn.c.obj (.text:scalbn)
                  00005ac4    00000110                                   : strtoul.c.obj (.text:strtoul)
                  00005bd4    000000fc                                   : fd_mul_t2.asm.obj (.text)
                  00005cd0    000000b1                                   : _printfi.c.obj (.text:_ltostr)
                  00005d81    00000001     --HOLE-- [fill = 0]
                  00005d82    0000009c                                   : memcpy_t2.asm.obj (.text)
                  00005e1e    00000096                                   : ull_div_t2.asm.obj (.text)
                  00005eb4    00000086                                   : fd_cmp_t2.asm.obj (.text:__aeabi_cdcmple)
                  00005f3a    00000086                                   : fd_cmp_t2.asm.obj (.text:__aeabi_cdrcmple)
                  00005fc0    00000084     eeprom.obj (.text)
                  00006044    0000007a     rtsv7M4_T_le_v4SPD16_eabi.lib : memset_t2.asm.obj (.text)
                  000060be    0000006e                                   : _printfi.c.obj (.text:_mcpy)
                  0000612c    0000006e                                   : fd_tos_t2.asm.obj (.text)
                  0000619a    00000002     --HOLE-- [fill = 0]
                  0000619c    00000068                                   : sscanf.c.obj (.text:_chkmbc)
                  00006204    00000068                                   : copy_decompress_lzss.c.obj (.text:decompress:lzss:__TI_decompress_lzss)
                  0000626c    00000064                                   : s_frexp.c.obj (.text:frexp)
                  000062d0    00000056                                   : _printfi.c.obj (.text:_pconv_f)
                  00006326    00000054                                   : _ltoa.c.obj (.text:__TI_ltoa)
                  0000637a    00000052                                   : _printfi.c.obj (.text:_ecpy)
                  000063cc    0000004c                                   : atoi.c.obj (.text:atoi)
                  00006418    0000004c                                   : snprintf.c.obj (.text:snprintf)
                  00006464    00000048                                   : fd_toi_t2.asm.obj (.text)
                  000064ac    00000044                                   : autoinit.c.obj (.text:__TI_auto_init_nobinit_nopinit:__TI_auto_init_nobinit_nopinit)
                  000064f0    00000040                                   : strtok.c.obj (.text:strtok)
                  00006530    0000003e                                   : _printfi.c.obj (.text:_fcpy)
                  0000656e    00000002     --HOLE-- [fill = 0]
                  00006570    00000038                                   : sscanf.c.obj (.text:sscanf)
                  000065a8    00000034                                   : boot_cortex_m.c.obj (.text:_c_int00_noargs:_c_int00_noargs)
                  000065dc    00000030                                   : snprintf.c.obj (.text:_outs)
                  0000660c    0000002e                                   : i_tofd_t2.asm.obj (.text)
                  0000663a    0000002a                                   : strspn.c.obj (.text:strspn)
                  00006664    00000024                                   : strcspn.c.obj (.text:strcspn)
                  00006688    00000024     wait.obj (.text)
                  000066ac    0000001c     rtsv7M4_T_le_v4SPD16_eabi.lib : copy_zero_init.c.obj (.text:decompress:ZI:__TI_zero_init_nomemset:__TI_zero_init_nomemset)
                  000066c8    0000001c                                   : memccpy.c.obj (.text:memccpy)
                  000066e4    0000001a                                   : s_copysign.c.obj (.text:copysign)
                  000066fe    00000018                                   : snprintf.c.obj (.text:_outc)
                  00006716    00000018                                   : ll_mul_t2.asm.obj (.text)
                  0000672e    00000018                                   : strcmp.c.obj (.text:strcmp)
                  00006746    00000018                                   : strrchr.c.obj (.text:strrchr)
                  0000675e    00000016                                   : strchr.c.obj (.text:strchr)
                  00006774    00000014                                   : strcpy.c.obj (.text:strcpy)
                  00006788    00000014                                   : strlen.c.obj (.text:strlen)
                  0000679c    00000012                                   : sscanf.c.obj (.text:_inpchar)
                  000067ae    00000012                                   : wcslen.c.obj (.text:wcslen)
                  000067c0    00000010     clock.obj (.text)
                  000067d0    00000010     rtsv7M4_T_le_v4SPD16_eabi.lib : tolower.c.obj (.text:tolower)
                  000067e0    0000000e                                   : copy_decompress_none.c.obj (.text:decompress:none:__TI_decompress_none)
                  000067ee    0000000c     tm4c123gh6pm_startup_ccs.obj (.text)
                  000067fa    00000002     --HOLE-- [fill = 0]
                  000067fc    00000008     rtsv7M4_T_le_v4SPD16_eabi.lib : errno.c.obj (.text:__aeabi_errno_addr)
                  00006804    00000008                                   : sscanf.c.obj (.text:_uninpchar)
                  0000680c    00000004                                   : pre_init.c.obj (.text:_system_pre_init)
                  00006810    00000004                                   : exit.c.obj (.text:abort:abort)

.const     0    00006818    000001e8     
                  00006818    00000101     rtsv7M4_T_le_v4SPD16_eabi.lib : ctype.c.obj (.const:.string:_ctypes_)
                  00006919    00000006     ethernet.obj (.const:.string:$P$T2$3)
                  0000691f    00000001     --HOLE-- [fill = 0]
                  00006920    000000c8     rtsv7M4_T_le_v4SPD16_eabi.lib : strtod.c.obj (.const:$O1$$)
                  000069e8    00000010                                   : _scanfi.c.obj (.const:$O1$$)
                  000069f8    00000004     ethernet.obj (.const:.string:$P$T0$1)
                  000069fc    00000004     ethernet.obj (.const:.string:$P$T1$2)

.cinit     0    00006a00    00000038     
                  00006a00    00000010     (.cinit..data.load) [load image, compression = lzss]
                  00006a10    0000000c     (__TI_handler_table)
                  00006a1c    00000004     --HOLE-- [fill = 0]
                  00006a20    00000008     (.cinit..bss.load) [load image, compression = zero_init]
                  00006a28    00000010     (__TI_cinit_table)

.init_array 
*          0    00000000    00000000     UNINITIALIZED

.bss       0    20001000    000000dc     UNINITIALIZED
                  20001000    00000054     (.common:strInput)
                  20001054    00000028     (.common:fn)
                  2000107c    00000028     (.common:period)
                  200010a4    00000028     (.common:ticks)
                  200010cc    0000000c     (.common:reload)
                  200010d8    00000004     (.common:token)

.data      0    200010dc    00000027     UNINITIALIZED
                  200010dc    00000006     eth0.obj (.data:hwAddress)
                  200010e2    00000004     ip.obj (.data:ipAddress)
                  200010e6    00000004     ip.obj (.data:ipDnsAddress)
                  200010ea    00000004     ip.obj (.data:ipGwAddress)
                  200010ee    00000004     ip.obj (.data:ipSubnetMask)
                  200010f2    00000004     ip.obj (.data:ipTimeServerAddress)
                  200010f6    00000002     ethernet.obj (.data)
                  200010f8    00000004     rtsv7M4_T_le_v4SPD16_eabi.lib : errno.c.obj (.data)
                  200010fc    00000004                                   : strtok.c.obj (.data)
                  20001100    00000003     eth0.obj (.data)

.stack     0    20000000    00001000     UNINITIALIZED
                  20000000    00000004     rtsv7M4_T_le_v4SPD16_eabi.lib : boot_cortex_m.c.obj (.stack)
                  20000004    00000ffc     --HOLE--

__llvm_prf_cnts 
*          0    20000000    00000000     UNINITIALIZED

MODULE SUMMARY

       Module                         code    ro data   rw data
       ------                         ----    -------   -------
    ./
       ethernet.obj                   2676    14        90     
       gpio.obj                       2056    0         0      
       eth0.obj                       1812    0         9      
       ip.obj                         1196    0         20     
       tcp.obj                        976     0         0      
       timer.obj                      824     0         132    
       udp.obj                        888     0         0      
       arp.obj                        756     0         0      
       tm4c123gh6pm_startup_ccs.obj   12      620       0      
       spi0.obj                       352     0         0      
       icmp.obj                       340     0         0      
       uart0.obj                      296     0         0      
       eeprom.obj                     132     0         0      
       wait.obj                       36      0         0      
       clock.obj                      16      0         0      
    +--+------------------------------+-------+---------+---------+
       Total:                         12368   634       251    
                                                               
    /home/swr5250/ti/ccs1220/ccs/tools/compiler/ti-cgt-arm_20.2.7.LTS/lib/rtsv7M4_T_le_v4SPD16_eabi.lib
       _printfi.c.obj                 4851    0         0      
       _scanfi.c.obj                  2836    16        0      
       strtod.c.obj                   1120    200       0      
       strtoll.c.obj                  476     0         0      
       fd_add_t2.asm.obj              438     0         0      
       strtoull.c.obj                 348     0         0      
       fd_div_t2.asm.obj              310     0         0      
       strtol.c.obj                   304     0         0      
       s_scalbn.c.obj                 272     0         0      
       strtoul.c.obj                  272     0         0      
       fd_cmp_t2.asm.obj              268     0         0      
       ctype.c.obj                    0       257       0      
       fd_mul_t2.asm.obj              252     0         0      
       sscanf.c.obj                   186     0         0      
       memcpy_t2.asm.obj              156     0         0      
       ull_div_t2.asm.obj             150     0         0      
       snprintf.c.obj                 148     0         0      
       memset_t2.asm.obj              122     0         0      
       fd_tos_t2.asm.obj              110     0         0      
       copy_decompress_lzss.c.obj     104     0         0      
       s_frexp.c.obj                  100     0         0      
       _ltoa.c.obj                    84      0         0      
       atoi.c.obj                     76      0         0      
       fd_toi_t2.asm.obj              72      0         0      
       autoinit.c.obj                 68      0         0      
       strtok.c.obj                   64      0         4      
       boot_cortex_m.c.obj            52      0         0      
       i_tofd_t2.asm.obj              46      0         0      
       strspn.c.obj                   42      0         0      
       strcspn.c.obj                  36      0         0      
       copy_zero_init.c.obj           28      0         0      
       memccpy.c.obj                  28      0         0      
       s_copysign.c.obj               26      0         0      
       ll_mul_t2.asm.obj              24      0         0      
       strcmp.c.obj                   24      0         0      
       strrchr.c.obj                  24      0         0      
       strchr.c.obj                   22      0         0      
       strcpy.c.obj                   20      0         0      
       strlen.c.obj                   20      0         0      
       wcslen.c.obj                   18      0         0      
       tolower.c.obj                  16      0         0      
       copy_decompress_none.c.obj     14      0         0      
       errno.c.obj                    8       0         4      
       exit.c.obj                     4       0         0      
       pre_init.c.obj                 4       0         0      
       div0.asm.obj                   2       0         0      
    +--+------------------------------+-------+---------+---------+
       Total:                         13645   473       8      
                                                               
       Stack:                         0       0         4096   
       Linker Generated:              0       52        0      
    +--+------------------------------+-------+---------+---------+
       Grand Total:                   26013   1159      4355   


LINKER GENERATED COPY TABLES

__TI_cinit_table @ 00006a28 records: 2, size/record: 8, table size: 16
	.data: load addr=00006a00, load size=00000010 bytes, run addr=200010dc, run size=00000027 bytes, compression=lzss
	.bss: load addr=00006a20, load size=00000008 bytes, run addr=20001000, run size=000000dc bytes, compression=zero_init


LINKER GENERATED HANDLER TABLE

__TI_handler_table @ 00006a10 records: 3, size/record: 4, table size: 12
	index: 0, handler: __TI_decompress_lzss
	index: 1, handler: __TI_decompress_none
	index: 2, handler: __TI_zero_init


GLOBAL SYMBOLS: SORTED ALPHABETICALLY BY Name 

address   name                          
-------   ----                          
00006811  C$$EXIT                       
000067ef  ResetISR                      
20001000  __STACK_END                   
00001000  __STACK_SIZE                  
20000200  __STACK_TOP                   
00006a28  __TI_CINIT_Base               
00006a38  __TI_CINIT_Limit              
00006a10  __TI_Handler_Table_Base       
00006a1c  __TI_Handler_Table_Limit      
000064ad  __TI_auto_init_nobinit_nopinit
00006205  __TI_decompress_lzss          
000067e1  __TI_decompress_none          
00006327  __TI_ltoa                     
ffffffff  __TI_pprof_out_hndl           
000017f5  __TI_printfi                  
ffffffff  __TI_prof_data_size           
ffffffff  __TI_prof_data_start          
0000026d  __TI_scanfi                   
00000000  __TI_static_base__            
000066ad  __TI_zero_init_nomemset       
00005eb5  __aeabi_cdcmpeq               
00005eb5  __aeabi_cdcmple               
00005f3b  __aeabi_cdrcmple              
0000612d  __aeabi_d2f                   
00006465  __aeabi_d2iz                  
00004e07  __aeabi_dadd                  
00005501  __aeabi_ddiv                  
00005bd5  __aeabi_dmul                  
00004dfd  __aeabi_dsub                  
000067fd  __aeabi_errno_addr            
0000660d  __aeabi_i2d                   
00002243  __aeabi_idiv0                 
00002243  __aeabi_ldiv0                 
00006717  __aeabi_lmul                  
00006045  __aeabi_memclr                
00006045  __aeabi_memclr4               
00006045  __aeabi_memclr8               
00005d83  __aeabi_memcpy                
00005d83  __aeabi_memcpy4               
00005d83  __aeabi_memcpy8               
00006047  __aeabi_memset                
00006047  __aeabi_memset4               
00006047  __aeabi_memset8               
00005e1f  __aeabi_uldivmod              
ffffffff  __binit__                     
ffffffff  __c_args__                    
UNDEFED   __mpu_init                    
20000000  __stack                       
20000000  __start___llvm_prf_cnts       
20000000  __stop___llvm_prf_cnts        
000065a9  _c_int00_noargs               
00006818  _ctypes_                      
UNDEFED   _system_post_cinit            
0000680d  _system_pre_init              
00006811  abort                         
00001101  asciiToUint8                  
000063cd  atoi                          
ffffffff  binit                         
000035c7  calcIpChecksum                
00002b0b  clearEtherReg                 
00002899  clearPinInterrupt             
000066e5  copysign                      
000066e5  copysignl                     
200010f7  count                         
00002a63  disableEtherCs                
00002875  disablePinInterrupt           
000025ad  disablePinPulldown            
00002565  disablePinPullup              
00002301  disablePort                   
00000dbd  displayConnectionInfo         
00002a4d  enableEtherCs                 
00002851  enablePinInterrupt            
00002589  enablePinPulldown             
00002537  enablePinPullup               
00002245  enablePort                    
200010f8  errno                         
20001054  fn                            
0000626d  frexp                         
0000626d  frexpl                        
00000000  g_pfnVectors                  
00003067  getEtherId                    
00003101  getEtherMacAddress            
00002e41  getEtherPacket                
00003291  getIpAddress                  
00003595  getIpChecksum                 
000033ed  getIpDnsAddress               
00003379  getIpGatewayAddress           
000034d9  getIpMqttBrokerAddress        
00003305  getIpSubnetMask               
00003461  getIpTimeServerAddress        
00002907  getPinValue                   
000029bd  getPortValue                  
00003b3f  getTcpMessageSocket           
00003ee5  getUdpData                    
00003f11  getUdpMessageSocket           
0000583f  getcUart0                     
0000303b  htonl                         
00003017  htons                         
200010dc  hwAddress                     
00003073  incEtherId                    
00005fc1  initEeprom                    
00002c57  initEther                     
00000d81  initHw                        
00004fb5  initSpi0                      
000067c1  initSystemClockTo40Mhz        
000041b5  initTimer                     
00005769  initUart0                     
200010e2  ipAddress                     
200010e6  ipDnsAddress                  
200010ea  ipGwAddress                   
200010ee  ipSubnetMask                  
200010f2  ipTimeServerAddress           
000044ed  isArpRequest                  
00004591  isArpResponse                 
00002df7  isEtherDataAvailable          
00003231  isEtherIpValid                
00002ddd  isEtherLinkUp                 
00002e11  isEtherOverflow               
00003161  isIp                          
000031d1  isIpUnicast                   
00005271  isPingRequest                 
00003a6d  isTcp                         
00003e3d  isUdp                         
00005853  kbhitUart0                    
000059b5  ldexp                         
000059b5  ldexpl                        
00001543  main                          
000066c9  memccpy                       
00005d83  memcpy                        
0000604d  memset                        
20001100  nextPacketLsb                 
20001101  nextPacketMsb                 
2000107c  period                        
000011b3  processShell                  
00002f31  putEtherPacket                
000057f7  putcUart0                     
00005813  putsUart0                     
000044af  random32                      
0000104d  readConfiguration             
00006009  readEeprom                    
00002c3f  readEtherMem                  
00002b93  readEtherPhy                  
00002aa5  readEtherReg                  
000050ed  readSpi0Data                  
200010cc  reload                        
000043c7  restartTimer                  
000059b5  scalbn                        
000059b5  scalbnl                       
0000246b  selectPinAnalogInput          
0000241d  selectPinDigitalInput         
00002787  selectPinInterruptBothEdges   
00002737  selectPinInterruptFallingEdge 
000027dd  selectPinInterruptHighLevel   
00002817  selectPinInterruptLowLevel    
000026e7  selectPinInterruptRisingEdge  
000023cf  selectPinOpenDrainOutput      
00002381  selectPinPushPullOutput       
000046c3  sendArpRequest                
000045e5  sendArpResponse               
000052b5  sendPingResponse              
200010f6  sendSYN                       
00003be9  sendTcpMessage                
00003fbb  sendUdpMessage                
20001102  sequenceId                    
00002b3f  setEtherBank                  
0000307d  setEtherMacAddress            
00002ad7  setEtherReg                   
00003257  setIpAddress                  
000033b3  setIpDnsAddress               
0000333f  setIpGatewayAddress           
0000349b  setIpMqttBrokerAddress        
000032cb  setIpSubnetMask               
00003427  setIpTimeServerAddress        
000025d5  setPinAuxFunction             
000024bb  setPinCommitControl           
000028bd  setPinValue                   
00002945  setPortValue                  
00005051  setSpi0BaudRate               
00005087  setSpi0Mode                   
000057b3  setUart0BaudRate              
00006419  snprintf                      
00006571  sscanf                        
00002c2d  startEtherMemRead             
00002bff  startEtherMemWrite            
00004255  startOneshotTimer             
000042db  startPeriodicTimer            
00002c4f  stopEtherMemRead              
00002c25  stopEtherMemWrite             
00004361  stopTimer                     
20001000  strInput                      
0000675f  strchr                        
0000672f  strcmp                        
00006775  strcpy                        
00006665  strcspn                       
00006789  strlen                        
00006747  strrchr                       
0000663b  strspn                        
0000360d  strtod                        
000064f1  strtok                        
00005639  strtol                        
0000360d  strtold                       
00004a51  strtoll                       
00005ac5  strtoul                       
00005115  strtoull                      
00003521  sumIpWords                    
00004435  tickIsr                       
200010a4  ticks                         
000028e3  togglePinValue                
200010d8  token                         
000067d1  tolower                       
00006689  waitMicrosecond               
000067af  wcslen                        
00005fd7  writeEeprom                   
00002c11  writeEtherMem                 
00002b5b  writeEtherPhy                 
00002a71  writeEtherReg                 
000050d5  writeSpi0Data                 


GLOBAL SYMBOLS: SORTED BY Symbol Address 

address   name                          
-------   ----                          
00000000  __TI_static_base__            
00000000  g_pfnVectors                  
0000026d  __TI_scanfi                   
00000d81  initHw                        
00000dbd  displayConnectionInfo         
00001000  __STACK_SIZE                  
0000104d  readConfiguration             
00001101  asciiToUint8                  
000011b3  processShell                  
00001543  main                          
000017f5  __TI_printfi                  
00002243  __aeabi_idiv0                 
00002243  __aeabi_ldiv0                 
00002245  enablePort                    
00002301  disablePort                   
00002381  selectPinPushPullOutput       
000023cf  selectPinOpenDrainOutput      
0000241d  selectPinDigitalInput         
0000246b  selectPinAnalogInput          
000024bb  setPinCommitControl           
00002537  enablePinPullup               
00002565  disablePinPullup              
00002589  enablePinPulldown             
000025ad  disablePinPulldown            
000025d5  setPinAuxFunction             
000026e7  selectPinInterruptRisingEdge  
00002737  selectPinInterruptFallingEdge 
00002787  selectPinInterruptBothEdges   
000027dd  selectPinInterruptHighLevel   
00002817  selectPinInterruptLowLevel    
00002851  enablePinInterrupt            
00002875  disablePinInterrupt           
00002899  clearPinInterrupt             
000028bd  setPinValue                   
000028e3  togglePinValue                
00002907  getPinValue                   
00002945  setPortValue                  
000029bd  getPortValue                  
00002a4d  enableEtherCs                 
00002a63  disableEtherCs                
00002a71  writeEtherReg                 
00002aa5  readEtherReg                  
00002ad7  setEtherReg                   
00002b0b  clearEtherReg                 
00002b3f  setEtherBank                  
00002b5b  writeEtherPhy                 
00002b93  readEtherPhy                  
00002bff  startEtherMemWrite            
00002c11  writeEtherMem                 
00002c25  stopEtherMemWrite             
00002c2d  startEtherMemRead             
00002c3f  readEtherMem                  
00002c4f  stopEtherMemRead              
00002c57  initEther                     
00002ddd  isEtherLinkUp                 
00002df7  isEtherDataAvailable          
00002e11  isEtherOverflow               
00002e41  getEtherPacket                
00002f31  putEtherPacket                
00003017  htons                         
0000303b  htonl                         
00003067  getEtherId                    
00003073  incEtherId                    
0000307d  setEtherMacAddress            
00003101  getEtherMacAddress            
00003161  isIp                          
000031d1  isIpUnicast                   
00003231  isEtherIpValid                
00003257  setIpAddress                  
00003291  getIpAddress                  
000032cb  setIpSubnetMask               
00003305  getIpSubnetMask               
0000333f  setIpGatewayAddress           
00003379  getIpGatewayAddress           
000033b3  setIpDnsAddress               
000033ed  getIpDnsAddress               
00003427  setIpTimeServerAddress        
00003461  getIpTimeServerAddress        
0000349b  setIpMqttBrokerAddress        
000034d9  getIpMqttBrokerAddress        
00003521  sumIpWords                    
00003595  getIpChecksum                 
000035c7  calcIpChecksum                
0000360d  strtod                        
0000360d  strtold                       
00003a6d  isTcp                         
00003b3f  getTcpMessageSocket           
00003be9  sendTcpMessage                
00003e3d  isUdp                         
00003ee5  getUdpData                    
00003f11  getUdpMessageSocket           
00003fbb  sendUdpMessage                
000041b5  initTimer                     
00004255  startOneshotTimer             
000042db  startPeriodicTimer            
00004361  stopTimer                     
000043c7  restartTimer                  
00004435  tickIsr                       
000044af  random32                      
000044ed  isArpRequest                  
00004591  isArpResponse                 
000045e5  sendArpResponse               
000046c3  sendArpRequest                
00004a51  strtoll                       
00004dfd  __aeabi_dsub                  
00004e07  __aeabi_dadd                  
00004fb5  initSpi0                      
00005051  setSpi0BaudRate               
00005087  setSpi0Mode                   
000050d5  writeSpi0Data                 
000050ed  readSpi0Data                  
00005115  strtoull                      
00005271  isPingRequest                 
000052b5  sendPingResponse              
00005501  __aeabi_ddiv                  
00005639  strtol                        
00005769  initUart0                     
000057b3  setUart0BaudRate              
000057f7  putcUart0                     
00005813  putsUart0                     
0000583f  getcUart0                     
00005853  kbhitUart0                    
000059b5  ldexp                         
000059b5  ldexpl                        
000059b5  scalbn                        
000059b5  scalbnl                       
00005ac5  strtoul                       
00005bd5  __aeabi_dmul                  
00005d83  __aeabi_memcpy                
00005d83  __aeabi_memcpy4               
00005d83  __aeabi_memcpy8               
00005d83  memcpy                        
00005e1f  __aeabi_uldivmod              
00005eb5  __aeabi_cdcmpeq               
00005eb5  __aeabi_cdcmple               
00005f3b  __aeabi_cdrcmple              
00005fc1  initEeprom                    
00005fd7  writeEeprom                   
00006009  readEeprom                    
00006045  __aeabi_memclr                
00006045  __aeabi_memclr4               
00006045  __aeabi_memclr8               
00006047  __aeabi_memset                
00006047  __aeabi_memset4               
00006047  __aeabi_memset8               
0000604d  memset                        
0000612d  __aeabi_d2f                   
00006205  __TI_decompress_lzss          
0000626d  frexp                         
0000626d  frexpl                        
00006327  __TI_ltoa                     
000063cd  atoi                          
00006419  snprintf                      
00006465  __aeabi_d2iz                  
000064ad  __TI_auto_init_nobinit_nopinit
000064f1  strtok                        
00006571  sscanf                        
000065a9  _c_int00_noargs               
0000660d  __aeabi_i2d                   
0000663b  strspn                        
00006665  strcspn                       
00006689  waitMicrosecond               
000066ad  __TI_zero_init_nomemset       
000066c9  memccpy                       
000066e5  copysign                      
000066e5  copysignl                     
00006717  __aeabi_lmul                  
0000672f  strcmp                        
00006747  strrchr                       
0000675f  strchr                        
00006775  strcpy                        
00006789  strlen                        
000067af  wcslen                        
000067c1  initSystemClockTo40Mhz        
000067d1  tolower                       
000067e1  __TI_decompress_none          
000067ef  ResetISR                      
000067fd  __aeabi_errno_addr            
0000680d  _system_pre_init              
00006811  C$$EXIT                       
00006811  abort                         
00006818  _ctypes_                      
00006a10  __TI_Handler_Table_Base       
00006a1c  __TI_Handler_Table_Limit      
00006a28  __TI_CINIT_Base               
00006a38  __TI_CINIT_Limit              
20000000  __stack                       
20000000  __start___llvm_prf_cnts       
20000000  __stop___llvm_prf_cnts        
20000200  __STACK_TOP                   
20001000  __STACK_END                   
20001000  strInput                      
20001054  fn                            
2000107c  period                        
200010a4  ticks                         
200010cc  reload                        
200010d8  token                         
200010dc  hwAddress                     
200010e2  ipAddress                     
200010e6  ipDnsAddress                  
200010ea  ipGwAddress                   
200010ee  ipSubnetMask                  
200010f2  ipTimeServerAddress           
200010f6  sendSYN                       
200010f7  count                         
200010f8  errno                         
20001100  nextPacketLsb                 
20001101  nextPacketMsb                 
20001102  sequenceId                    
ffffffff  __TI_pprof_out_hndl           
ffffffff  __TI_prof_data_size           
ffffffff  __TI_prof_data_start          
ffffffff  __binit__                     
ffffffff  __c_args__                    
ffffffff  binit                         
UNDEFED   __mpu_init                    
UNDEFED   _system_post_cinit            

[217 symbols]
