<?xml version="1.0" encoding="ISO-8859-1" ?>
<link_info>
   <banner>TI ARM Linker Unix v20.2.7.LTS</banner>
   <copyright>Copyright (c) 1996-2018 Texas Instruments Incorporated</copyright>
   <link_time>0x63fe1643</link_time>
   <link_errors>0x0</link_errors>
   <output_file>IotProject1.out</output_file>
   <entry_point>
      <name>_c_int00_noargs</name>
      <address>0x65a9</address>
   </entry_point>
   <input_file_list>
      <input_file id="fl-1">
         <path>./</path>
         <kind>object</kind>
         <file>arp.obj</file>
         <name>arp.obj</name>
      </input_file>
      <input_file id="fl-2">
         <path>./</path>
         <kind>object</kind>
         <file>clock.obj</file>
         <name>clock.obj</name>
      </input_file>
      <input_file id="fl-3">
         <path>./</path>
         <kind>object</kind>
         <file>eeprom.obj</file>
         <name>eeprom.obj</name>
      </input_file>
      <input_file id="fl-4">
         <path>./</path>
         <kind>object</kind>
         <file>eth0.obj</file>
         <name>eth0.obj</name>
      </input_file>
      <input_file id="fl-5">
         <path>./</path>
         <kind>object</kind>
         <file>ethernet.obj</file>
         <name>ethernet.obj</name>
      </input_file>
      <input_file id="fl-6">
         <path>./</path>
         <kind>object</kind>
         <file>gpio.obj</file>
         <name>gpio.obj</name>
      </input_file>
      <input_file id="fl-7">
         <path>./</path>
         <kind>object</kind>
         <file>icmp.obj</file>
         <name>icmp.obj</name>
      </input_file>
      <input_file id="fl-8">
         <path>./</path>
         <kind>object</kind>
         <file>ip.obj</file>
         <name>ip.obj</name>
      </input_file>
      <input_file id="fl-9">
         <path>./</path>
         <kind>object</kind>
         <file>mqtt.obj</file>
         <name>mqtt.obj</name>
      </input_file>
      <input_file id="fl-a">
         <path>./</path>
         <kind>object</kind>
         <file>spi0.obj</file>
         <name>spi0.obj</name>
      </input_file>
      <input_file id="fl-b">
         <path>./</path>
         <kind>object</kind>
         <file>tcp.obj</file>
         <name>tcp.obj</name>
      </input_file>
      <input_file id="fl-c">
         <path>./</path>
         <kind>object</kind>
         <file>timer.obj</file>
         <name>timer.obj</name>
      </input_file>
      <input_file id="fl-d">
         <path>./</path>
         <kind>object</kind>
         <file>tm4c123gh6pm_startup_ccs.obj</file>
         <name>tm4c123gh6pm_startup_ccs.obj</name>
      </input_file>
      <input_file id="fl-e">
         <path>./</path>
         <kind>object</kind>
         <file>uart0.obj</file>
         <name>uart0.obj</name>
      </input_file>
      <input_file id="fl-f">
         <path>./</path>
         <kind>object</kind>
         <file>udp.obj</file>
         <name>udp.obj</name>
      </input_file>
      <input_file id="fl-10">
         <path>./</path>
         <kind>object</kind>
         <file>wait.obj</file>
         <name>wait.obj</name>
      </input_file>
      <input_file id="fl-14">
         <kind>object</kind>
         <file>&lt;internal&gt;</file>
         <name>&lt;internal&gt;</name>
      </input_file>
      <input_file id="fl-ca">
         <path>/home/swr5250/ti/ccs1220/ccs/tools/compiler/ti-cgt-arm_20.2.7.LTS/lib/</path>
         <kind>archive</kind>
         <file>rtsv7M4_T_le_v4SPD16_eabi.lib</file>
         <name>snprintf.c.obj</name>
      </input_file>
      <input_file id="fl-cb">
         <path>/home/swr5250/ti/ccs1220/ccs/tools/compiler/ti-cgt-arm_20.2.7.LTS/lib/</path>
         <kind>archive</kind>
         <file>rtsv7M4_T_le_v4SPD16_eabi.lib</file>
         <name>sscanf.c.obj</name>
      </input_file>
      <input_file id="fl-cc">
         <path>/home/swr5250/ti/ccs1220/ccs/tools/compiler/ti-cgt-arm_20.2.7.LTS/lib/</path>
         <kind>archive</kind>
         <file>rtsv7M4_T_le_v4SPD16_eabi.lib</file>
         <name>memcpy_t2.asm.obj</name>
      </input_file>
      <input_file id="fl-cd">
         <path>/home/swr5250/ti/ccs1220/ccs/tools/compiler/ti-cgt-arm_20.2.7.LTS/lib/</path>
         <kind>archive</kind>
         <file>rtsv7M4_T_le_v4SPD16_eabi.lib</file>
         <name>copy_zero_init.c.obj</name>
      </input_file>
      <input_file id="fl-ce">
         <path>/home/swr5250/ti/ccs1220/ccs/tools/compiler/ti-cgt-arm_20.2.7.LTS/lib/</path>
         <kind>archive</kind>
         <file>rtsv7M4_T_le_v4SPD16_eabi.lib</file>
         <name>copy_decompress_none.c.obj</name>
      </input_file>
      <input_file id="fl-cf">
         <path>/home/swr5250/ti/ccs1220/ccs/tools/compiler/ti-cgt-arm_20.2.7.LTS/lib/</path>
         <kind>archive</kind>
         <file>rtsv7M4_T_le_v4SPD16_eabi.lib</file>
         <name>copy_decompress_lzss.c.obj</name>
      </input_file>
      <input_file id="fl-d0">
         <path>/home/swr5250/ti/ccs1220/ccs/tools/compiler/ti-cgt-arm_20.2.7.LTS/lib/</path>
         <kind>archive</kind>
         <file>rtsv7M4_T_le_v4SPD16_eabi.lib</file>
         <name>ctype.c.obj</name>
      </input_file>
      <input_file id="fl-d1">
         <path>/home/swr5250/ti/ccs1220/ccs/tools/compiler/ti-cgt-arm_20.2.7.LTS/lib/</path>
         <kind>archive</kind>
         <file>rtsv7M4_T_le_v4SPD16_eabi.lib</file>
         <name>strcmp.c.obj</name>
      </input_file>
      <input_file id="fl-d2">
         <path>/home/swr5250/ti/ccs1220/ccs/tools/compiler/ti-cgt-arm_20.2.7.LTS/lib/</path>
         <kind>archive</kind>
         <file>rtsv7M4_T_le_v4SPD16_eabi.lib</file>
         <name>strtok.c.obj</name>
      </input_file>
      <input_file id="fl-d3">
         <path>/home/swr5250/ti/ccs1220/ccs/tools/compiler/ti-cgt-arm_20.2.7.LTS/lib/</path>
         <kind>archive</kind>
         <file>rtsv7M4_T_le_v4SPD16_eabi.lib</file>
         <name>tolower.c.obj</name>
      </input_file>
      <input_file id="fl-d4">
         <path>/home/swr5250/ti/ccs1220/ccs/tools/compiler/ti-cgt-arm_20.2.7.LTS/lib/</path>
         <kind>archive</kind>
         <file>rtsv7M4_T_le_v4SPD16_eabi.lib</file>
         <name>boot_cortex_m.c.obj</name>
      </input_file>
      <input_file id="fl-d5">
         <path>/home/swr5250/ti/ccs1220/ccs/tools/compiler/ti-cgt-arm_20.2.7.LTS/lib/</path>
         <kind>archive</kind>
         <file>rtsv7M4_T_le_v4SPD16_eabi.lib</file>
         <name>_printfi.c.obj</name>
      </input_file>
      <input_file id="fl-d6">
         <path>/home/swr5250/ti/ccs1220/ccs/tools/compiler/ti-cgt-arm_20.2.7.LTS/lib/</path>
         <kind>archive</kind>
         <file>rtsv7M4_T_le_v4SPD16_eabi.lib</file>
         <name>_scanfi.c.obj</name>
      </input_file>
      <input_file id="fl-d7">
         <path>/home/swr5250/ti/ccs1220/ccs/tools/compiler/ti-cgt-arm_20.2.7.LTS/lib/</path>
         <kind>archive</kind>
         <file>rtsv7M4_T_le_v4SPD16_eabi.lib</file>
         <name>fd_add_t2.asm.obj</name>
      </input_file>
      <input_file id="fl-d8">
         <path>/home/swr5250/ti/ccs1220/ccs/tools/compiler/ti-cgt-arm_20.2.7.LTS/lib/</path>
         <kind>archive</kind>
         <file>rtsv7M4_T_le_v4SPD16_eabi.lib</file>
         <name>fd_cmp_t2.asm.obj</name>
      </input_file>
      <input_file id="fl-d9">
         <path>/home/swr5250/ti/ccs1220/ccs/tools/compiler/ti-cgt-arm_20.2.7.LTS/lib/</path>
         <kind>archive</kind>
         <file>rtsv7M4_T_le_v4SPD16_eabi.lib</file>
         <name>fd_div_t2.asm.obj</name>
      </input_file>
      <input_file id="fl-da">
         <path>/home/swr5250/ti/ccs1220/ccs/tools/compiler/ti-cgt-arm_20.2.7.LTS/lib/</path>
         <kind>archive</kind>
         <file>rtsv7M4_T_le_v4SPD16_eabi.lib</file>
         <name>fd_mul_t2.asm.obj</name>
      </input_file>
      <input_file id="fl-db">
         <path>/home/swr5250/ti/ccs1220/ccs/tools/compiler/ti-cgt-arm_20.2.7.LTS/lib/</path>
         <kind>archive</kind>
         <file>rtsv7M4_T_le_v4SPD16_eabi.lib</file>
         <name>fd_toi_t2.asm.obj</name>
      </input_file>
      <input_file id="fl-dc">
         <path>/home/swr5250/ti/ccs1220/ccs/tools/compiler/ti-cgt-arm_20.2.7.LTS/lib/</path>
         <kind>archive</kind>
         <file>rtsv7M4_T_le_v4SPD16_eabi.lib</file>
         <name>fd_tos_t2.asm.obj</name>
      </input_file>
      <input_file id="fl-dd">
         <path>/home/swr5250/ti/ccs1220/ccs/tools/compiler/ti-cgt-arm_20.2.7.LTS/lib/</path>
         <kind>archive</kind>
         <file>rtsv7M4_T_le_v4SPD16_eabi.lib</file>
         <name>i_tofd_t2.asm.obj</name>
      </input_file>
      <input_file id="fl-de">
         <path>/home/swr5250/ti/ccs1220/ccs/tools/compiler/ti-cgt-arm_20.2.7.LTS/lib/</path>
         <kind>archive</kind>
         <file>rtsv7M4_T_le_v4SPD16_eabi.lib</file>
         <name>memset_t2.asm.obj</name>
      </input_file>
      <input_file id="fl-df">
         <path>/home/swr5250/ti/ccs1220/ccs/tools/compiler/ti-cgt-arm_20.2.7.LTS/lib/</path>
         <kind>archive</kind>
         <file>rtsv7M4_T_le_v4SPD16_eabi.lib</file>
         <name>ull_div_t2.asm.obj</name>
      </input_file>
      <input_file id="fl-e0">
         <path>/home/swr5250/ti/ccs1220/ccs/tools/compiler/ti-cgt-arm_20.2.7.LTS/lib/</path>
         <kind>archive</kind>
         <file>rtsv7M4_T_le_v4SPD16_eabi.lib</file>
         <name>autoinit.c.obj</name>
      </input_file>
      <input_file id="fl-e1">
         <path>/home/swr5250/ti/ccs1220/ccs/tools/compiler/ti-cgt-arm_20.2.7.LTS/lib/</path>
         <kind>archive</kind>
         <file>rtsv7M4_T_le_v4SPD16_eabi.lib</file>
         <name>pre_init.c.obj</name>
      </input_file>
      <input_file id="fl-e2">
         <path>/home/swr5250/ti/ccs1220/ccs/tools/compiler/ti-cgt-arm_20.2.7.LTS/lib/</path>
         <kind>archive</kind>
         <file>rtsv7M4_T_le_v4SPD16_eabi.lib</file>
         <name>cpy_tbl.c.obj</name>
      </input_file>
      <input_file id="fl-e3">
         <path>/home/swr5250/ti/ccs1220/ccs/tools/compiler/ti-cgt-arm_20.2.7.LTS/lib/</path>
         <kind>archive</kind>
         <file>rtsv7M4_T_le_v4SPD16_eabi.lib</file>
         <name>exit.c.obj</name>
      </input_file>
      <input_file id="fl-e4">
         <path>/home/swr5250/ti/ccs1220/ccs/tools/compiler/ti-cgt-arm_20.2.7.LTS/lib/</path>
         <kind>archive</kind>
         <file>rtsv7M4_T_le_v4SPD16_eabi.lib</file>
         <name>_lock.c.obj</name>
      </input_file>
      <input_file id="fl-e5">
         <path>/home/swr5250/ti/ccs1220/ccs/tools/compiler/ti-cgt-arm_20.2.7.LTS/lib/</path>
         <kind>archive</kind>
         <file>rtsv7M4_T_le_v4SPD16_eabi.lib</file>
         <name>_ltoa.c.obj</name>
      </input_file>
      <input_file id="fl-e6">
         <path>/home/swr5250/ti/ccs1220/ccs/tools/compiler/ti-cgt-arm_20.2.7.LTS/lib/</path>
         <kind>archive</kind>
         <file>rtsv7M4_T_le_v4SPD16_eabi.lib</file>
         <name>args_main.c.obj</name>
      </input_file>
      <input_file id="fl-e7">
         <path>/home/swr5250/ti/ccs1220/ccs/tools/compiler/ti-cgt-arm_20.2.7.LTS/lib/</path>
         <kind>archive</kind>
         <file>rtsv7M4_T_le_v4SPD16_eabi.lib</file>
         <name>atoi.c.obj</name>
      </input_file>
      <input_file id="fl-e8">
         <path>/home/swr5250/ti/ccs1220/ccs/tools/compiler/ti-cgt-arm_20.2.7.LTS/lib/</path>
         <kind>archive</kind>
         <file>rtsv7M4_T_le_v4SPD16_eabi.lib</file>
         <name>memccpy.c.obj</name>
      </input_file>
      <input_file id="fl-e9">
         <path>/home/swr5250/ti/ccs1220/ccs/tools/compiler/ti-cgt-arm_20.2.7.LTS/lib/</path>
         <kind>archive</kind>
         <file>rtsv7M4_T_le_v4SPD16_eabi.lib</file>
         <name>strchr.c.obj</name>
      </input_file>
      <input_file id="fl-ea">
         <path>/home/swr5250/ti/ccs1220/ccs/tools/compiler/ti-cgt-arm_20.2.7.LTS/lib/</path>
         <kind>archive</kind>
         <file>rtsv7M4_T_le_v4SPD16_eabi.lib</file>
         <name>strcpy.c.obj</name>
      </input_file>
      <input_file id="fl-eb">
         <path>/home/swr5250/ti/ccs1220/ccs/tools/compiler/ti-cgt-arm_20.2.7.LTS/lib/</path>
         <kind>archive</kind>
         <file>rtsv7M4_T_le_v4SPD16_eabi.lib</file>
         <name>strcspn.c.obj</name>
      </input_file>
      <input_file id="fl-ec">
         <path>/home/swr5250/ti/ccs1220/ccs/tools/compiler/ti-cgt-arm_20.2.7.LTS/lib/</path>
         <kind>archive</kind>
         <file>rtsv7M4_T_le_v4SPD16_eabi.lib</file>
         <name>strlen.c.obj</name>
      </input_file>
      <input_file id="fl-ed">
         <path>/home/swr5250/ti/ccs1220/ccs/tools/compiler/ti-cgt-arm_20.2.7.LTS/lib/</path>
         <kind>archive</kind>
         <file>rtsv7M4_T_le_v4SPD16_eabi.lib</file>
         <name>strrchr.c.obj</name>
      </input_file>
      <input_file id="fl-ee">
         <path>/home/swr5250/ti/ccs1220/ccs/tools/compiler/ti-cgt-arm_20.2.7.LTS/lib/</path>
         <kind>archive</kind>
         <file>rtsv7M4_T_le_v4SPD16_eabi.lib</file>
         <name>strspn.c.obj</name>
      </input_file>
      <input_file id="fl-ef">
         <path>/home/swr5250/ti/ccs1220/ccs/tools/compiler/ti-cgt-arm_20.2.7.LTS/lib/</path>
         <kind>archive</kind>
         <file>rtsv7M4_T_le_v4SPD16_eabi.lib</file>
         <name>strtod.c.obj</name>
      </input_file>
      <input_file id="fl-f0">
         <path>/home/swr5250/ti/ccs1220/ccs/tools/compiler/ti-cgt-arm_20.2.7.LTS/lib/</path>
         <kind>archive</kind>
         <file>rtsv7M4_T_le_v4SPD16_eabi.lib</file>
         <name>strtol.c.obj</name>
      </input_file>
      <input_file id="fl-f1">
         <path>/home/swr5250/ti/ccs1220/ccs/tools/compiler/ti-cgt-arm_20.2.7.LTS/lib/</path>
         <kind>archive</kind>
         <file>rtsv7M4_T_le_v4SPD16_eabi.lib</file>
         <name>strtoll.c.obj</name>
      </input_file>
      <input_file id="fl-f2">
         <path>/home/swr5250/ti/ccs1220/ccs/tools/compiler/ti-cgt-arm_20.2.7.LTS/lib/</path>
         <kind>archive</kind>
         <file>rtsv7M4_T_le_v4SPD16_eabi.lib</file>
         <name>strtoul.c.obj</name>
      </input_file>
      <input_file id="fl-f3">
         <path>/home/swr5250/ti/ccs1220/ccs/tools/compiler/ti-cgt-arm_20.2.7.LTS/lib/</path>
         <kind>archive</kind>
         <file>rtsv7M4_T_le_v4SPD16_eabi.lib</file>
         <name>strtoull.c.obj</name>
      </input_file>
      <input_file id="fl-f4">
         <path>/home/swr5250/ti/ccs1220/ccs/tools/compiler/ti-cgt-arm_20.2.7.LTS/lib/</path>
         <kind>archive</kind>
         <file>rtsv7M4_T_le_v4SPD16_eabi.lib</file>
         <name>errno.c.obj</name>
      </input_file>
      <input_file id="fl-f5">
         <path>/home/swr5250/ti/ccs1220/ccs/tools/compiler/ti-cgt-arm_20.2.7.LTS/lib/</path>
         <kind>archive</kind>
         <file>rtsv7M4_T_le_v4SPD16_eabi.lib</file>
         <name>wcslen.c.obj</name>
      </input_file>
      <input_file id="fl-f6">
         <path>/home/swr5250/ti/ccs1220/ccs/tools/compiler/ti-cgt-arm_20.2.7.LTS/lib/</path>
         <kind>archive</kind>
         <file>rtsv7M4_T_le_v4SPD16_eabi.lib</file>
         <name>s_frexp.c.obj</name>
      </input_file>
      <input_file id="fl-f7">
         <path>/home/swr5250/ti/ccs1220/ccs/tools/compiler/ti-cgt-arm_20.2.7.LTS/lib/</path>
         <kind>archive</kind>
         <file>rtsv7M4_T_le_v4SPD16_eabi.lib</file>
         <name>s_scalbn.c.obj</name>
      </input_file>
      <input_file id="fl-f8">
         <path>/home/swr5250/ti/ccs1220/ccs/tools/compiler/ti-cgt-arm_20.2.7.LTS/lib/</path>
         <kind>archive</kind>
         <file>rtsv7M4_T_le_v4SPD16_eabi.lib</file>
         <name>div0.asm.obj</name>
      </input_file>
      <input_file id="fl-f9">
         <path>/home/swr5250/ti/ccs1220/ccs/tools/compiler/ti-cgt-arm_20.2.7.LTS/lib/</path>
         <kind>archive</kind>
         <file>rtsv7M4_T_le_v4SPD16_eabi.lib</file>
         <name>ll_mul_t2.asm.obj</name>
      </input_file>
      <input_file id="fl-fa">
         <path>/home/swr5250/ti/ccs1220/ccs/tools/compiler/ti-cgt-arm_20.2.7.LTS/lib/</path>
         <kind>archive</kind>
         <file>rtsv7M4_T_le_v4SPD16_eabi.lib</file>
         <name>s_copysign.c.obj</name>
      </input_file>
   </input_file_list>
   <object_component_list>
      <object_component id="oc-12">
         <name>.intvecs</name>
         <load_address>0x0</load_address>
         <run_address>0x0</run_address>
         <size>0x26c</size>
         <input_file_ref idref="fl-d"/>
      </object_component>
      <object_component id="oc-1fa">
         <name>.text:__TI_scanfi</name>
         <load_address>0x26c</load_address>
         <run_address>0x26c</run_address>
         <size>0xb14</size>
         <input_file_ref idref="fl-d6"/>
      </object_component>
      <object_component id="oc-b2">
         <name>.text</name>
         <load_address>0xd80</load_address>
         <run_address>0xd80</run_address>
         <size>0xa74</size>
         <input_file_ref idref="fl-5"/>
      </object_component>
      <object_component id="oc-1c0">
         <name>.text:__TI_printfi</name>
         <load_address>0x17f4</load_address>
         <run_address>0x17f4</run_address>
         <size>0xa4e</size>
         <input_file_ref idref="fl-d5"/>
      </object_component>
      <object_component id="oc-3ed">
         <name>.text</name>
         <load_address>0x2242</load_address>
         <run_address>0x2242</run_address>
         <size>0x2</size>
         <input_file_ref idref="fl-f8"/>
      </object_component>
      <object_component id="oc-e4">
         <name>.text</name>
         <load_address>0x2244</load_address>
         <run_address>0x2244</run_address>
         <size>0x808</size>
         <input_file_ref idref="fl-6"/>
      </object_component>
      <object_component id="oc-ea">
         <name>.text</name>
         <load_address>0x2a4c</load_address>
         <run_address>0x2a4c</run_address>
         <size>0x714</size>
         <input_file_ref idref="fl-4"/>
      </object_component>
      <object_component id="oc-fc">
         <name>.text</name>
         <load_address>0x3160</load_address>
         <run_address>0x3160</run_address>
         <size>0x4ac</size>
         <input_file_ref idref="fl-8"/>
      </object_component>
      <object_component id="oc-2d6">
         <name>.text:strtod</name>
         <load_address>0x360c</load_address>
         <run_address>0x360c</run_address>
         <size>0x460</size>
         <input_file_ref idref="fl-ef"/>
      </object_component>
      <object_component id="oc-12b">
         <name>.text</name>
         <load_address>0x3a6c</load_address>
         <run_address>0x3a6c</run_address>
         <size>0x3d0</size>
         <input_file_ref idref="fl-b"/>
      </object_component>
      <object_component id="oc-13d">
         <name>.text</name>
         <load_address>0x3e3c</load_address>
         <run_address>0x3e3c</run_address>
         <size>0x378</size>
         <input_file_ref idref="fl-f"/>
      </object_component>
      <object_component id="oc-2d">
         <name>.text</name>
         <load_address>0x41b4</load_address>
         <run_address>0x41b4</run_address>
         <size>0x338</size>
         <input_file_ref idref="fl-c"/>
      </object_component>
      <object_component id="oc-131">
         <name>.text</name>
         <load_address>0x44ec</load_address>
         <run_address>0x44ec</run_address>
         <size>0x2f4</size>
         <input_file_ref idref="fl-1"/>
      </object_component>
      <object_component id="oc-28b">
         <name>.text:_pconv_a</name>
         <load_address>0x47e0</load_address>
         <run_address>0x47e0</run_address>
         <size>0x270</size>
         <input_file_ref idref="fl-d5"/>
      </object_component>
      <object_component id="oc-2e7">
         <name>.text:strtoll</name>
         <load_address>0x4a50</load_address>
         <run_address>0x4a50</run_address>
         <size>0x1dc</size>
         <input_file_ref idref="fl-f1"/>
      </object_component>
      <object_component id="oc-279">
         <name>.text:_pconv_g</name>
         <load_address>0x4c2c</load_address>
         <run_address>0x4c2c</run_address>
         <size>0x1d0</size>
         <input_file_ref idref="fl-d5"/>
      </object_component>
      <object_component id="oc-371">
         <name>.text</name>
         <load_address>0x4dfc</load_address>
         <run_address>0x4dfc</run_address>
         <size>0x1b6</size>
         <input_file_ref idref="fl-d7"/>
      </object_component>
      <object_component id="oc-1b0">
         <name>.text</name>
         <load_address>0x4fb4</load_address>
         <run_address>0x4fb4</run_address>
         <size>0x160</size>
         <input_file_ref idref="fl-a"/>
      </object_component>
      <object_component id="oc-2ca">
         <name>.text:strtoull</name>
         <load_address>0x5114</load_address>
         <run_address>0x5114</run_address>
         <size>0x15c</size>
         <input_file_ref idref="fl-f3"/>
      </object_component>
      <object_component id="oc-137">
         <name>.text</name>
         <load_address>0x5270</load_address>
         <run_address>0x5270</run_address>
         <size>0x154</size>
         <input_file_ref idref="fl-7"/>
      </object_component>
      <object_component id="oc-285">
         <name>.text:_pconv_e</name>
         <load_address>0x53c4</load_address>
         <run_address>0x53c4</run_address>
         <size>0x13c</size>
         <input_file_ref idref="fl-d5"/>
      </object_component>
      <object_component id="oc-357">
         <name>.text</name>
         <load_address>0x5500</load_address>
         <run_address>0x5500</run_address>
         <size>0x136</size>
         <input_file_ref idref="fl-d9"/>
      </object_component>
      <object_component id="oc-2e1">
         <name>.text:strtol</name>
         <load_address>0x5638</load_address>
         <run_address>0x5638</run_address>
         <size>0x130</size>
         <input_file_ref idref="fl-f0"/>
      </object_component>
      <object_component id="oc-f0">
         <name>.text</name>
         <load_address>0x5768</load_address>
         <run_address>0x5768</run_address>
         <size>0x128</size>
         <input_file_ref idref="fl-e"/>
      </object_component>
      <object_component id="oc-383">
         <name>.text:fcvt</name>
         <load_address>0x5890</load_address>
         <run_address>0x5890</run_address>
         <size>0x124</size>
         <input_file_ref idref="fl-d5"/>
      </object_component>
      <object_component id="oc-397">
         <name>.text:scalbn</name>
         <load_address>0x59b4</load_address>
         <run_address>0x59b4</run_address>
         <size>0x110</size>
         <input_file_ref idref="fl-f7"/>
      </object_component>
      <object_component id="oc-2d0">
         <name>.text:strtoul</name>
         <load_address>0x5ac4</load_address>
         <run_address>0x5ac4</run_address>
         <size>0x110</size>
         <input_file_ref idref="fl-f2"/>
      </object_component>
      <object_component id="oc-352">
         <name>.text</name>
         <load_address>0x5bd4</load_address>
         <run_address>0x5bd4</run_address>
         <size>0xfc</size>
         <input_file_ref idref="fl-da"/>
      </object_component>
      <object_component id="oc-26e">
         <name>.text:_ltostr</name>
         <load_address>0x5cd0</load_address>
         <run_address>0x5cd0</run_address>
         <size>0xb1</size>
         <input_file_ref idref="fl-d5"/>
      </object_component>
      <object_component id="oc-41">
         <name>.text</name>
         <load_address>0x5d82</load_address>
         <run_address>0x5d82</run_address>
         <size>0x9c</size>
         <input_file_ref idref="fl-cc"/>
      </object_component>
      <object_component id="oc-34b">
         <name>.text</name>
         <load_address>0x5e1e</load_address>
         <run_address>0x5e1e</run_address>
         <size>0x96</size>
         <input_file_ref idref="fl-df"/>
      </object_component>
      <object_component id="oc-274">
         <name>.text:__aeabi_cdcmple</name>
         <load_address>0x5eb4</load_address>
         <run_address>0x5eb4</run_address>
         <size>0x86</size>
         <input_file_ref idref="fl-d8"/>
      </object_component>
      <object_component id="oc-35c">
         <name>.text:__aeabi_cdrcmple</name>
         <load_address>0x5f3a</load_address>
         <run_address>0x5f3a</run_address>
         <size>0x86</size>
         <input_file_ref idref="fl-d8"/>
      </object_component>
      <object_component id="oc-102">
         <name>.text</name>
         <load_address>0x5fc0</load_address>
         <run_address>0x5fc0</run_address>
         <size>0x84</size>
         <input_file_ref idref="fl-3"/>
      </object_component>
      <object_component id="oc-a6">
         <name>.text</name>
         <load_address>0x6044</load_address>
         <run_address>0x6044</run_address>
         <size>0x7a</size>
         <input_file_ref idref="fl-de"/>
      </object_component>
      <object_component id="oc-37c">
         <name>.text:_mcpy</name>
         <load_address>0x60be</load_address>
         <run_address>0x60be</run_address>
         <size>0x6e</size>
         <input_file_ref idref="fl-d5"/>
      </object_component>
      <object_component id="oc-2dc">
         <name>.text</name>
         <load_address>0x612c</load_address>
         <run_address>0x612c</run_address>
         <size>0x6e</size>
         <input_file_ref idref="fl-dc"/>
      </object_component>
      <object_component id="oc-20c">
         <name>.text:_chkmbc</name>
         <load_address>0x619c</load_address>
         <run_address>0x619c</run_address>
         <size>0x68</size>
         <input_file_ref idref="fl-cb"/>
      </object_component>
      <object_component id="oc-15">
         <name>.text:decompress:lzss:__TI_decompress_lzss</name>
         <load_address>0x6204</load_address>
         <run_address>0x6204</run_address>
         <size>0x68</size>
         <input_file_ref idref="fl-cf"/>
      </object_component>
      <object_component id="oc-391">
         <name>.text:frexp</name>
         <load_address>0x626c</load_address>
         <run_address>0x626c</run_address>
         <size>0x64</size>
         <input_file_ref idref="fl-f6"/>
      </object_component>
      <object_component id="oc-27f">
         <name>.text:_pconv_f</name>
         <load_address>0x62d0</load_address>
         <run_address>0x62d0</run_address>
         <size>0x56</size>
         <input_file_ref idref="fl-d5"/>
      </object_component>
      <object_component id="oc-366">
         <name>.text:__TI_ltoa</name>
         <load_address>0x6326</load_address>
         <run_address>0x6326</run_address>
         <size>0x54</size>
         <input_file_ref idref="fl-e5"/>
      </object_component>
      <object_component id="oc-376">
         <name>.text:_ecpy</name>
         <load_address>0x637a</load_address>
         <run_address>0x637a</run_address>
         <size>0x52</size>
         <input_file_ref idref="fl-d5"/>
      </object_component>
      <object_component id="oc-268">
         <name>.text:atoi</name>
         <load_address>0x63cc</load_address>
         <run_address>0x63cc</run_address>
         <size>0x4c</size>
         <input_file_ref idref="fl-e7"/>
      </object_component>
      <object_component id="oc-f6">
         <name>.text:snprintf</name>
         <load_address>0x6418</load_address>
         <run_address>0x6418</run_address>
         <size>0x4c</size>
         <input_file_ref idref="fl-ca"/>
      </object_component>
      <object_component id="oc-361">
         <name>.text</name>
         <load_address>0x6464</load_address>
         <run_address>0x6464</run_address>
         <size>0x48</size>
         <input_file_ref idref="fl-db"/>
      </object_component>
      <object_component id="oc-15e">
         <name>.text:__TI_auto_init_nobinit_nopinit:__TI_auto_init_nobinit_nopinit</name>
         <load_address>0x64ac</load_address>
         <run_address>0x64ac</run_address>
         <size>0x44</size>
         <input_file_ref idref="fl-e0"/>
      </object_component>
      <object_component id="oc-114">
         <name>.text:strtok</name>
         <load_address>0x64f0</load_address>
         <run_address>0x64f0</run_address>
         <size>0x40</size>
         <input_file_ref idref="fl-d2"/>
      </object_component>
      <object_component id="oc-389">
         <name>.text:_fcpy</name>
         <load_address>0x6530</load_address>
         <run_address>0x6530</run_address>
         <size>0x3e</size>
         <input_file_ref idref="fl-d5"/>
      </object_component>
      <object_component id="oc-10e">
         <name>.text:sscanf</name>
         <load_address>0x6570</load_address>
         <run_address>0x6570</run_address>
         <size>0x38</size>
         <input_file_ref idref="fl-cb"/>
      </object_component>
      <object_component id="oc-5f">
         <name>.text:_c_int00_noargs:_c_int00_noargs</name>
         <load_address>0x65a8</load_address>
         <run_address>0x65a8</run_address>
         <size>0x34</size>
         <input_file_ref idref="fl-d4"/>
      </object_component>
      <object_component id="oc-1c6">
         <name>.text:_outs</name>
         <load_address>0x65dc</load_address>
         <run_address>0x65dc</run_address>
         <size>0x30</size>
         <input_file_ref idref="fl-ca"/>
      </object_component>
      <object_component id="oc-36c">
         <name>.text</name>
         <load_address>0x660c</load_address>
         <run_address>0x660c</run_address>
         <size>0x2e</size>
         <input_file_ref idref="fl-dd"/>
      </object_component>
      <object_component id="oc-214">
         <name>.text:strspn</name>
         <load_address>0x663a</load_address>
         <run_address>0x663a</run_address>
         <size>0x2a</size>
         <input_file_ref idref="fl-ee"/>
      </object_component>
      <object_component id="oc-21a">
         <name>.text:strcspn</name>
         <load_address>0x6664</load_address>
         <run_address>0x6664</run_address>
         <size>0x24</size>
         <input_file_ref idref="fl-eb"/>
      </object_component>
      <object_component id="oc-125">
         <name>.text</name>
         <load_address>0x6688</load_address>
         <run_address>0x6688</run_address>
         <size>0x24</size>
         <input_file_ref idref="fl-10"/>
      </object_component>
      <object_component id="oc-4d">
         <name>.text:decompress:ZI:__TI_zero_init_nomemset:__TI_zero_init_nomemset</name>
         <load_address>0x66ac</load_address>
         <run_address>0x66ac</run_address>
         <size>0x1c</size>
         <input_file_ref idref="fl-cd"/>
      </object_component>
      <object_component id="oc-291">
         <name>.text:memccpy</name>
         <load_address>0x66c8</load_address>
         <run_address>0x66c8</run_address>
         <size>0x1c</size>
         <input_file_ref idref="fl-e8"/>
      </object_component>
      <object_component id="oc-406">
         <name>.text:copysign</name>
         <load_address>0x66e4</load_address>
         <run_address>0x66e4</run_address>
         <size>0x1a</size>
         <input_file_ref idref="fl-fa"/>
      </object_component>
      <object_component id="oc-1cc">
         <name>.text:_outc</name>
         <load_address>0x66fe</load_address>
         <run_address>0x66fe</run_address>
         <size>0x18</size>
         <input_file_ref idref="fl-ca"/>
      </object_component>
      <object_component id="oc-3bc">
         <name>.text</name>
         <load_address>0x6716</load_address>
         <run_address>0x6716</run_address>
         <size>0x18</size>
         <input_file_ref idref="fl-f9"/>
      </object_component>
      <object_component id="oc-11a">
         <name>.text:strcmp</name>
         <load_address>0x672e</load_address>
         <run_address>0x672e</run_address>
         <size>0x18</size>
         <input_file_ref idref="fl-d1"/>
      </object_component>
      <object_component id="oc-2ed">
         <name>.text:strrchr</name>
         <load_address>0x6746</load_address>
         <run_address>0x6746</run_address>
         <size>0x18</size>
         <input_file_ref idref="fl-ed"/>
      </object_component>
      <object_component id="oc-2f3">
         <name>.text:strchr</name>
         <load_address>0x675e</load_address>
         <run_address>0x675e</run_address>
         <size>0x16</size>
         <input_file_ref idref="fl-e9"/>
      </object_component>
      <object_component id="oc-2c4">
         <name>.text:strcpy</name>
         <load_address>0x6774</load_address>
         <run_address>0x6774</run_address>
         <size>0x14</size>
         <input_file_ref idref="fl-ea"/>
      </object_component>
      <object_component id="oc-262">
         <name>.text:strlen</name>
         <load_address>0x6788</load_address>
         <run_address>0x6788</run_address>
         <size>0x14</size>
         <input_file_ref idref="fl-ec"/>
      </object_component>
      <object_component id="oc-200">
         <name>.text:_inpchar</name>
         <load_address>0x679c</load_address>
         <run_address>0x679c</run_address>
         <size>0x12</size>
         <input_file_ref idref="fl-cb"/>
      </object_component>
      <object_component id="oc-297">
         <name>.text:wcslen</name>
         <load_address>0x67ae</load_address>
         <run_address>0x67ae</run_address>
         <size>0x12</size>
         <input_file_ref idref="fl-f5"/>
      </object_component>
      <object_component id="oc-de">
         <name>.text</name>
         <load_address>0x67c0</load_address>
         <run_address>0x67c0</run_address>
         <size>0x10</size>
         <input_file_ref idref="fl-2"/>
      </object_component>
      <object_component id="oc-108">
         <name>.text:tolower</name>
         <load_address>0x67d0</load_address>
         <run_address>0x67d0</run_address>
         <size>0x10</size>
         <input_file_ref idref="fl-d3"/>
      </object_component>
      <object_component id="oc-1b">
         <name>.text:decompress:none:__TI_decompress_none</name>
         <load_address>0x67e0</load_address>
         <run_address>0x67e0</run_address>
         <size>0xe</size>
         <input_file_ref idref="fl-ce"/>
      </object_component>
      <object_component id="oc-27">
         <name>.text</name>
         <load_address>0x67ee</load_address>
         <run_address>0x67ee</run_address>
         <size>0xc</size>
         <input_file_ref idref="fl-d"/>
      </object_component>
      <object_component id="oc-29d">
         <name>.text:__aeabi_errno_addr</name>
         <load_address>0x67fc</load_address>
         <run_address>0x67fc</run_address>
         <size>0x8</size>
         <input_file_ref idref="fl-f4"/>
      </object_component>
      <object_component id="oc-206">
         <name>.text:_uninpchar</name>
         <load_address>0x6804</load_address>
         <run_address>0x6804</run_address>
         <size>0x8</size>
         <input_file_ref idref="fl-cb"/>
      </object_component>
      <object_component id="oc-ac">
         <name>.text:_system_pre_init</name>
         <load_address>0x680c</load_address>
         <run_address>0x680c</run_address>
         <size>0x4</size>
         <input_file_ref idref="fl-e1"/>
      </object_component>
      <object_component id="oc-152">
         <name>.text:abort:abort</name>
         <load_address>0x6810</load_address>
         <run_address>0x6810</run_address>
         <size>0x4</size>
         <input_file_ref idref="fl-e3"/>
      </object_component>
      <object_component id="oc-1f5">
         <name>.const:.string:_ctypes_</name>
         <load_address>0x6818</load_address>
         <run_address>0x6818</run_address>
         <size>0x101</size>
         <input_file_ref idref="fl-d0"/>
      </object_component>
      <object_component id="oc-149">
         <name>.const:.string:$P$T2$3</name>
         <load_address>0x6919</load_address>
         <run_address>0x6919</run_address>
         <size>0x6</size>
         <input_file_ref idref="fl-5"/>
      </object_component>
      <object_component id="oc-3c5">
         <name>.const:$O1$$</name>
         <load_address>0x6920</load_address>
         <run_address>0x6920</run_address>
         <size>0xc8</size>
         <input_file_ref idref="fl-ef"/>
      </object_component>
      <object_component id="oc-2f9">
         <name>.const:$O1$$</name>
         <load_address>0x69e8</load_address>
         <run_address>0x69e8</run_address>
         <size>0x10</size>
         <input_file_ref idref="fl-d6"/>
      </object_component>
      <object_component id="oc-143">
         <name>.const:.string:$P$T0$1</name>
         <load_address>0x69f8</load_address>
         <run_address>0x69f8</run_address>
         <size>0x4</size>
         <input_file_ref idref="fl-5"/>
      </object_component>
      <object_component id="oc-146">
         <name>.const:.string:$P$T1$2</name>
         <load_address>0x69fc</load_address>
         <run_address>0x69fc</run_address>
         <size>0x4</size>
         <input_file_ref idref="fl-5"/>
      </object_component>
      <object_component id="oc-46b">
         <name>.cinit..data.load</name>
         <load_address>0x6a00</load_address>
         <run_address>0x6a00</run_address>
         <size>0x10</size>
      </object_component>
      <object_component id="oc-469">
         <name>__TI_handler_table</name>
         <load_address>0x6a10</load_address>
         <run_address>0x6a10</run_address>
         <size>0xc</size>
      </object_component>
      <object_component id="oc-46c">
         <name>.cinit..bss.load</name>
         <load_address>0x6a20</load_address>
         <run_address>0x6a20</run_address>
         <size>0x8</size>
      </object_component>
      <object_component id="oc-46a">
         <name>__TI_cinit_table</name>
         <load_address>0x6a28</load_address>
         <run_address>0x6a28</run_address>
         <size>0x10</size>
      </object_component>
      <object_component id="oc-1b6">
         <name>.data</name>
         <load_address>0x20001100</load_address>
         <run_address>0x20001100</run_address>
         <size>0x3</size>
         <input_file_ref idref="fl-4"/>
      </object_component>
      <object_component id="oc-1b9">
         <name>.data:hwAddress</name>
         <load_address>0x200010dc</load_address>
         <run_address>0x200010dc</run_address>
         <size>0x6</size>
         <input_file_ref idref="fl-4"/>
      </object_component>
      <object_component id="oc-120">
         <name>.data</name>
         <load_address>0x200010f6</load_address>
         <run_address>0x200010f6</run_address>
         <size>0x2</size>
         <input_file_ref idref="fl-5"/>
      </object_component>
      <object_component id="oc-1e3">
         <name>.data:ipAddress</name>
         <load_address>0x200010e2</load_address>
         <run_address>0x200010e2</run_address>
         <size>0x4</size>
         <input_file_ref idref="fl-8"/>
      </object_component>
      <object_component id="oc-1e6">
         <name>.data:ipSubnetMask</name>
         <load_address>0x200010ee</load_address>
         <run_address>0x200010ee</run_address>
         <size>0x4</size>
         <input_file_ref idref="fl-8"/>
      </object_component>
      <object_component id="oc-1e9">
         <name>.data:ipGwAddress</name>
         <load_address>0x200010ea</load_address>
         <run_address>0x200010ea</run_address>
         <size>0x4</size>
         <input_file_ref idref="fl-8"/>
      </object_component>
      <object_component id="oc-1ec">
         <name>.data:ipDnsAddress</name>
         <load_address>0x200010e6</load_address>
         <run_address>0x200010e6</run_address>
         <size>0x4</size>
         <input_file_ref idref="fl-8"/>
      </object_component>
      <object_component id="oc-1ef">
         <name>.data:ipTimeServerAddress</name>
         <load_address>0x200010f2</load_address>
         <run_address>0x200010f2</run_address>
         <size>0x4</size>
         <input_file_ref idref="fl-8"/>
      </object_component>
      <object_component id="oc-220">
         <name>.data</name>
         <load_address>0x200010fc</load_address>
         <run_address>0x200010fc</run_address>
         <size>0x4</size>
         <input_file_ref idref="fl-d2"/>
      </object_component>
      <object_component id="oc-3a7">
         <name>.data</name>
         <load_address>0x200010f8</load_address>
         <run_address>0x200010f8</run_address>
         <size>0x4</size>
         <input_file_ref idref="fl-f4"/>
      </object_component>
      <object_component id="oc-123">
         <name>.common:strInput</name>
         <uninitialized>true</uninitialized>
         <run_address>0x20001000</run_address>
         <size>0x54</size>
      </object_component>
      <object_component id="oc-124">
         <name>.common:token</name>
         <uninitialized>true</uninitialized>
         <run_address>0x200010d8</run_address>
         <size>0x4</size>
      </object_component>
      <object_component id="oc-78">
         <name>.common:fn</name>
         <uninitialized>true</uninitialized>
         <run_address>0x20001054</run_address>
         <size>0x28</size>
      </object_component>
      <object_component id="oc-74">
         <name>.common:period</name>
         <uninitialized>true</uninitialized>
         <run_address>0x2000107c</run_address>
         <size>0x28</size>
      </object_component>
      <object_component id="oc-77">
         <name>.common:ticks</name>
         <uninitialized>true</uninitialized>
         <run_address>0x200010a4</run_address>
         <size>0x28</size>
      </object_component>
      <object_component id="oc-79">
         <name>.common:reload</name>
         <uninitialized>true</uninitialized>
         <run_address>0x200010cc</run_address>
         <size>0xc</size>
      </object_component>
      <object_component id="oc-24">
         <name>.stack</name>
         <uninitialized>true</uninitialized>
         <run_address>0x20000000</run_address>
         <size>0x4</size>
         <input_file_ref idref="fl-d4"/>
      </object_component>
      <object_component id="oc-46e">
         <name>.stack</name>
         <uninitialized>true</uninitialized>
         <run_address>0x20000000</run_address>
         <size>0x0</size>
      </object_component>
      <object_component id="oc-cd">
         <name>.debug_info</name>
         <load_address>0x0</load_address>
         <run_address>0x0</run_address>
         <size>0x350</size>
         <input_file_ref idref="fl-1"/>
      </object_component>
      <object_component id="oc-132">
         <name>.debug_info</name>
         <load_address>0x350</load_address>
         <run_address>0x350</run_address>
         <size>0x4b4</size>
         <input_file_ref idref="fl-1"/>
      </object_component>
      <object_component id="oc-8c">
         <name>.debug_info</name>
         <load_address>0x804</load_address>
         <run_address>0x804</run_address>
         <size>0x26b</size>
         <input_file_ref idref="fl-1"/>
      </object_component>
      <object_component id="oc-80">
         <name>.debug_info</name>
         <load_address>0xa6f</load_address>
         <run_address>0xa6f</run_address>
         <size>0x8b</size>
         <input_file_ref idref="fl-1"/>
      </object_component>
      <object_component id="oc-c6">
         <name>.debug_info</name>
         <load_address>0xafa</load_address>
         <run_address>0xafa</run_address>
         <size>0x2a4</size>
         <input_file_ref idref="fl-1"/>
      </object_component>
      <object_component id="oc-7b">
         <name>.debug_info</name>
         <load_address>0xd9e</load_address>
         <run_address>0xd9e</run_address>
         <size>0xbb</size>
         <input_file_ref idref="fl-1"/>
      </object_component>
      <object_component id="oc-1a1">
         <name>.debug_info</name>
         <load_address>0xe59</load_address>
         <run_address>0xe59</run_address>
         <size>0xcc</size>
         <input_file_ref idref="fl-1"/>
      </object_component>
      <object_component id="oc-1de">
         <name>.debug_info</name>
         <load_address>0xf25</load_address>
         <run_address>0xf25</run_address>
         <size>0x2c</size>
         <input_file_ref idref="fl-1"/>
      </object_component>
      <object_component id="oc-1a8">
         <name>.debug_info</name>
         <load_address>0xf51</load_address>
         <run_address>0xf51</run_address>
         <size>0xee</size>
         <input_file_ref idref="fl-1"/>
      </object_component>
      <object_component id="oc-192">
         <name>.debug_info</name>
         <load_address>0x103f</load_address>
         <run_address>0x103f</run_address>
         <size>0xe1</size>
         <input_file_ref idref="fl-1"/>
      </object_component>
      <object_component id="oc-14d">
         <name>.debug_info</name>
         <load_address>0x1120</load_address>
         <run_address>0x1120</run_address>
         <size>0x1c1</size>
         <input_file_ref idref="fl-1"/>
      </object_component>
      <object_component id="oc-df">
         <name>.debug_info</name>
         <load_address>0x12e1</load_address>
         <run_address>0x12e1</run_address>
         <size>0x118</size>
         <input_file_ref idref="fl-2"/>
      </object_component>
      <object_component id="oc-3c">
         <name>.debug_info</name>
         <load_address>0x13f9</load_address>
         <run_address>0x13f9</run_address>
         <size>0x84</size>
         <input_file_ref idref="fl-2"/>
      </object_component>
      <object_component id="oc-103">
         <name>.debug_info</name>
         <load_address>0x147d</load_address>
         <run_address>0x147d</run_address>
         <size>0x200</size>
         <input_file_ref idref="fl-3"/>
      </object_component>
      <object_component id="oc-1bd">
         <name>.debug_info</name>
         <load_address>0x167d</load_address>
         <run_address>0x167d</run_address>
         <size>0x462</size>
         <input_file_ref idref="fl-4"/>
      </object_component>
      <object_component id="oc-1b7">
         <name>.debug_info</name>
         <load_address>0x1adf</load_address>
         <run_address>0x1adf</run_address>
         <size>0x129</size>
         <input_file_ref idref="fl-4"/>
      </object_component>
      <object_component id="oc-1ba">
         <name>.debug_info</name>
         <load_address>0x1c08</load_address>
         <run_address>0x1c08</run_address>
         <size>0xd1</size>
         <input_file_ref idref="fl-4"/>
      </object_component>
      <object_component id="oc-eb">
         <name>.debug_info</name>
         <load_address>0x1cd9</load_address>
         <run_address>0x1cd9</run_address>
         <size>0x1882</size>
         <input_file_ref idref="fl-4"/>
      </object_component>
      <object_component id="oc-19c">
         <name>.debug_info</name>
         <load_address>0x355b</load_address>
         <run_address>0x355b</run_address>
         <size>0x88</size>
         <input_file_ref idref="fl-4"/>
      </object_component>
      <object_component id="oc-cb">
         <name>.debug_info</name>
         <load_address>0x35e3</load_address>
         <run_address>0x35e3</run_address>
         <size>0xd50</size>
         <input_file_ref idref="fl-5"/>
      </object_component>
      <object_component id="oc-121">
         <name>.debug_info</name>
         <load_address>0x4333</load_address>
         <run_address>0x4333</run_address>
         <size>0xec</size>
         <input_file_ref idref="fl-5"/>
      </object_component>
      <object_component id="oc-144">
         <name>.debug_info</name>
         <load_address>0x441f</load_address>
         <run_address>0x441f</run_address>
         <size>0xd1</size>
         <input_file_ref idref="fl-5"/>
      </object_component>
      <object_component id="oc-147">
         <name>.debug_info</name>
         <load_address>0x44f0</load_address>
         <run_address>0x44f0</run_address>
         <size>0xd1</size>
         <input_file_ref idref="fl-5"/>
      </object_component>
      <object_component id="oc-14a">
         <name>.debug_info</name>
         <load_address>0x45c1</load_address>
         <run_address>0x45c1</run_address>
         <size>0xd1</size>
         <input_file_ref idref="fl-5"/>
      </object_component>
      <object_component id="oc-b3">
         <name>.debug_info</name>
         <load_address>0x4692</load_address>
         <run_address>0x4692</run_address>
         <size>0xee7</size>
         <input_file_ref idref="fl-5"/>
      </object_component>
      <object_component id="oc-85">
         <name>.debug_info</name>
         <load_address>0x5579</load_address>
         <run_address>0x5579</run_address>
         <size>0x2c</size>
         <input_file_ref idref="fl-5"/>
      </object_component>
      <object_component id="oc-31a">
         <name>.debug_info</name>
         <load_address>0x55a5</load_address>
         <run_address>0x55a5</run_address>
         <size>0xb2</size>
         <input_file_ref idref="fl-5"/>
      </object_component>
      <object_component id="oc-313">
         <name>.debug_info</name>
         <load_address>0x5657</load_address>
         <run_address>0x5657</run_address>
         <size>0xee</size>
         <input_file_ref idref="fl-5"/>
      </object_component>
      <object_component id="oc-321">
         <name>.debug_info</name>
         <load_address>0x5745</load_address>
         <run_address>0x5745</run_address>
         <size>0x9e</size>
         <input_file_ref idref="fl-5"/>
      </object_component>
      <object_component id="oc-197">
         <name>.debug_info</name>
         <load_address>0x57e3</load_address>
         <run_address>0x57e3</run_address>
         <size>0x35</size>
         <input_file_ref idref="fl-5"/>
      </object_component>
      <object_component id="oc-1af">
         <name>.debug_info</name>
         <load_address>0x5818</load_address>
         <run_address>0x5818</run_address>
         <size>0x260</size>
         <input_file_ref idref="fl-6"/>
      </object_component>
      <object_component id="oc-e5">
         <name>.debug_info</name>
         <load_address>0x5a78</load_address>
         <run_address>0x5a78</run_address>
         <size>0x10e6</size>
         <input_file_ref idref="fl-6"/>
      </object_component>
      <object_component id="oc-22e">
         <name>.debug_info</name>
         <load_address>0x6b5e</load_address>
         <run_address>0x6b5e</run_address>
         <size>0x357</size>
         <input_file_ref idref="fl-7"/>
      </object_component>
      <object_component id="oc-138">
         <name>.debug_info</name>
         <load_address>0x6eb5</load_address>
         <run_address>0x6eb5</run_address>
         <size>0x2ce</size>
         <input_file_ref idref="fl-7"/>
      </object_component>
      <object_component id="oc-1f3">
         <name>.debug_info</name>
         <load_address>0x7183</load_address>
         <run_address>0x7183</run_address>
         <size>0x2c9</size>
         <input_file_ref idref="fl-8"/>
      </object_component>
      <object_component id="oc-1e4">
         <name>.debug_info</name>
         <load_address>0x744c</load_address>
         <run_address>0x744c</run_address>
         <size>0xcf</size>
         <input_file_ref idref="fl-8"/>
      </object_component>
      <object_component id="oc-1e7">
         <name>.debug_info</name>
         <load_address>0x751b</load_address>
         <run_address>0x751b</run_address>
         <size>0xd5</size>
         <input_file_ref idref="fl-8"/>
      </object_component>
      <object_component id="oc-1ea">
         <name>.debug_info</name>
         <load_address>0x75f0</load_address>
         <run_address>0x75f0</run_address>
         <size>0xd3</size>
         <input_file_ref idref="fl-8"/>
      </object_component>
      <object_component id="oc-1ed">
         <name>.debug_info</name>
         <load_address>0x76c3</load_address>
         <run_address>0x76c3</run_address>
         <size>0xd5</size>
         <input_file_ref idref="fl-8"/>
      </object_component>
      <object_component id="oc-1f0">
         <name>.debug_info</name>
         <load_address>0x7798</load_address>
         <run_address>0x7798</run_address>
         <size>0xe3</size>
         <input_file_ref idref="fl-8"/>
      </object_component>
      <object_component id="oc-fd">
         <name>.debug_info</name>
         <load_address>0x787b</load_address>
         <run_address>0x787b</run_address>
         <size>0xa91</size>
         <input_file_ref idref="fl-8"/>
      </object_component>
      <object_component id="oc-1b1">
         <name>.debug_info</name>
         <load_address>0x830c</load_address>
         <run_address>0x830c</run_address>
         <size>0x452</size>
         <input_file_ref idref="fl-a"/>
      </object_component>
      <object_component id="oc-22b">
         <name>.debug_info</name>
         <load_address>0x875e</load_address>
         <run_address>0x875e</run_address>
         <size>0x3fe</size>
         <input_file_ref idref="fl-b"/>
      </object_component>
      <object_component id="oc-12c">
         <name>.debug_info</name>
         <load_address>0x8b5c</load_address>
         <run_address>0x8b5c</run_address>
         <size>0x605</size>
         <input_file_ref idref="fl-b"/>
      </object_component>
      <object_component id="oc-75">
         <name>.debug_info</name>
         <load_address>0x9161</load_address>
         <run_address>0x9161</run_address>
         <size>0x325</size>
         <input_file_ref idref="fl-c"/>
      </object_component>
      <object_component id="oc-2e">
         <name>.debug_info</name>
         <load_address>0x9486</load_address>
         <run_address>0x9486</run_address>
         <size>0x4a7</size>
         <input_file_ref idref="fl-c"/>
      </object_component>
      <object_component id="oc-35">
         <name>.debug_info</name>
         <load_address>0x992d</load_address>
         <run_address>0x992d</run_address>
         <size>0x2c2</size>
         <input_file_ref idref="fl-d"/>
      </object_component>
      <object_component id="oc-13">
         <name>.debug_info</name>
         <load_address>0x9bef</load_address>
         <run_address>0x9bef</run_address>
         <size>0xeb</size>
         <input_file_ref idref="fl-d"/>
      </object_component>
      <object_component id="oc-28">
         <name>.debug_info</name>
         <load_address>0x9cda</load_address>
         <run_address>0x9cda</run_address>
         <size>0x267</size>
         <input_file_ref idref="fl-d"/>
      </object_component>
      <object_component id="oc-1bf">
         <name>.debug_info</name>
         <load_address>0x9f41</load_address>
         <run_address>0x9f41</run_address>
         <size>0x34b</size>
         <input_file_ref idref="fl-e"/>
      </object_component>
      <object_component id="oc-f1">
         <name>.debug_info</name>
         <load_address>0xa28c</load_address>
         <run_address>0xa28c</run_address>
         <size>0x3c4</size>
         <input_file_ref idref="fl-e"/>
      </object_component>
      <object_component id="oc-230">
         <name>.debug_info</name>
         <load_address>0xa650</load_address>
         <run_address>0xa650</run_address>
         <size>0x3f0</size>
         <input_file_ref idref="fl-f"/>
      </object_component>
      <object_component id="oc-13e">
         <name>.debug_info</name>
         <load_address>0xaa40</load_address>
         <run_address>0xaa40</run_address>
         <size>0x612</size>
         <input_file_ref idref="fl-f"/>
      </object_component>
      <object_component id="oc-126">
         <name>.debug_info</name>
         <load_address>0xb052</load_address>
         <run_address>0xb052</run_address>
         <size>0x122</size>
         <input_file_ref idref="fl-10"/>
      </object_component>
      <object_component id="oc-1d3">
         <name>.debug_info</name>
         <load_address>0xb174</load_address>
         <run_address>0xb174</run_address>
         <size>0x33a</size>
         <input_file_ref idref="fl-ca"/>
      </object_component>
      <object_component id="oc-f9">
         <name>.debug_info</name>
         <load_address>0xb4ae</load_address>
         <run_address>0xb4ae</run_address>
         <size>0x1ee</size>
         <input_file_ref idref="fl-ca"/>
      </object_component>
      <object_component id="oc-1c8">
         <name>.debug_info</name>
         <load_address>0xb69c</load_address>
         <run_address>0xb69c</run_address>
         <size>0x1c3</size>
         <input_file_ref idref="fl-ca"/>
      </object_component>
      <object_component id="oc-1ce">
         <name>.debug_info</name>
         <load_address>0xb85f</load_address>
         <run_address>0xb85f</run_address>
         <size>0x176</size>
         <input_file_ref idref="fl-ca"/>
      </object_component>
      <object_component id="oc-1d4">
         <name>.debug_info</name>
         <load_address>0xb9d5</load_address>
         <run_address>0xb9d5</run_address>
         <size>0x2c</size>
         <input_file_ref idref="fl-ca"/>
      </object_component>
      <object_component id="oc-1d9">
         <name>.debug_info</name>
         <load_address>0xba01</load_address>
         <run_address>0xba01</run_address>
         <size>0x69</size>
         <input_file_ref idref="fl-ca"/>
      </object_component>
      <object_component id="oc-213">
         <name>.debug_info</name>
         <load_address>0xba6a</load_address>
         <run_address>0xba6a</run_address>
         <size>0x37a</size>
         <input_file_ref idref="fl-cb"/>
      </object_component>
      <object_component id="oc-10f">
         <name>.debug_info</name>
         <load_address>0xbde4</load_address>
         <run_address>0xbde4</run_address>
         <size>0x17e</size>
         <input_file_ref idref="fl-cb"/>
      </object_component>
      <object_component id="oc-207">
         <name>.debug_info</name>
         <load_address>0xbf62</load_address>
         <run_address>0xbf62</run_address>
         <size>0x171</size>
         <input_file_ref idref="fl-cb"/>
      </object_component>
      <object_component id="oc-201">
         <name>.debug_info</name>
         <load_address>0xc0d3</load_address>
         <run_address>0xc0d3</run_address>
         <size>0x17e</size>
         <input_file_ref idref="fl-cb"/>
      </object_component>
      <object_component id="oc-20d">
         <name>.debug_info</name>
         <load_address>0xc251</load_address>
         <run_address>0xc251</run_address>
         <size>0x1de</size>
         <input_file_ref idref="fl-cb"/>
      </object_component>
      <object_component id="oc-42">
         <name>.debug_info</name>
         <load_address>0xc42f</load_address>
         <run_address>0xc42f</run_address>
         <size>0x119</size>
         <input_file_ref idref="fl-cc"/>
      </object_component>
      <object_component id="oc-a5">
         <name>.debug_info</name>
         <load_address>0xc548</load_address>
         <run_address>0xc548</run_address>
         <size>0x2d4</size>
         <input_file_ref idref="fl-cd"/>
      </object_component>
      <object_component id="oc-4e">
         <name>.debug_info</name>
         <load_address>0xc81c</load_address>
         <run_address>0xc81c</run_address>
         <size>0x1d2</size>
         <input_file_ref idref="fl-cd"/>
      </object_component>
      <object_component id="oc-a0">
         <name>.debug_info</name>
         <load_address>0xc9ee</load_address>
         <run_address>0xc9ee</run_address>
         <size>0x46</size>
         <input_file_ref idref="fl-cd"/>
      </object_component>
      <object_component id="oc-d5">
         <name>.debug_info</name>
         <load_address>0xca34</load_address>
         <run_address>0xca34</run_address>
         <size>0x2c</size>
         <input_file_ref idref="fl-cd"/>
      </object_component>
      <object_component id="oc-4c">
         <name>.debug_info</name>
         <load_address>0xca60</load_address>
         <run_address>0xca60</run_address>
         <size>0x2a8</size>
         <input_file_ref idref="fl-ce"/>
      </object_component>
      <object_component id="oc-1c">
         <name>.debug_info</name>
         <load_address>0xcd08</load_address>
         <run_address>0xcd08</run_address>
         <size>0x1ea</size>
         <input_file_ref idref="fl-ce"/>
      </object_component>
      <object_component id="oc-47">
         <name>.debug_info</name>
         <load_address>0xcef2</load_address>
         <run_address>0xcef2</run_address>
         <size>0x46</size>
         <input_file_ref idref="fl-ce"/>
      </object_component>
      <object_component id="oc-98">
         <name>.debug_info</name>
         <load_address>0xcf38</load_address>
         <run_address>0xcf38</run_address>
         <size>0x2c</size>
         <input_file_ref idref="fl-ce"/>
      </object_component>
      <object_component id="oc-96">
         <name>.debug_info</name>
         <load_address>0xcf64</load_address>
         <run_address>0xcf64</run_address>
         <size>0x29e</size>
         <input_file_ref idref="fl-cf"/>
      </object_component>
      <object_component id="oc-16">
         <name>.debug_info</name>
         <load_address>0xd202</load_address>
         <run_address>0xd202</run_address>
         <size>0x250</size>
         <input_file_ref idref="fl-cf"/>
      </object_component>
      <object_component id="oc-37">
         <name>.debug_info</name>
         <load_address>0xd452</load_address>
         <run_address>0xd452</run_address>
         <size>0x60</size>
         <input_file_ref idref="fl-cf"/>
      </object_component>
      <object_component id="oc-ce">
         <name>.debug_info</name>
         <load_address>0xd4b2</load_address>
         <run_address>0xd4b2</run_address>
         <size>0x46</size>
         <input_file_ref idref="fl-cf"/>
      </object_component>
      <object_component id="oc-91">
         <name>.debug_info</name>
         <load_address>0xd4f8</load_address>
         <run_address>0xd4f8</run_address>
         <size>0x39</size>
         <input_file_ref idref="fl-cf"/>
      </object_component>
      <object_component id="oc-2c1">
         <name>.debug_info</name>
         <load_address>0xd531</load_address>
         <run_address>0xd531</run_address>
         <size>0xf9</size>
         <input_file_ref idref="fl-d0"/>
      </object_component>
      <object_component id="oc-1f6">
         <name>.debug_info</name>
         <load_address>0xd62a</load_address>
         <run_address>0xd62a</run_address>
         <size>0x105</size>
         <input_file_ref idref="fl-d0"/>
      </object_component>
      <object_component id="oc-226">
         <name>.debug_info</name>
         <load_address>0xd72f</load_address>
         <run_address>0xd72f</run_address>
         <size>0x28a</size>
         <input_file_ref idref="fl-d1"/>
      </object_component>
      <object_component id="oc-11b">
         <name>.debug_info</name>
         <load_address>0xd9b9</load_address>
         <run_address>0xd9b9</run_address>
         <size>0x273</size>
         <input_file_ref idref="fl-d1"/>
      </object_component>
      <object_component id="oc-224">
         <name>.debug_info</name>
         <load_address>0xdc2c</load_address>
         <run_address>0xdc2c</run_address>
         <size>0x2fe</size>
         <input_file_ref idref="fl-d2"/>
      </object_component>
      <object_component id="oc-221">
         <name>.debug_info</name>
         <load_address>0xdf2a</load_address>
         <run_address>0xdf2a</run_address>
         <size>0x105</size>
         <input_file_ref idref="fl-d2"/>
      </object_component>
      <object_component id="oc-115">
         <name>.debug_info</name>
         <load_address>0xe02f</load_address>
         <run_address>0xe02f</run_address>
         <size>0x1ab</size>
         <input_file_ref idref="fl-d2"/>
      </object_component>
      <object_component id="oc-1f9">
         <name>.debug_info</name>
         <load_address>0xe1da</load_address>
         <run_address>0xe1da</run_address>
         <size>0x2b6</size>
         <input_file_ref idref="fl-d3"/>
      </object_component>
      <object_component id="oc-109">
         <name>.debug_info</name>
         <load_address>0xe490</load_address>
         <run_address>0xe490</run_address>
         <size>0x154</size>
         <input_file_ref idref="fl-d3"/>
      </object_component>
      <object_component id="oc-25">
         <name>.debug_info</name>
         <load_address>0xe5e4</load_address>
         <run_address>0xe5e4</run_address>
         <size>0x10b</size>
         <input_file_ref idref="fl-d4"/>
      </object_component>
      <object_component id="oc-60">
         <name>.debug_info</name>
         <load_address>0xe6ef</load_address>
         <run_address>0xe6ef</run_address>
         <size>0x1a9</size>
         <input_file_ref idref="fl-d4"/>
      </object_component>
      <object_component id="oc-2a4">
         <name>.debug_info</name>
         <load_address>0xe898</load_address>
         <run_address>0xe898</run_address>
         <size>0x590</size>
         <input_file_ref idref="fl-d5"/>
      </object_component>
      <object_component id="oc-26f">
         <name>.debug_info</name>
         <load_address>0xee28</load_address>
         <run_address>0xee28</run_address>
         <size>0x21e</size>
         <input_file_ref idref="fl-d5"/>
      </object_component>
      <object_component id="oc-377">
         <name>.debug_info</name>
         <load_address>0xf046</load_address>
         <run_address>0xf046</run_address>
         <size>0x1b3</size>
         <input_file_ref idref="fl-d5"/>
      </object_component>
      <object_component id="oc-37d">
         <name>.debug_info</name>
         <load_address>0xf1f9</load_address>
         <run_address>0xf1f9</run_address>
         <size>0x21b</size>
         <input_file_ref idref="fl-d5"/>
      </object_component>
      <object_component id="oc-27a">
         <name>.debug_info</name>
         <load_address>0xf414</load_address>
         <run_address>0xf414</run_address>
         <size>0x3c0</size>
         <input_file_ref idref="fl-d5"/>
      </object_component>
      <object_component id="oc-384">
         <name>.debug_info</name>
         <load_address>0xf7d4</load_address>
         <run_address>0xf7d4</run_address>
         <size>0x30a</size>
         <input_file_ref idref="fl-d5"/>
      </object_component>
      <object_component id="oc-38a">
         <name>.debug_info</name>
         <load_address>0xfade</load_address>
         <run_address>0xfade</run_address>
         <size>0x215</size>
         <input_file_ref idref="fl-d5"/>
      </object_component>
      <object_component id="oc-280">
         <name>.debug_info</name>
         <load_address>0xfcf3</load_address>
         <run_address>0xfcf3</run_address>
         <size>0x215</size>
         <input_file_ref idref="fl-d5"/>
      </object_component>
      <object_component id="oc-286">
         <name>.debug_info</name>
         <load_address>0xff08</load_address>
         <run_address>0xff08</run_address>
         <size>0x304</size>
         <input_file_ref idref="fl-d5"/>
      </object_component>
      <object_component id="oc-28c">
         <name>.debug_info</name>
         <load_address>0x1020c</load_address>
         <run_address>0x1020c</run_address>
         <size>0x4b5</size>
         <input_file_ref idref="fl-d5"/>
      </object_component>
      <object_component id="oc-1c1">
         <name>.debug_info</name>
         <load_address>0x106c1</load_address>
         <run_address>0x106c1</run_address>
         <size>0x5f4</size>
         <input_file_ref idref="fl-d5"/>
      </object_component>
      <object_component id="oc-2a5">
         <name>.debug_info</name>
         <load_address>0x10cb5</load_address>
         <run_address>0x10cb5</run_address>
         <size>0x86</size>
         <input_file_ref idref="fl-d5"/>
      </object_component>
      <object_component id="oc-3ae">
         <name>.debug_info</name>
         <load_address>0x10d3b</load_address>
         <run_address>0x10d3b</run_address>
         <size>0x39</size>
         <input_file_ref idref="fl-d5"/>
      </object_component>
      <object_component id="oc-41b">
         <name>.debug_info</name>
         <load_address>0x10d74</load_address>
         <run_address>0x10d74</run_address>
         <size>0xb6</size>
         <input_file_ref idref="fl-d5"/>
      </object_component>
      <object_component id="oc-3b3">
         <name>.debug_info</name>
         <load_address>0x10e2a</load_address>
         <run_address>0x10e2a</run_address>
         <size>0x46</size>
         <input_file_ref idref="fl-d5"/>
      </object_component>
      <object_component id="oc-2aa">
         <name>.debug_info</name>
         <load_address>0x10e70</load_address>
         <run_address>0x10e70</run_address>
         <size>0x46</size>
         <input_file_ref idref="fl-d5"/>
      </object_component>
      <object_component id="oc-2fb">
         <name>.debug_info</name>
         <load_address>0x10eb6</load_address>
         <run_address>0x10eb6</run_address>
         <size>0x5ce</size>
         <input_file_ref idref="fl-d6"/>
      </object_component>
      <object_component id="oc-1fb">
         <name>.debug_info</name>
         <load_address>0x11484</load_address>
         <run_address>0x11484</run_address>
         <size>0xa45</size>
         <input_file_ref idref="fl-d6"/>
      </object_component>
      <object_component id="oc-2fd">
         <name>.debug_info</name>
         <load_address>0x11ec9</load_address>
         <run_address>0x11ec9</run_address>
         <size>0x9a</size>
         <input_file_ref idref="fl-d6"/>
      </object_component>
      <object_component id="oc-374">
         <name>.debug_info</name>
         <load_address>0x11f63</load_address>
         <run_address>0x11f63</run_address>
         <size>0x14c</size>
         <input_file_ref idref="fl-d7"/>
      </object_component>
      <object_component id="oc-275">
         <name>.debug_info</name>
         <load_address>0x120af</load_address>
         <run_address>0x120af</run_address>
         <size>0x128</size>
         <input_file_ref idref="fl-d8"/>
      </object_component>
      <object_component id="oc-35d">
         <name>.debug_info</name>
         <load_address>0x121d7</load_address>
         <run_address>0x121d7</run_address>
         <size>0x12a</size>
         <input_file_ref idref="fl-d8"/>
      </object_component>
      <object_component id="oc-358">
         <name>.debug_info</name>
         <load_address>0x12301</load_address>
         <run_address>0x12301</run_address>
         <size>0x13a</size>
         <input_file_ref idref="fl-d9"/>
      </object_component>
      <object_component id="oc-353">
         <name>.debug_info</name>
         <load_address>0x1243b</load_address>
         <run_address>0x1243b</run_address>
         <size>0x13a</size>
         <input_file_ref idref="fl-da"/>
      </object_component>
      <object_component id="oc-362">
         <name>.debug_info</name>
         <load_address>0x12575</load_address>
         <run_address>0x12575</run_address>
         <size>0x12e</size>
         <input_file_ref idref="fl-db"/>
      </object_component>
      <object_component id="oc-2dd">
         <name>.debug_info</name>
         <load_address>0x126a3</load_address>
         <run_address>0x126a3</run_address>
         <size>0x13e</size>
         <input_file_ref idref="fl-dc"/>
      </object_component>
      <object_component id="oc-36d">
         <name>.debug_info</name>
         <load_address>0x127e1</load_address>
         <run_address>0x127e1</run_address>
         <size>0x12c</size>
         <input_file_ref idref="fl-dd"/>
      </object_component>
      <object_component id="oc-a7">
         <name>.debug_info</name>
         <load_address>0x1290d</load_address>
         <run_address>0x1290d</run_address>
         <size>0x147</size>
         <input_file_ref idref="fl-de"/>
      </object_component>
      <object_component id="oc-34c">
         <name>.debug_info</name>
         <load_address>0x12a54</load_address>
         <run_address>0x12a54</run_address>
         <size>0x134</size>
         <input_file_ref idref="fl-df"/>
      </object_component>
      <object_component id="oc-242">
         <name>.debug_info</name>
         <load_address>0x12b88</load_address>
         <run_address>0x12b88</run_address>
         <size>0x4b3</size>
         <input_file_ref idref="fl-e0"/>
      </object_component>
      <object_component id="oc-15f">
         <name>.debug_info</name>
         <load_address>0x1303b</load_address>
         <run_address>0x1303b</run_address>
         <size>0x1a6</size>
         <input_file_ref idref="fl-e0"/>
      </object_component>
      <object_component id="oc-336">
         <name>.debug_info</name>
         <load_address>0x131e1</load_address>
         <run_address>0x131e1</run_address>
         <size>0x39</size>
         <input_file_ref idref="fl-e0"/>
      </object_component>
      <object_component id="oc-3dd">
         <name>.debug_info</name>
         <load_address>0x1321a</load_address>
         <run_address>0x1321a</run_address>
         <size>0x39</size>
         <input_file_ref idref="fl-e0"/>
      </object_component>
      <object_component id="oc-33b">
         <name>.debug_info</name>
         <load_address>0x13253</load_address>
         <run_address>0x13253</run_address>
         <size>0x39</size>
         <input_file_ref idref="fl-e0"/>
      </object_component>
      <object_component id="oc-340">
         <name>.debug_info</name>
         <load_address>0x1328c</load_address>
         <run_address>0x1328c</run_address>
         <size>0xcd</size>
         <input_file_ref idref="fl-e0"/>
      </object_component>
      <object_component id="oc-ad">
         <name>.debug_info</name>
         <load_address>0x13359</load_address>
         <run_address>0x13359</run_address>
         <size>0x153</size>
         <input_file_ref idref="fl-e1"/>
      </object_component>
      <object_component id="oc-153">
         <name>.debug_info</name>
         <load_address>0x134ac</load_address>
         <run_address>0x134ac</run_address>
         <size>0x122</size>
         <input_file_ref idref="fl-e3"/>
      </object_component>
      <object_component id="oc-3f8">
         <name>.debug_info</name>
         <load_address>0x135ce</load_address>
         <run_address>0x135ce</run_address>
         <size>0x29c</size>
         <input_file_ref idref="fl-e5"/>
      </object_component>
      <object_component id="oc-367">
         <name>.debug_info</name>
         <load_address>0x1386a</load_address>
         <run_address>0x1386a</run_address>
         <size>0x1da</size>
         <input_file_ref idref="fl-e5"/>
      </object_component>
      <object_component id="oc-34a">
         <name>.debug_info</name>
         <load_address>0x13a44</load_address>
         <run_address>0x13a44</run_address>
         <size>0x2b9</size>
         <input_file_ref idref="fl-e7"/>
      </object_component>
      <object_component id="oc-269">
         <name>.debug_info</name>
         <load_address>0x13cfd</load_address>
         <run_address>0x13cfd</run_address>
         <size>0x17c</size>
         <input_file_ref idref="fl-e7"/>
      </object_component>
      <object_component id="oc-39f">
         <name>.debug_info</name>
         <load_address>0x13e79</load_address>
         <run_address>0x13e79</run_address>
         <size>0x2a7</size>
         <input_file_ref idref="fl-e8"/>
      </object_component>
      <object_component id="oc-292">
         <name>.debug_info</name>
         <load_address>0x14120</load_address>
         <run_address>0x14120</run_address>
         <size>0x1b8</size>
         <input_file_ref idref="fl-e8"/>
      </object_component>
      <object_component id="oc-3d3">
         <name>.debug_info</name>
         <load_address>0x142d8</load_address>
         <run_address>0x142d8</run_address>
         <size>0x29a</size>
         <input_file_ref idref="fl-e9"/>
      </object_component>
      <object_component id="oc-2f4">
         <name>.debug_info</name>
         <load_address>0x14572</load_address>
         <run_address>0x14572</run_address>
         <size>0x262</size>
         <input_file_ref idref="fl-e9"/>
      </object_component>
      <object_component id="oc-3bb">
         <name>.debug_info</name>
         <load_address>0x147d4</load_address>
         <run_address>0x147d4</run_address>
         <size>0x2a4</size>
         <input_file_ref idref="fl-ea"/>
      </object_component>
      <object_component id="oc-2c5">
         <name>.debug_info</name>
         <load_address>0x14a78</load_address>
         <run_address>0x14a78</run_address>
         <size>0x24d</size>
         <input_file_ref idref="fl-ea"/>
      </object_component>
      <object_component id="oc-30a">
         <name>.debug_info</name>
         <load_address>0x14cc5</load_address>
         <run_address>0x14cc5</run_address>
         <size>0x290</size>
         <input_file_ref idref="fl-eb"/>
      </object_component>
      <object_component id="oc-21b">
         <name>.debug_info</name>
         <load_address>0x14f55</load_address>
         <run_address>0x14f55</run_address>
         <size>0x198</size>
         <input_file_ref idref="fl-eb"/>
      </object_component>
      <object_component id="oc-348">
         <name>.debug_info</name>
         <load_address>0x150ed</load_address>
         <run_address>0x150ed</run_address>
         <size>0x28f</size>
         <input_file_ref idref="fl-ec"/>
      </object_component>
      <object_component id="oc-263">
         <name>.debug_info</name>
         <load_address>0x1537c</load_address>
         <run_address>0x1537c</run_address>
         <size>0x245</size>
         <input_file_ref idref="fl-ec"/>
      </object_component>
      <object_component id="oc-3d1">
         <name>.debug_info</name>
         <load_address>0x155c1</load_address>
         <run_address>0x155c1</run_address>
         <size>0x296</size>
         <input_file_ref idref="fl-ed"/>
      </object_component>
      <object_component id="oc-2ee">
         <name>.debug_info</name>
         <load_address>0x15857</load_address>
         <run_address>0x15857</run_address>
         <size>0x265</size>
         <input_file_ref idref="fl-ed"/>
      </object_component>
      <object_component id="oc-308">
         <name>.debug_info</name>
         <load_address>0x15abc</load_address>
         <run_address>0x15abc</run_address>
         <size>0x295</size>
         <input_file_ref idref="fl-ee"/>
      </object_component>
      <object_component id="oc-215">
         <name>.debug_info</name>
         <load_address>0x15d51</load_address>
         <run_address>0x15d51</run_address>
         <size>0x1c3</size>
         <input_file_ref idref="fl-ee"/>
      </object_component>
      <object_component id="oc-3c9">
         <name>.debug_info</name>
         <load_address>0x15f14</load_address>
         <run_address>0x15f14</run_address>
         <size>0x3b1</size>
         <input_file_ref idref="fl-ef"/>
      </object_component>
      <object_component id="oc-3c6">
         <name>.debug_info</name>
         <load_address>0x162c5</load_address>
         <run_address>0x162c5</run_address>
         <size>0x123</size>
         <input_file_ref idref="fl-ef"/>
      </object_component>
      <object_component id="oc-2d7">
         <name>.debug_info</name>
         <load_address>0x163e8</load_address>
         <run_address>0x163e8</run_address>
         <size>0x4e0</size>
         <input_file_ref idref="fl-ef"/>
      </object_component>
      <object_component id="oc-3cd">
         <name>.debug_info</name>
[...]
         <value>0x26e7</value>
         <object_component_ref idref="oc-e4"/>
      </symbol>
      <symbol id="sm-28a">
         <name>setPinValue</name>
         <value>0x28bd</value>
         <object_component_ref idref="oc-e4"/>
      </symbol>
      <symbol id="sm-29e">
         <name>sendPingResponse</name>
         <value>0x52b5</value>
         <object_component_ref idref="oc-137"/>
      </symbol>
      <symbol id="sm-29f">
         <name>isPingRequest</name>
         <value>0x5271</value>
         <object_component_ref idref="oc-137"/>
      </symbol>
      <symbol id="sm-310">
         <name>setIpTimeServerAddress</name>
         <value>0x3427</value>
         <object_component_ref idref="oc-fc"/>
      </symbol>
      <symbol id="sm-311">
         <name>ipTimeServerAddress</name>
         <value>0x200010f2</value>
         <object_component_ref idref="oc-1ef"/>
      </symbol>
      <symbol id="sm-312">
         <name>isIp</name>
         <value>0x3161</value>
         <object_component_ref idref="oc-fc"/>
      </symbol>
      <symbol id="sm-313">
         <name>setIpMqttBrokerAddress</name>
         <value>0x349b</value>
         <object_component_ref idref="oc-fc"/>
      </symbol>
      <symbol id="sm-314">
         <name>ipSubnetMask</name>
         <value>0x200010ee</value>
         <object_component_ref idref="oc-1e6"/>
      </symbol>
      <symbol id="sm-315">
         <name>getIpTimeServerAddress</name>
         <value>0x3461</value>
         <object_component_ref idref="oc-fc"/>
      </symbol>
      <symbol id="sm-316">
         <name>sumIpWords</name>
         <value>0x3521</value>
         <object_component_ref idref="oc-fc"/>
      </symbol>
      <symbol id="sm-317">
         <name>getIpMqttBrokerAddress</name>
         <value>0x34d9</value>
         <object_component_ref idref="oc-fc"/>
      </symbol>
      <symbol id="sm-318">
         <name>ipGwAddress</name>
         <value>0x200010ea</value>
         <object_component_ref idref="oc-1e9"/>
      </symbol>
      <symbol id="sm-319">
         <name>ipDnsAddress</name>
         <value>0x200010e6</value>
         <object_component_ref idref="oc-1ec"/>
      </symbol>
      <symbol id="sm-31a">
         <name>getIpGatewayAddress</name>
         <value>0x3379</value>
         <object_component_ref idref="oc-fc"/>
      </symbol>
      <symbol id="sm-31b">
         <name>setIpGatewayAddress</name>
         <value>0x333f</value>
         <object_component_ref idref="oc-fc"/>
      </symbol>
      <symbol id="sm-31c">
         <name>isEtherIpValid</name>
         <value>0x3231</value>
         <object_component_ref idref="oc-fc"/>
      </symbol>
      <symbol id="sm-31d">
         <name>getIpAddress</name>
         <value>0x3291</value>
         <object_component_ref idref="oc-fc"/>
      </symbol>
      <symbol id="sm-31e">
         <name>calcIpChecksum</name>
         <value>0x35c7</value>
         <object_component_ref idref="oc-fc"/>
      </symbol>
      <symbol id="sm-31f">
         <name>getIpChecksum</name>
         <value>0x3595</value>
         <object_component_ref idref="oc-fc"/>
      </symbol>
      <symbol id="sm-320">
         <name>getIpSubnetMask</name>
         <value>0x3305</value>
         <object_component_ref idref="oc-fc"/>
      </symbol>
      <symbol id="sm-321">
         <name>setIpSubnetMask</name>
         <value>0x32cb</value>
         <object_component_ref idref="oc-fc"/>
      </symbol>
      <symbol id="sm-322">
         <name>ipAddress</name>
         <value>0x200010e2</value>
         <object_component_ref idref="oc-1e3"/>
      </symbol>
      <symbol id="sm-323">
         <name>isIpUnicast</name>
         <value>0x31d1</value>
         <object_component_ref idref="oc-fc"/>
      </symbol>
      <symbol id="sm-324">
         <name>setIpAddress</name>
         <value>0x3257</value>
         <object_component_ref idref="oc-fc"/>
      </symbol>
      <symbol id="sm-325">
         <name>getIpDnsAddress</name>
         <value>0x33ed</value>
         <object_component_ref idref="oc-fc"/>
      </symbol>
      <symbol id="sm-326">
         <name>setIpDnsAddress</name>
         <value>0x33b3</value>
         <object_component_ref idref="oc-fc"/>
      </symbol>
      <symbol id="sm-343">
         <name>setSpi0Mode</name>
         <value>0x5087</value>
         <object_component_ref idref="oc-1b0"/>
      </symbol>
      <symbol id="sm-344">
         <name>readSpi0Data</name>
         <value>0x50ed</value>
         <object_component_ref idref="oc-1b0"/>
      </symbol>
      <symbol id="sm-345">
         <name>writeSpi0Data</name>
         <value>0x50d5</value>
         <object_component_ref idref="oc-1b0"/>
      </symbol>
      <symbol id="sm-346">
         <name>initSpi0</name>
         <value>0x4fb5</value>
         <object_component_ref idref="oc-1b0"/>
      </symbol>
      <symbol id="sm-347">
         <name>setSpi0BaudRate</name>
         <value>0x5051</value>
         <object_component_ref idref="oc-1b0"/>
      </symbol>
      <symbol id="sm-367">
         <name>isTcp</name>
         <value>0x3a6d</value>
         <object_component_ref idref="oc-12b"/>
      </symbol>
      <symbol id="sm-368">
         <name>sendTcpMessage</name>
         <value>0x3be9</value>
         <object_component_ref idref="oc-12b"/>
      </symbol>
      <symbol id="sm-369">
         <name>getTcpMessageSocket</name>
         <value>0x3b3f</value>
         <object_component_ref idref="oc-12b"/>
      </symbol>
      <symbol id="sm-3aa">
         <name>fn</name>
         <value>0x20001054</value>
      </symbol>
      <symbol id="sm-3ab">
         <name>period</name>
         <value>0x2000107c</value>
      </symbol>
      <symbol id="sm-3ac">
         <name>ticks</name>
         <value>0x200010a4</value>
      </symbol>
      <symbol id="sm-3ad">
         <name>reload</name>
         <value>0x200010cc</value>
      </symbol>
      <symbol id="sm-3ae">
         <name>initTimer</name>
         <value>0x41b5</value>
         <object_component_ref idref="oc-2d"/>
      </symbol>
      <symbol id="sm-3af">
         <name>stopTimer</name>
         <value>0x4361</value>
         <object_component_ref idref="oc-2d"/>
      </symbol>
      <symbol id="sm-3b0">
         <name>startOneshotTimer</name>
         <value>0x4255</value>
         <object_component_ref idref="oc-2d"/>
      </symbol>
      <symbol id="sm-3b1">
         <name>restartTimer</name>
         <value>0x43c7</value>
         <object_component_ref idref="oc-2d"/>
      </symbol>
      <symbol id="sm-3b2">
         <name>random32</name>
         <value>0x44af</value>
         <object_component_ref idref="oc-2d"/>
      </symbol>
      <symbol id="sm-3b3">
         <name>tickIsr</name>
         <value>0x4435</value>
         <object_component_ref idref="oc-2d"/>
      </symbol>
      <symbol id="sm-3b4">
         <name>startPeriodicTimer</name>
         <value>0x42db</value>
         <object_component_ref idref="oc-2d"/>
      </symbol>
      <symbol id="sm-3d0">
         <name>ResetISR</name>
         <value>0x67ef</value>
         <object_component_ref idref="oc-27"/>
      </symbol>
      <symbol id="sm-3d1">
         <name>g_pfnVectors</name>
         <value>0x0</value>
         <object_component_ref idref="oc-12"/>
      </symbol>
      <symbol id="sm-3f4">
         <name>getcUart0</name>
         <value>0x583f</value>
         <object_component_ref idref="oc-f0"/>
      </symbol>
      <symbol id="sm-3f5">
         <name>kbhitUart0</name>
         <value>0x5853</value>
         <object_component_ref idref="oc-f0"/>
      </symbol>
      <symbol id="sm-3f6">
         <name>setUart0BaudRate</name>
         <value>0x57b3</value>
         <object_component_ref idref="oc-f0"/>
      </symbol>
      <symbol id="sm-3f7">
         <name>putsUart0</name>
         <value>0x5813</value>
         <object_component_ref idref="oc-f0"/>
      </symbol>
      <symbol id="sm-3f8">
         <name>initUart0</name>
         <value>0x5769</value>
         <object_component_ref idref="oc-f0"/>
      </symbol>
      <symbol id="sm-3f9">
         <name>putcUart0</name>
         <value>0x57f7</value>
         <object_component_ref idref="oc-f0"/>
      </symbol>
      <symbol id="sm-418">
         <name>sendUdpMessage</name>
         <value>0x3fbb</value>
         <object_component_ref idref="oc-13d"/>
      </symbol>
      <symbol id="sm-419">
         <name>getUdpData</name>
         <value>0x3ee5</value>
         <object_component_ref idref="oc-13d"/>
      </symbol>
      <symbol id="sm-41a">
         <name>getUdpMessageSocket</name>
         <value>0x3f11</value>
         <object_component_ref idref="oc-13d"/>
      </symbol>
      <symbol id="sm-41b">
         <name>isUdp</name>
         <value>0x3e3d</value>
         <object_component_ref idref="oc-13d"/>
      </symbol>
      <symbol id="sm-429">
         <name>waitMicrosecond</name>
         <value>0x6689</value>
         <object_component_ref idref="oc-125"/>
      </symbol>
      <symbol id="sm-458">
         <name>snprintf</name>
         <value>0x6419</value>
         <object_component_ref idref="oc-f6"/>
      </symbol>
      <symbol id="sm-48f">
         <name>sscanf</name>
         <value>0x6571</value>
         <object_component_ref idref="oc-10e"/>
      </symbol>
      <symbol id="sm-4aa">
         <name>memcpy</name>
         <value>0x5d83</value>
         <object_component_ref idref="oc-41"/>
      </symbol>
      <symbol id="sm-4ab">
         <name>__aeabi_memcpy</name>
         <value>0x5d83</value>
         <object_component_ref idref="oc-41"/>
      </symbol>
      <symbol id="sm-4ac">
         <name>__aeabi_memcpy8</name>
         <value>0x5d83</value>
         <object_component_ref idref="oc-41"/>
      </symbol>
      <symbol id="sm-4ad">
         <name>__aeabi_memcpy4</name>
         <value>0x5d83</value>
         <object_component_ref idref="oc-41"/>
      </symbol>
      <symbol id="sm-4c6">
         <name>__TI_zero_init_nomemset</name>
         <value>0x66ad</value>
         <object_component_ref idref="oc-4d"/>
      </symbol>
      <symbol id="sm-4dd">
         <name>__TI_decompress_none</name>
         <value>0x67e1</value>
         <object_component_ref idref="oc-1b"/>
      </symbol>
      <symbol id="sm-500">
         <name>__TI_decompress_lzss</name>
         <value>0x6205</value>
         <object_component_ref idref="oc-15"/>
      </symbol>
      <symbol id="sm-50b">
         <name>_ctypes_</name>
         <value>0x6818</value>
         <object_component_ref idref="oc-1f5"/>
      </symbol>
      <symbol id="sm-51a">
         <name>strcmp</name>
         <value>0x672f</value>
         <object_component_ref idref="oc-11a"/>
      </symbol>
      <symbol id="sm-532">
         <name>strtok</name>
         <value>0x64f1</value>
         <object_component_ref idref="oc-114"/>
      </symbol>
      <symbol id="sm-541">
         <name>tolower</name>
         <value>0x67d1</value>
         <object_component_ref idref="oc-108"/>
      </symbol>
      <symbol id="sm-554">
         <name>__stack</name>
         <value>0x20000000</value>
         <object_component_ref idref="oc-24"/>
      </symbol>
      <symbol id="sm-555">
         <name>_c_int00_noargs</name>
         <value>0x65a9</value>
         <object_component_ref idref="oc-5f"/>
      </symbol>
      <symbol id="sm-6ba">
         <name>__TI_printfi</name>
         <value>0x17f5</value>
         <object_component_ref idref="oc-1c0"/>
      </symbol>
      <symbol id="sm-770">
         <name>__TI_scanfi</name>
         <value>0x26d</value>
         <object_component_ref idref="oc-1fa"/>
      </symbol>
      <symbol id="sm-787">
         <name>__aeabi_dsub</name>
         <value>0x4dfd</value>
         <object_component_ref idref="oc-371"/>
      </symbol>
      <symbol id="sm-788">
         <name>__aeabi_dadd</name>
         <value>0x4e07</value>
         <object_component_ref idref="oc-371"/>
      </symbol>
      <symbol id="sm-7aa">
         <name>__aeabi_cdcmpeq</name>
         <value>0x5eb5</value>
         <object_component_ref idref="oc-274"/>
      </symbol>
      <symbol id="sm-7ab">
         <name>__aeabi_cdcmple</name>
         <value>0x5eb5</value>
         <object_component_ref idref="oc-274"/>
      </symbol>
      <symbol id="sm-7ac">
         <name>__aeabi_cdrcmple</name>
         <value>0x5f3b</value>
         <object_component_ref idref="oc-35c"/>
      </symbol>
      <symbol id="sm-7c0">
         <name>__aeabi_ddiv</name>
         <value>0x5501</value>
         <object_component_ref idref="oc-357"/>
      </symbol>
      <symbol id="sm-7cb">
         <name>__aeabi_dmul</name>
         <value>0x5bd5</value>
         <object_component_ref idref="oc-352"/>
      </symbol>
      <symbol id="sm-7d5">
         <name>__aeabi_d2iz</name>
         <value>0x6465</value>
         <object_component_ref idref="oc-361"/>
      </symbol>
      <symbol id="sm-7e1">
         <name>__aeabi_d2f</name>
         <value>0x612d</value>
         <object_component_ref idref="oc-2dc"/>
      </symbol>
      <symbol id="sm-7eb">
         <name>__aeabi_i2d</name>
         <value>0x660d</value>
         <object_component_ref idref="oc-36c"/>
      </symbol>
      <symbol id="sm-7fa">
         <name>__aeabi_memset</name>
         <value>0x6047</value>
         <object_component_ref idref="oc-a6"/>
      </symbol>
      <symbol id="sm-7fb">
         <name>memset</name>
         <value>0x604d</value>
         <object_component_ref idref="oc-a6"/>
      </symbol>
      <symbol id="sm-7fc">
         <name>__aeabi_memset8</name>
         <value>0x6047</value>
         <object_component_ref idref="oc-a6"/>
      </symbol>
      <symbol id="sm-7fd">
         <name>__aeabi_memset4</name>
         <value>0x6047</value>
         <object_component_ref idref="oc-a6"/>
      </symbol>
      <symbol id="sm-7fe">
         <name>__aeabi_memclr8</name>
         <value>0x6045</value>
         <object_component_ref idref="oc-a6"/>
      </symbol>
      <symbol id="sm-7ff">
         <name>__aeabi_memclr4</name>
         <value>0x6045</value>
         <object_component_ref idref="oc-a6"/>
      </symbol>
      <symbol id="sm-800">
         <name>__aeabi_memclr</name>
         <value>0x6045</value>
         <object_component_ref idref="oc-a6"/>
      </symbol>
      <symbol id="sm-80d">
         <name>__aeabi_uldivmod</name>
         <value>0x5e1f</value>
         <object_component_ref idref="oc-34b"/>
      </symbol>
      <symbol id="sm-835">
         <name>__TI_auto_init_nobinit_nopinit</name>
         <value>0x64ad</value>
         <object_component_ref idref="oc-15e"/>
      </symbol>
      <symbol id="sm-83f">
         <name>_system_pre_init</name>
         <value>0x680d</value>
         <object_component_ref idref="oc-ac"/>
      </symbol>
      <symbol id="sm-84b">
         <name>C$$EXIT</name>
         <value>0x6811</value>
         <object_component_ref idref="oc-152"/>
      </symbol>
      <symbol id="sm-84c">
         <name>abort</name>
         <value>0x6811</value>
         <object_component_ref idref="oc-152"/>
      </symbol>
      <symbol id="sm-85c">
         <name>__TI_ltoa</name>
         <value>0x6327</value>
         <object_component_ref idref="oc-366"/>
      </symbol>
      <symbol id="sm-873">
         <name>atoi</name>
         <value>0x63cd</value>
         <object_component_ref idref="oc-268"/>
      </symbol>
      <symbol id="sm-883">
         <name>memccpy</name>
         <value>0x66c9</value>
         <object_component_ref idref="oc-291"/>
      </symbol>
      <symbol id="sm-893">
         <name>strchr</name>
         <value>0x675f</value>
         <object_component_ref idref="oc-2f3"/>
      </symbol>
      <symbol id="sm-8a1">
         <name>strcpy</name>
         <value>0x6775</value>
         <object_component_ref idref="oc-2c4"/>
      </symbol>
      <symbol id="sm-8b2">
         <name>strcspn</name>
         <value>0x6665</value>
         <object_component_ref idref="oc-21a"/>
      </symbol>
      <symbol id="sm-8c0">
         <name>strlen</name>
         <value>0x6789</value>
         <object_component_ref idref="oc-262"/>
      </symbol>
      <symbol id="sm-8cf">
         <name>strrchr</name>
         <value>0x6747</value>
         <object_component_ref idref="oc-2ed"/>
      </symbol>
      <symbol id="sm-8e1">
         <name>strspn</name>
         <value>0x663b</value>
         <object_component_ref idref="oc-214"/>
      </symbol>
      <symbol id="sm-941">
         <name>strtold</name>
         <value>0x360d</value>
         <object_component_ref idref="oc-2d6"/>
      </symbol>
      <symbol id="sm-942">
         <name>strtod</name>
         <value>0x360d</value>
         <object_component_ref idref="oc-2d6"/>
      </symbol>
      <symbol id="sm-966">
         <name>strtol</name>
         <value>0x5639</value>
         <object_component_ref idref="oc-2e1"/>
      </symbol>
      <symbol id="sm-98c">
         <name>strtoll</name>
         <value>0x4a51</value>
         <object_component_ref idref="oc-2e7"/>
      </symbol>
      <symbol id="sm-9ac">
         <name>strtoul</name>
         <value>0x5ac5</value>
         <object_component_ref idref="oc-2d0"/>
      </symbol>
      <symbol id="sm-9cf">
         <name>strtoull</name>
         <value>0x5115</value>
         <object_component_ref idref="oc-2ca"/>
      </symbol>
      <symbol id="sm-9e5">
         <name>__aeabi_errno_addr</name>
         <value>0x67fd</value>
         <object_component_ref idref="oc-29d"/>
      </symbol>
      <symbol id="sm-9e6">
         <name>errno</name>
         <value>0x200010f8</value>
         <object_component_ref idref="oc-3a7"/>
      </symbol>
      <symbol id="sm-9ff">
         <name>wcslen</name>
         <value>0x67af</value>
         <object_component_ref idref="oc-297"/>
      </symbol>
      <symbol id="sm-a1f">
         <name>frexpl</name>
         <value>0x626d</value>
         <object_component_ref idref="oc-391"/>
      </symbol>
      <symbol id="sm-a20">
         <name>frexp</name>
         <value>0x626d</value>
         <object_component_ref idref="oc-391"/>
      </symbol>
      <symbol id="sm-a3d">
         <name>scalbn</name>
         <value>0x59b5</value>
         <object_component_ref idref="oc-397"/>
      </symbol>
      <symbol id="sm-a3e">
         <name>scalbnl</name>
         <value>0x59b5</value>
         <object_component_ref idref="oc-397"/>
      </symbol>
      <symbol id="sm-a3f">
         <name>ldexpl</name>
         <value>0x59b5</value>
         <object_component_ref idref="oc-397"/>
      </symbol>
      <symbol id="sm-a40">
         <name>ldexp</name>
         <value>0x59b5</value>
         <object_component_ref idref="oc-397"/>
      </symbol>
      <symbol id="sm-a4a">
         <name>__aeabi_idiv0</name>
         <value>0x2243</value>
         <object_component_ref idref="oc-3ed"/>
      </symbol>
      <symbol id="sm-a4b">
         <name>__aeabi_ldiv0</name>
         <value>0x2243</value>
         <object_component_ref idref="oc-3ed"/>
      </symbol>
      <symbol id="sm-a54">
         <name>__aeabi_lmul</name>
         <value>0x6717</value>
         <object_component_ref idref="oc-3bc"/>
      </symbol>
      <symbol id="sm-a5e">
         <name>copysign</name>
         <value>0x66e5</value>
         <object_component_ref idref="oc-406"/>
      </symbol>
      <symbol id="sm-a5f">
         <name>copysignl</name>
         <value>0x66e5</value>
         <object_component_ref idref="oc-406"/>
      </symbol>
      <symbol id="sm-a60">
         <name>__TI_static_base__</name>
         <value>0x0</value>
      </symbol>
      <symbol id="sm-a63">
         <name>__mpu_init</name>
         <value>0x0</value>
      </symbol>
      <symbol id="sm-a64">
         <name>_system_post_cinit</name>
         <value>0x0</value>
      </symbol>
   </symbol_table>
   <title>Link successful</title>
</link_info>
