******************************************************************************
                  TI ARM Linker Unix v20.2.7                   
******************************************************************************
>> Linked Sun Mar 19 14:03:15 2023

OUTPUT FILE NAME:   <IotProject1.out>
ENTRY POINT SYMBOL: "_c_int00_noargs"  address: 00006e69


MEMORY CONFIGURATION

         name            origin    length      used     unused   attr    fill
----------------------  --------  ---------  --------  --------  ----  --------
  FLASH                 00000000   00040000  00007304  00038cfc  R  X
  SRAM                  20000000   00008000  000011fb  00006e05  RW X


SEGMENT ALLOCATION MAP

run origin  load origin   length   init length attrs members
----------  ----------- ---------- ----------- ----- -------
00000000    00000000    00007308   00007308    r-x
  00000000    00000000    0000026c   0000026c    r-- .intvecs
  0000026c    0000026c    00006e68   00006e68    r-x .text
  000070d8    000070d8    000001f8   000001f8    r-- .const
  000072d0    000072d0    00000038   00000038    r-- .cinit
20000000    20000000    000011fb   00000000    rw-
  20000000    20000000    00001000   00000000    rw- .stack
  20001000    20001000    000001d0   00000000    rw- .bss
  200011d0    200011d0    0000002b   00000000    rw- .data


SECTION ALLOCATION MAP

 output                                  attributes/
section   page    origin      length       input sections
--------  ----  ----------  ----------   ----------------
.intvecs   0    00000000    0000026c     
                  00000000    0000026c     tm4c123gh6pm_startup_ccs.obj (.intvecs)

.text      0    0000026c    00006e68     
                  0000026c    00000df4     ethernet.obj (.text)
                  00001060    00000b14     rtsv7M4_T_le_v4SPD16_eabi.lib : _scanfi.c.obj (.text:__TI_scanfi)
                  00001b74    00000a4e                                   : _printfi.c.obj (.text:__TI_printfi)
                  000025c2    00000002                                   : div0.asm.obj (.text)
                  000025c4    00000808     gpio.obj (.text)
                  00002dcc    00000738     eth0.obj (.text)
                  00003504    000004ac     ip.obj (.text)
                  000039b0    0000047c     tcp.obj (.text)
                  00003e2c    00000460     rtsv7M4_T_le_v4SPD16_eabi.lib : strtod.c.obj (.text:strtod)
                  0000428c    000003f6     mqtt.obj (.text)
                  00004682    00000378     udp.obj (.text)
                  000049fa    0000036c     arp.obj (.text)
                  00004d66    00000002     --HOLE-- [fill = 0]
                  00004d68    00000338     timer.obj (.text)
                  000050a0    00000270     rtsv7M4_T_le_v4SPD16_eabi.lib : _printfi.c.obj (.text:_pconv_a)
                  00005310    000001dc                                   : strtoll.c.obj (.text:strtoll)
                  000054ec    000001d0                                   : _printfi.c.obj (.text:_pconv_g)
                  000056bc    000001b6                                   : fd_add_t2.asm.obj (.text)
                  00005872    00000002     --HOLE-- [fill = 0]
                  00005874    00000160     spi0.obj (.text)
                  000059d4    0000015c     rtsv7M4_T_le_v4SPD16_eabi.lib : strtoull.c.obj (.text:strtoull)
                  00005b30    00000154     icmp.obj (.text)
                  00005c84    0000013c     rtsv7M4_T_le_v4SPD16_eabi.lib : _printfi.c.obj (.text:_pconv_e)
                  00005dc0    00000136                                   : fd_div_t2.asm.obj (.text)
                  00005ef6    00000002     --HOLE-- [fill = 0]
                  00005ef8    00000130                                   : strtol.c.obj (.text:strtol)
                  00006028    00000128     uart0.obj (.text)
                  00006150    00000124     rtsv7M4_T_le_v4SPD16_eabi.lib : _printfi.c.obj (.text:fcvt)
                  00006274    00000110                                   : s_scalbn.c.obj (.text:scalbn)
                  00006384    00000110                                   : strtoul.c.obj (.text:strtoul)
                  00006494    000000fc                                   : fd_mul_t2.asm.obj (.text)
                  00006590    000000b1                                   : _printfi.c.obj (.text:_ltostr)
                  00006641    00000001     --HOLE-- [fill = 0]
                  00006642    0000009c                                   : memcpy_t2.asm.obj (.text)
                  000066de    00000096                                   : ull_div_t2.asm.obj (.text)
                  00006774    00000086                                   : fd_cmp_t2.asm.obj (.text:__aeabi_cdcmple)
                  000067fa    00000086                                   : fd_cmp_t2.asm.obj (.text:__aeabi_cdrcmple)
                  00006880    00000084     eeprom.obj (.text)
                  00006904    0000007a     rtsv7M4_T_le_v4SPD16_eabi.lib : memset_t2.asm.obj (.text)
                  0000697e    0000006e                                   : _printfi.c.obj (.text:_mcpy)
                  000069ec    0000006e                                   : fd_tos_t2.asm.obj (.text)
                  00006a5a    00000002     --HOLE-- [fill = 0]
                  00006a5c    00000068                                   : sscanf.c.obj (.text:_chkmbc)
                  00006ac4    00000068                                   : copy_decompress_lzss.c.obj (.text:decompress:lzss:__TI_decompress_lzss)
                  00006b2c    00000064                                   : s_frexp.c.obj (.text:frexp)
                  00006b90    00000056                                   : _printfi.c.obj (.text:_pconv_f)
                  00006be6    00000054                                   : _ltoa.c.obj (.text:__TI_ltoa)
                  00006c3a    00000052                                   : _printfi.c.obj (.text:_ecpy)
                  00006c8c    0000004c                                   : atoi.c.obj (.text:atoi)
                  00006cd8    0000004c                                   : snprintf.c.obj (.text:snprintf)
                  00006d24    00000048                                   : fd_toi_t2.asm.obj (.text)
                  00006d6c    00000044                                   : autoinit.c.obj (.text:__TI_auto_init_nobinit_nopinit:__TI_auto_init_nobinit_nopinit)
                  00006db0    00000040                                   : strtok.c.obj (.text:strtok)
                  00006df0    0000003e                                   : _printfi.c.obj (.text:_fcpy)
                  00006e2e    00000002     --HOLE-- [fill = 0]
                  00006e30    00000038                                   : sscanf.c.obj (.text:sscanf)
                  00006e68    00000034                                   : boot_cortex_m.c.obj (.text:_c_int00_noargs:_c_int00_noargs)
                  00006e9c    00000030                                   : snprintf.c.obj (.text:_outs)
                  00006ecc    0000002e                                   : i_tofd_t2.asm.obj (.text)
                  00006efa    0000002a                                   : strspn.c.obj (.text:strspn)
                  00006f24    00000024                                   : strcspn.c.obj (.text:strcspn)
                  00006f48    00000024     wait.obj (.text)
                  00006f6c    0000001c     rtsv7M4_T_le_v4SPD16_eabi.lib : copy_zero_init.c.obj (.text:decompress:ZI:__TI_zero_init_nomemset:__TI_zero_init_nomemset)
                  00006f88    0000001c                                   : memccpy.c.obj (.text:memccpy)
                  00006fa4    0000001a                                   : s_copysign.c.obj (.text:copysign)
                  00006fbe    00000018                                   : snprintf.c.obj (.text:_outc)
                  00006fd6    00000018                                   : ll_mul_t2.asm.obj (.text)
                  00006fee    00000018                                   : strcmp.c.obj (.text:strcmp)
                  00007006    00000018                                   : strrchr.c.obj (.text:strrchr)
                  0000701e    00000016                                   : strchr.c.obj (.text:strchr)
                  00007034    00000014                                   : strcpy.c.obj (.text:strcpy)
                  00007048    00000014                                   : strlen.c.obj (.text:strlen)
                  0000705c    00000012                                   : sscanf.c.obj (.text:_inpchar)
                  0000706e    00000012                                   : wcslen.c.obj (.text:wcslen)
                  00007080    00000010     clock.obj (.text)
                  00007090    00000010     rtsv7M4_T_le_v4SPD16_eabi.lib : tolower.c.obj (.text:tolower)
                  000070a0    0000000e                                   : copy_decompress_none.c.obj (.text:decompress:none:__TI_decompress_none)
                  000070ae    0000000c     tm4c123gh6pm_startup_ccs.obj (.text)
                  000070ba    00000002     --HOLE-- [fill = 0]
                  000070bc    00000008     rtsv7M4_T_le_v4SPD16_eabi.lib : errno.c.obj (.text:__aeabi_errno_addr)
                  000070c4    00000008                                   : sscanf.c.obj (.text:_uninpchar)
                  000070cc    00000004                                   : pre_init.c.obj (.text:_system_pre_init)
                  000070d0    00000004                                   : exit.c.obj (.text:abort:abort)

.const     0    000070d8    000001f8     
                  000070d8    00000101     rtsv7M4_T_le_v4SPD16_eabi.lib : ctype.c.obj (.const:.string:_ctypes_)
                  000071d9    00000004     ethernet.obj (.const:.string:$P$T0$1)
                  000071dd    00000003     --HOLE-- [fill = 0]
                  000071e0    000000c8     rtsv7M4_T_le_v4SPD16_eabi.lib : strtod.c.obj (.const:$O1$$)
                  000072a8    00000011     ethernet.obj (.const:.string:$P$T2$3)
                  000072b9    00000003     --HOLE-- [fill = 0]
                  000072bc    00000010     rtsv7M4_T_le_v4SPD16_eabi.lib : _scanfi.c.obj (.const:$O1$$)
                  000072cc    00000004     ethernet.obj (.const:.string:$P$T1$2)

.cinit     0    000072d0    00000038     
                  000072d0    00000010     (.cinit..data.load) [load image, compression = lzss]
                  000072e0    0000000c     (__TI_handler_table)
                  000072ec    00000004     --HOLE-- [fill = 0]
                  000072f0    00000008     (.cinit..bss.load) [load image, compression = zero_init]
                  000072f8    00000010     (__TI_cinit_table)

.init_array 
*          0    00000000    00000000     UNINITIALIZED

.bss       0    20001000    000001d0     UNINITIALIZED
                  20001000    00000054     (.common:strInput)
                  20001054    00000050     (.common:token1)
                  200010a4    00000050     (.common:token2)
                  200010f4    00000050     (.common:token3)
                  20001144    00000028     (.common:fn)
                  2000116c    00000028     (.common:period)
                  20001194    00000028     (.common:ticks)
                  200011bc    0000000c     (.common:reload)
                  200011c8    00000004     (.common:raw)
                  200011cc    00000004     (.common:token)

.data      0    200011d0    0000002b     UNINITIALIZED
                  200011d0    00000006     eth0.obj (.data:hwAddress)
                  200011d6    00000004     ethernet.obj (.data)
                  200011da    00000004     ip.obj (.data:ipAddress)
                  200011de    00000004     ip.obj (.data:ipDnsAddress)
                  200011e2    00000004     ip.obj (.data:ipGwAddress)
                  200011e6    00000004     ip.obj (.data:ipSubnetMask)
                  200011ea    00000004     ip.obj (.data:ipTimeServerAddress)
                  200011ee    00000002     --HOLE--
                  200011f0    00000004     rtsv7M4_T_le_v4SPD16_eabi.lib : errno.c.obj (.data)
                  200011f4    00000004                                   : strtok.c.obj (.data)
                  200011f8    00000003     eth0.obj (.data)

.stack     0    20000000    00001000     UNINITIALIZED
                  20000000    00000004     rtsv7M4_T_le_v4SPD16_eabi.lib : boot_cortex_m.c.obj (.stack)
                  20000004    00000ffc     --HOLE--

__llvm_prf_cnts 
*          0    20000000    00000000     UNINITIALIZED

MODULE SUMMARY

       Module                         code    ro data   rw data
       ------                         ----    -------   -------
    ./
       ethernet.obj                   3572    25        332    
       gpio.obj                       2056    0         0      
       eth0.obj                       1848    0         9      
       ip.obj                         1196    0         20     
       tcp.obj                        1148    0         4      
       mqtt.obj                       1014    0         0      
       timer.obj                      824     0         132    
       udp.obj                        888     0         0      
       arp.obj                        876     0         0      
       tm4c123gh6pm_startup_ccs.obj   12      620       0      
       spi0.obj                       352     0         0      
       icmp.obj                       340     0         0      
       uart0.obj                      296     0         0      
       eeprom.obj                     132     0         0      
       wait.obj                       36      0         0      
       clock.obj                      16      0         0      
    +--+------------------------------+-------+---------+---------+
       Total:                         14606   645       497    
                                                               
    /home/swr5250/ti/ccs1220/ccs/tools/compiler/ti-cgt-arm_20.2.7.LTS/lib/rtsv7M4_T_le_v4SPD16_eabi.lib
       _printfi.c.obj                 4851    0         0      
       _scanfi.c.obj                  2836    16        0      
       strtod.c.obj                   1120    200       0      
       strtoll.c.obj                  476     0         0      
       fd_add_t2.asm.obj              438     0         0      
       strtoull.c.obj                 348     0         0      
       fd_div_t2.asm.obj              310     0         0      
       strtol.c.obj                   304     0         0      
       s_scalbn.c.obj                 272     0         0      
       strtoul.c.obj                  272     0         0      
       fd_cmp_t2.asm.obj              268     0         0      
       ctype.c.obj                    0       257       0      
       fd_mul_t2.asm.obj              252     0         0      
       sscanf.c.obj                   186     0         0      
       memcpy_t2.asm.obj              156     0         0      
       ull_div_t2.asm.obj             150     0         0      
       snprintf.c.obj                 148     0         0      
       memset_t2.asm.obj              122     0         0      
       fd_tos_t2.asm.obj              110     0         0      
       copy_decompress_lzss.c.obj     104     0         0      
       s_frexp.c.obj                  100     0         0      
       _ltoa.c.obj                    84      0         0      
       atoi.c.obj                     76      0         0      
       fd_toi_t2.asm.obj              72      0         0      
       autoinit.c.obj                 68      0         0      
       strtok.c.obj                   64      0         4      
       boot_cortex_m.c.obj            52      0         0      
       i_tofd_t2.asm.obj              46      0         0      
       strspn.c.obj                   42      0         0      
       strcspn.c.obj                  36      0         0      
       copy_zero_init.c.obj           28      0         0      
       memccpy.c.obj                  28      0         0      
       s_copysign.c.obj               26      0         0      
       ll_mul_t2.asm.obj              24      0         0      
       strcmp.c.obj                   24      0         0      
       strrchr.c.obj                  24      0         0      
       strchr.c.obj                   22      0         0      
       strcpy.c.obj                   20      0         0      
       strlen.c.obj                   20      0         0      
       wcslen.c.obj                   18      0         0      
       tolower.c.obj                  16      0         0      
       copy_decompress_none.c.obj     14      0         0      
       errno.c.obj                    8       0         4      
       exit.c.obj                     4       0         0      
       pre_init.c.obj                 4       0         0      
       div0.asm.obj                   2       0         0      
    +--+------------------------------+-------+---------+---------+
       Total:                         13645   473       8      
                                                               
       Stack:                         0       0         4096   
       Linker Generated:              0       52        0      
    +--+------------------------------+-------+---------+---------+
       Grand Total:                   28251   1170      4601   


LINKER GENERATED COPY TABLES

__TI_cinit_table @ 000072f8 records: 2, size/record: 8, table size: 16
	.data: load addr=000072d0, load size=00000010 bytes, run addr=200011d0, run size=0000002b bytes, compression=lzss
	.bss: load addr=000072f0, load size=00000008 bytes, run addr=20001000, run size=000001d0 bytes, compression=zero_init


LINKER GENERATED HANDLER TABLE

__TI_handler_table @ 000072e0 records: 3, size/record: 4, table size: 12
	index: 0, handler: __TI_decompress_lzss
	index: 1, handler: __TI_decompress_none
	index: 2, handler: __TI_zero_init


GLOBAL SYMBOLS: SORTED ALPHABETICALLY BY Name 

address   name                          
-------   ----                          
000070d1  C$$EXIT                       
000070af  ResetISR                      
20001000  __STACK_END                   
00001000  __STACK_SIZE                  
20000200  __STACK_TOP                   
000072f8  __TI_CINIT_Base               
00007308  __TI_CINIT_Limit              
000072e0  __TI_Handler_Table_Base       
000072ec  __TI_Handler_Table_Limit      
00006d6d  __TI_auto_init_nobinit_nopinit
00006ac5  __TI_decompress_lzss          
000070a1  __TI_decompress_none          
00006be7  __TI_ltoa                     
ffffffff  __TI_pprof_out_hndl           
00001b75  __TI_printfi                  
ffffffff  __TI_prof_data_size           
ffffffff  __TI_prof_data_start          
00001061  __TI_scanfi                   
00000000  __TI_static_base__            
00006f6d  __TI_zero_init_nomemset       
00006775  __aeabi_cdcmpeq               
00006775  __aeabi_cdcmple               
000067fb  __aeabi_cdrcmple              
000069ed  __aeabi_d2f                   
00006d25  __aeabi_d2iz                  
000056c7  __aeabi_dadd                  
00005dc1  __aeabi_ddiv                  
00006495  __aeabi_dmul                  
000056bd  __aeabi_dsub                  
000070bd  __aeabi_errno_addr            
00006ecd  __aeabi_i2d                   
000025c3  __aeabi_idiv0                 
000025c3  __aeabi_ldiv0                 
00006fd7  __aeabi_lmul                  
00006905  __aeabi_memclr                
00006905  __aeabi_memclr4               
00006905  __aeabi_memclr8               
00006643  __aeabi_memcpy                
00006643  __aeabi_memcpy4               
00006643  __aeabi_memcpy8               
00006907  __aeabi_memset                
00006907  __aeabi_memset4               
00006907  __aeabi_memset8               
000066df  __aeabi_uldivmod              
ffffffff  __binit__                     
ffffffff  __c_args__                    
UNDEFED   __mpu_init                    
20000000  __stack                       
20000000  __start___llvm_prf_cnts       
20000000  __stop___llvm_prf_cnts        
00006e69  _c_int00_noargs               
000070d8  _ctypes_                      
UNDEFED   _system_post_cinit            
000070cd  _system_pre_init              
000070d1  abort                         
000005ed  asciiToUint8                  
00006c8d  atoi                          
ffffffff  binit                         
0000396b  calcIpChecksum                
00002e8b  clearEtherReg                 
00002c19  clearPinInterrupt             
00006fa5  copysign                      
00006fa5  copysignl                     
200011d9  count                         
00002de3  disableEtherCs                
00002bf5  disablePinInterrupt           
0000292d  disablePinPulldown            
000028e5  disablePinPullup              
00002681  disablePort                   
000002a9  displayConnectionInfo         
00002dcd  enableEtherCs                 
00002bd1  enablePinInterrupt            
00002909  enablePinPulldown             
000028b7  enablePinPullup               
000025c5  enablePort                    
200011f0  errno                         
20001144  fn                            
00006b2d  frexp                         
00006b2d  frexpl                        
00000000  g_pfnVectors                  
0000340b  getEtherId                    
000034a5  getEtherMacAddress            
000031c1  getEtherPacket                
00003635  getIpAddress                  
00003939  getIpChecksum                 
00003791  getIpDnsAddress               
0000371d  getIpGatewayAddress           
0000387d  getIpMqttBrokerAddress        
000036a9  getIpSubnetMask               
00003805  getIpTimeServerAddress        
00002c87  getPinValue                   
00002d3d  getPortValue                  
00003a83  getTcpMessageSocket           
0000472b  getUdpData                    
00004757  getUdpMessageSocket           
000060ff  getcUart0                     
00003397  htonb                         
000033df  htonl                         
000033bb  htons                         
200011d0  hwAddress                     
00003417  incEtherId                    
00006881  initEeprom                    
00002fd7  initEther                     
0000026d  initHw                        
00005875  initSpi0                      
00007081  initSystemClockTo40Mhz        
00004d69  initTimer                     
00006029  initUart0                     
200011da  ipAddress                     
200011de  ipDnsAddress                  
200011e2  ipGwAddress                   
200011e6  ipSubnetMask                  
200011ea  ipTimeServerAddress           
000049fb  isArpRequest                  
00004a9f  isArpResponse                 
00003177  isEtherDataAvailable          
000035d5  isEtherIpValid                
0000315d  isEtherLinkUp                 
00003191  isEtherOverflow               
00003505  isIp                          
00003575  isIpUnicast                   
00005b31  isPingRequest                 
000039b1  isTcp                         
00004683  isUdp                         
00006113  kbhitUart0                    
00006275  ldexp                         
00006275  ldexpl                        
00000bc9  main                          
00006f89  memccpy                       
00006643  memcpy                        
0000690d  memset                        
200011f8  nextPacketLsb                 
200011f9  nextPacketMsb                 
2000116c  period                        
00004af3  processArp                    
0000428d  processMqtt                   
0000069f  processShell                  
00003b2d  processTcp                    
000032b1  putEtherPacket                
000060b7  putcUart0                     
000060d3  putsUart0                     
00005063  random32                      
200011c8  raw                           
00000539  readConfiguration             
000068c9  readEeprom                    
00002fbf  readEtherMem                  
00002f13  readEtherPhy                  
00002e25  readEtherReg                  
000059ad  readSpi0Data                  
200011bc  reload                        
00004f7b  restartTimer                  
00006275  scalbn                        
00006275  scalbnl                       
000027eb  selectPinAnalogInput          
0000279d  selectPinDigitalInput         
00002b07  selectPinInterruptBothEdges   
00002ab7  selectPinInterruptFallingEdge 
00002b5d  selectPinInterruptHighLevel   
00002b97  selectPinInterruptLowLevel    
00002a67  selectPinInterruptRisingEdge  
0000274f  selectPinOpenDrainOutput      
00002701  selectPinPushPullOutput       
00004c49  sendArpRequest                
00004b6b  sendArpResponse               
200011d7  sendFINACK                    
000042c7  sendMqttMessage               
00005b75  sendPingResponse              
200011d6  sendSYN                       
00003bed  sendTcpMessage                
00004801  sendUdpMessage                
200011fa  sequenceId                    
00002ebf  setEtherBank                  
00003421  setEtherMacAddress            
00002e57  setEtherReg                   
000035fb  setIpAddress                  
00003757  setIpDnsAddress               
000036e3  setIpGatewayAddress           
0000383f  setIpMqttBrokerAddress        
0000366f  setIpSubnetMask               
000037cb  setIpTimeServerAddress        
00002955  setPinAuxFunction             
0000283b  setPinCommitControl           
00002c3d  setPinValue                   
00002cc5  setPortValue                  
00005911  setSpi0BaudRate               
00005947  setSpi0Mode                   
00006073  setUart0BaudRate              
00006cd9  snprintf                      
00006e31  sscanf                        
00002fad  startEtherMemRead             
00002f7f  startEtherMemWrite            
00004e09  startOneshotTimer             
00004e8f  startPeriodicTimer            
200011d8  state                         
00002fcf  stopEtherMemRead              
00002fa5  stopEtherMemWrite             
00004f15  stopTimer                     
20001000  strInput                      
0000701f  strchr                        
00006fef  strcmp                        
00007035  strcpy                        
00006f25  strcspn                       
00007049  strlen                        
00007007  strrchr                       
00006efb  strspn                        
00003e2d  strtod                        
00006db1  strtok                        
00005ef9  strtol                        
00003e2d  strtold                       
00005311  strtoll                       
00006385  strtoul                       
000059d5  strtoull                      
000038c5  sumIpWords                    
00004fe9  tickIsr                       
20001194  ticks                         
00002c63  togglePinValue                
200011cc  token                         
20001054  token1                        
200010a4  token2                        
200010f4  token3                        
00007091  tolower                       
00006f49  waitMicrosecond               
0000706f  wcslen                        
00006897  writeEeprom                   
00002f91  writeEtherMem                 
00002edb  writeEtherPhy                 
00002df1  writeEtherReg                 
00005995  writeSpi0Data                 


GLOBAL SYMBOLS: SORTED BY Symbol Address 

address   name                          
-------   ----                          
00000000  __TI_static_base__            
00000000  g_pfnVectors                  
0000026d  initHw                        
000002a9  displayConnectionInfo         
00000539  readConfiguration             
000005ed  asciiToUint8                  
0000069f  processShell                  
00000bc9  main                          
00001000  __STACK_SIZE                  
00001061  __TI_scanfi                   
00001b75  __TI_printfi                  
000025c3  __aeabi_idiv0                 
000025c3  __aeabi_ldiv0                 
000025c5  enablePort                    
00002681  disablePort                   
00002701  selectPinPushPullOutput       
0000274f  selectPinOpenDrainOutput      
0000279d  selectPinDigitalInput         
000027eb  selectPinAnalogInput          
0000283b  setPinCommitControl           
000028b7  enablePinPullup               
000028e5  disablePinPullup              
00002909  enablePinPulldown             
0000292d  disablePinPulldown            
00002955  setPinAuxFunction             
00002a67  selectPinInterruptRisingEdge  
00002ab7  selectPinInterruptFallingEdge 
00002b07  selectPinInterruptBothEdges   
00002b5d  selectPinInterruptHighLevel   
00002b97  selectPinInterruptLowLevel    
00002bd1  enablePinInterrupt            
00002bf5  disablePinInterrupt           
00002c19  clearPinInterrupt             
00002c3d  setPinValue                   
00002c63  togglePinValue                
00002c87  getPinValue                   
00002cc5  setPortValue                  
00002d3d  getPortValue                  
00002dcd  enableEtherCs                 
00002de3  disableEtherCs                
00002df1  writeEtherReg                 
00002e25  readEtherReg                  
00002e57  setEtherReg                   
00002e8b  clearEtherReg                 
00002ebf  setEtherBank                  
00002edb  writeEtherPhy                 
00002f13  readEtherPhy                  
00002f7f  startEtherMemWrite            
00002f91  writeEtherMem                 
00002fa5  stopEtherMemWrite             
00002fad  startEtherMemRead             
00002fbf  readEtherMem                  
00002fcf  stopEtherMemRead              
00002fd7  initEther                     
0000315d  isEtherLinkUp                 
00003177  isEtherDataAvailable          
00003191  isEtherOverflow               
000031c1  getEtherPacket                
000032b1  putEtherPacket                
00003397  htonb                         
000033bb  htons                         
000033df  htonl                         
0000340b  getEtherId                    
00003417  incEtherId                    
00003421  setEtherMacAddress            
000034a5  getEtherMacAddress            
00003505  isIp                          
00003575  isIpUnicast                   
000035d5  isEtherIpValid                
000035fb  setIpAddress                  
00003635  getIpAddress                  
0000366f  setIpSubnetMask               
000036a9  getIpSubnetMask               
000036e3  setIpGatewayAddress           
0000371d  getIpGatewayAddress           
00003757  setIpDnsAddress               
00003791  getIpDnsAddress               
000037cb  setIpTimeServerAddress        
00003805  getIpTimeServerAddress        
0000383f  setIpMqttBrokerAddress        
0000387d  getIpMqttBrokerAddress        
000038c5  sumIpWords                    
00003939  getIpChecksum                 
0000396b  calcIpChecksum                
000039b1  isTcp                         
00003a83  getTcpMessageSocket           
00003b2d  processTcp                    
00003bed  sendTcpMessage                
00003e2d  strtod                        
00003e2d  strtold                       
0000428d  processMqtt                   
000042c7  sendMqttMessage               
00004683  isUdp                         
0000472b  getUdpData                    
00004757  getUdpMessageSocket           
00004801  sendUdpMessage                
000049fb  isArpRequest                  
00004a9f  isArpResponse                 
00004af3  processArp                    
00004b6b  sendArpResponse               
00004c49  sendArpRequest                
00004d69  initTimer                     
00004e09  startOneshotTimer             
00004e8f  startPeriodicTimer            
00004f15  stopTimer                     
00004f7b  restartTimer                  
00004fe9  tickIsr                       
00005063  random32                      
00005311  strtoll                       
000056bd  __aeabi_dsub                  
000056c7  __aeabi_dadd                  
00005875  initSpi0                      
00005911  setSpi0BaudRate               
00005947  setSpi0Mode                   
00005995  writeSpi0Data                 
000059ad  readSpi0Data                  
000059d5  strtoull                      
00005b31  isPingRequest                 
00005b75  sendPingResponse              
00005dc1  __aeabi_ddiv                  
00005ef9  strtol                        
00006029  initUart0                     
00006073  setUart0BaudRate              
000060b7  putcUart0                     
000060d3  putsUart0                     
000060ff  getcUart0                     
00006113  kbhitUart0                    
00006275  ldexp                         
00006275  ldexpl                        
00006275  scalbn                        
00006275  scalbnl                       
00006385  strtoul                       
00006495  __aeabi_dmul                  
00006643  __aeabi_memcpy                
00006643  __aeabi_memcpy4               
00006643  __aeabi_memcpy8               
00006643  memcpy                        
000066df  __aeabi_uldivmod              
00006775  __aeabi_cdcmpeq               
00006775  __aeabi_cdcmple               
000067fb  __aeabi_cdrcmple              
00006881  initEeprom                    
00006897  writeEeprom                   
000068c9  readEeprom                    
00006905  __aeabi_memclr                
00006905  __aeabi_memclr4               
00006905  __aeabi_memclr8               
00006907  __aeabi_memset                
00006907  __aeabi_memset4               
00006907  __aeabi_memset8               
0000690d  memset                        
000069ed  __aeabi_d2f                   
00006ac5  __TI_decompress_lzss          
00006b2d  frexp                         
00006b2d  frexpl                        
00006be7  __TI_ltoa                     
00006c8d  atoi                          
00006cd9  snprintf                      
00006d25  __aeabi_d2iz                  
00006d6d  __TI_auto_init_nobinit_nopinit
00006db1  strtok                        
00006e31  sscanf                        
00006e69  _c_int00_noargs               
00006ecd  __aeabi_i2d                   
00006efb  strspn                        
00006f25  strcspn                       
00006f49  waitMicrosecond               
00006f6d  __TI_zero_init_nomemset       
00006f89  memccpy                       
00006fa5  copysign                      
00006fa5  copysignl                     
00006fd7  __aeabi_lmul                  
00006fef  strcmp                        
00007007  strrchr                       
0000701f  strchr                        
00007035  strcpy                        
00007049  strlen                        
0000706f  wcslen                        
00007081  initSystemClockTo40Mhz        
00007091  tolower                       
000070a1  __TI_decompress_none          
000070af  ResetISR                      
000070bd  __aeabi_errno_addr            
000070cd  _system_pre_init              
000070d1  C$$EXIT                       
000070d1  abort                         
000070d8  _ctypes_                      
000072e0  __TI_Handler_Table_Base       
000072ec  __TI_Handler_Table_Limit      
000072f8  __TI_CINIT_Base               
00007308  __TI_CINIT_Limit              
20000000  __stack                       
20000000  __start___llvm_prf_cnts       
20000000  __stop___llvm_prf_cnts        
20000200  __STACK_TOP                   
20001000  __STACK_END                   
20001000  strInput                      
20001054  token1                        
200010a4  token2                        
200010f4  token3                        
20001144  fn                            
2000116c  period                        
20001194  ticks                         
200011bc  reload                        
200011c8  raw                           
200011cc  token                         
200011d0  hwAddress                     
200011d6  sendSYN                       
200011d7  sendFINACK                    
200011d8  state                         
200011d9  count                         
200011da  ipAddress                     
200011de  ipDnsAddress                  
200011e2  ipGwAddress                   
200011e6  ipSubnetMask                  
200011ea  ipTimeServerAddress           
200011f0  errno                         
200011f8  nextPacketLsb                 
200011f9  nextPacketMsb                 
200011fa  sequenceId                    
ffffffff  __TI_pprof_out_hndl           
ffffffff  __TI_prof_data_size           
ffffffff  __TI_prof_data_start          
ffffffff  __binit__                     
ffffffff  __c_args__                    
ffffffff  binit                         
UNDEFED   __mpu_init                    
UNDEFED   _system_post_cinit            

[228 symbols]
