******************************************************************************
                  TI ARM Linker Unix v20.2.7                   
******************************************************************************
>> Linked Sat Mar  4 16:14:37 2023

OUTPUT FILE NAME:   <IotProject1.out>
ENTRY POINT SYMBOL: "_c_int00_noargs"  address: 000065d9


MEMORY CONFIGURATION

         name            origin    length      used     unused   attr    fill
----------------------  --------  ---------  --------  --------  ----  --------
  FLASH                 00000000   00040000  00006a64  0003959c  R  X
  SRAM                  20000000   00008000  00001103  00006efd  RW X


SEGMENT ALLOCATION MAP

run origin  load origin   length   init length attrs members
----------  ----------- ---------- ----------- ----- -------
00000000    00000000    00006a68   00006a68    r-x
  00000000    00000000    0000026c   0000026c    r-- .intvecs
  0000026c    0000026c    000065d8   000065d8    r-x .text
  00006848    00006848    000001e8   000001e8    r-- .const
  00006a30    00006a30    00000038   00000038    r-- .cinit
20000000    20000000    00001103   00000000    rw-
  20000000    20000000    00001000   00000000    rw- .stack
  20001000    20001000    000000dc   00000000    rw- .bss
  200010dc    200010dc    00000027   00000000    rw- .data


SECTION ALLOCATION MAP

 output                                  attributes/
section   page    origin      length       input sections
--------  ----  ----------  ----------   ----------------
.intvecs   0    00000000    0000026c     
                  00000000    0000026c     tm4c123gh6pm_startup_ccs.obj (.intvecs)

.text      0    0000026c    000065d8     
                  0000026c    00000b14     rtsv7M4_T_le_v4SPD16_eabi.lib : _scanfi.c.obj (.text:__TI_scanfi)
                  00000d80    00000aa4     ethernet.obj (.text)
                  00001824    00000a4e     rtsv7M4_T_le_v4SPD16_eabi.lib : _printfi.c.obj (.text:__TI_printfi)
                  00002272    00000002                                   : div0.asm.obj (.text)
                  00002274    00000808     gpio.obj (.text)
                  00002a7c    00000714     eth0.obj (.text)
                  00003190    000004ac     ip.obj (.text)
                  0000363c    00000460     rtsv7M4_T_le_v4SPD16_eabi.lib : strtod.c.obj (.text:strtod)
                  00003a9c    000003d0     tcp.obj (.text)
                  00003e6c    00000378     udp.obj (.text)
                  000041e4    00000338     timer.obj (.text)
                  0000451c    000002f4     arp.obj (.text)
                  00004810    00000270     rtsv7M4_T_le_v4SPD16_eabi.lib : _printfi.c.obj (.text:_pconv_a)
                  00004a80    000001dc                                   : strtoll.c.obj (.text:strtoll)
                  00004c5c    000001d0                                   : _printfi.c.obj (.text:_pconv_g)
                  00004e2c    000001b6                                   : fd_add_t2.asm.obj (.text)
                  00004fe2    00000002     --HOLE-- [fill = 0]
                  00004fe4    00000160     spi0.obj (.text)
                  00005144    0000015c     rtsv7M4_T_le_v4SPD16_eabi.lib : strtoull.c.obj (.text:strtoull)
                  000052a0    00000154     icmp.obj (.text)
                  000053f4    0000013c     rtsv7M4_T_le_v4SPD16_eabi.lib : _printfi.c.obj (.text:_pconv_e)
                  00005530    00000136                                   : fd_div_t2.asm.obj (.text)
                  00005666    00000002     --HOLE-- [fill = 0]
                  00005668    00000130                                   : strtol.c.obj (.text:strtol)
                  00005798    00000128     uart0.obj (.text)
                  000058c0    00000124     rtsv7M4_T_le_v4SPD16_eabi.lib : _printfi.c.obj (.text:fcvt)
                  000059e4    00000110                                   : s_scalbn.c.obj (.text:scalbn)
                  00005af4    00000110                                   : strtoul.c.obj (.text:strtoul)
                  00005c04    000000fc                                   : fd_mul_t2.asm.obj (.text)
                  00005d00    000000b1                                   : _printfi.c.obj (.text:_ltostr)
                  00005db1    00000001     --HOLE-- [fill = 0]
                  00005db2    0000009c                                   : memcpy_t2.asm.obj (.text)
                  00005e4e    00000096                                   : ull_div_t2.asm.obj (.text)
                  00005ee4    00000086                                   : fd_cmp_t2.asm.obj (.text:__aeabi_cdcmple)
                  00005f6a    00000086                                   : fd_cmp_t2.asm.obj (.text:__aeabi_cdrcmple)
                  00005ff0    00000084     eeprom.obj (.text)
                  00006074    0000007a     rtsv7M4_T_le_v4SPD16_eabi.lib : memset_t2.asm.obj (.text)
                  000060ee    0000006e                                   : _printfi.c.obj (.text:_mcpy)
                  0000615c    0000006e                                   : fd_tos_t2.asm.obj (.text)
                  000061ca    00000002     --HOLE-- [fill = 0]
                  000061cc    00000068                                   : sscanf.c.obj (.text:_chkmbc)
                  00006234    00000068                                   : copy_decompress_lzss.c.obj (.text:decompress:lzss:__TI_decompress_lzss)
                  0000629c    00000064                                   : s_frexp.c.obj (.text:frexp)
                  00006300    00000056                                   : _printfi.c.obj (.text:_pconv_f)
                  00006356    00000054                                   : _ltoa.c.obj (.text:__TI_ltoa)
                  000063aa    00000052                                   : _printfi.c.obj (.text:_ecpy)
                  000063fc    0000004c                                   : atoi.c.obj (.text:atoi)
                  00006448    0000004c                                   : snprintf.c.obj (.text:snprintf)
                  00006494    00000048                                   : fd_toi_t2.asm.obj (.text)
                  000064dc    00000044                                   : autoinit.c.obj (.text:__TI_auto_init_nobinit_nopinit:__TI_auto_init_nobinit_nopinit)
                  00006520    00000040                                   : strtok.c.obj (.text:strtok)
                  00006560    0000003e                                   : _printfi.c.obj (.text:_fcpy)
                  0000659e    00000002     --HOLE-- [fill = 0]
                  000065a0    00000038                                   : sscanf.c.obj (.text:sscanf)
                  000065d8    00000034                                   : boot_cortex_m.c.obj (.text:_c_int00_noargs:_c_int00_noargs)
                  0000660c    00000030                                   : snprintf.c.obj (.text:_outs)
                  0000663c    0000002e                                   : i_tofd_t2.asm.obj (.text)
                  0000666a    0000002a                                   : strspn.c.obj (.text:strspn)
                  00006694    00000024                                   : strcspn.c.obj (.text:strcspn)
                  000066b8    00000024     wait.obj (.text)
                  000066dc    0000001c     rtsv7M4_T_le_v4SPD16_eabi.lib : copy_zero_init.c.obj (.text:decompress:ZI:__TI_zero_init_nomemset:__TI_zero_init_nomemset)
                  000066f8    0000001c                                   : memccpy.c.obj (.text:memccpy)
                  00006714    0000001a                                   : s_copysign.c.obj (.text:copysign)
                  0000672e    00000018                                   : snprintf.c.obj (.text:_outc)
                  00006746    00000018                                   : ll_mul_t2.asm.obj (.text)
                  0000675e    00000018                                   : strcmp.c.obj (.text:strcmp)
                  00006776    00000018                                   : strrchr.c.obj (.text:strrchr)
                  0000678e    00000016                                   : strchr.c.obj (.text:strchr)
                  000067a4    00000014                                   : strcpy.c.obj (.text:strcpy)
                  000067b8    00000014                                   : strlen.c.obj (.text:strlen)
                  000067cc    00000012                                   : sscanf.c.obj (.text:_inpchar)
                  000067de    00000012                                   : wcslen.c.obj (.text:wcslen)
                  000067f0    00000010     clock.obj (.text)
                  00006800    00000010     rtsv7M4_T_le_v4SPD16_eabi.lib : tolower.c.obj (.text:tolower)
                  00006810    0000000e                                   : copy_decompress_none.c.obj (.text:decompress:none:__TI_decompress_none)
                  0000681e    0000000c     tm4c123gh6pm_startup_ccs.obj (.text)
                  0000682a    00000002     --HOLE-- [fill = 0]
                  0000682c    00000008     rtsv7M4_T_le_v4SPD16_eabi.lib : errno.c.obj (.text:__aeabi_errno_addr)
                  00006834    00000008                                   : sscanf.c.obj (.text:_uninpchar)
                  0000683c    00000004                                   : pre_init.c.obj (.text:_system_pre_init)
                  00006840    00000004                                   : exit.c.obj (.text:abort:abort)

.const     0    00006848    000001e8     
                  00006848    00000101     rtsv7M4_T_le_v4SPD16_eabi.lib : ctype.c.obj (.const:.string:_ctypes_)
                  00006949    00000006     ethernet.obj (.const:.string:$P$T2$3)
                  0000694f    00000001     --HOLE-- [fill = 0]
                  00006950    000000c8     rtsv7M4_T_le_v4SPD16_eabi.lib : strtod.c.obj (.const:$O1$$)
                  00006a18    00000010                                   : _scanfi.c.obj (.const:$O1$$)
                  00006a28    00000004     ethernet.obj (.const:.string:$P$T0$1)
                  00006a2c    00000004     ethernet.obj (.const:.string:$P$T1$2)

.cinit     0    00006a30    00000038     
                  00006a30    00000010     (.cinit..data.load) [load image, compression = lzss]
                  00006a40    0000000c     (__TI_handler_table)
                  00006a4c    00000004     --HOLE-- [fill = 0]
                  00006a50    00000008     (.cinit..bss.load) [load image, compression = zero_init]
                  00006a58    00000010     (__TI_cinit_table)

.init_array 
*          0    00000000    00000000     UNINITIALIZED

.bss       0    20001000    000000dc     UNINITIALIZED
                  20001000    00000054     (.common:strInput)
                  20001054    00000028     (.common:fn)
                  2000107c    00000028     (.common:period)
                  200010a4    00000028     (.common:ticks)
                  200010cc    0000000c     (.common:reload)
                  200010d8    00000004     (.common:token)

.data      0    200010dc    00000027     UNINITIALIZED
                  200010dc    00000006     eth0.obj (.data:hwAddress)
                  200010e2    00000004     ip.obj (.data:ipAddress)
                  200010e6    00000004     ip.obj (.data:ipDnsAddress)
                  200010ea    00000004     ip.obj (.data:ipGwAddress)
                  200010ee    00000004     ip.obj (.data:ipSubnetMask)
                  200010f2    00000004     ip.obj (.data:ipTimeServerAddress)
                  200010f6    00000002     ethernet.obj (.data)
                  200010f8    00000004     rtsv7M4_T_le_v4SPD16_eabi.lib : errno.c.obj (.data)
                  200010fc    00000004                                   : strtok.c.obj (.data)
                  20001100    00000003     eth0.obj (.data)

.stack     0    20000000    00001000     UNINITIALIZED
                  20000000    00000004     rtsv7M4_T_le_v4SPD16_eabi.lib : boot_cortex_m.c.obj (.stack)
                  20000004    00000ffc     --HOLE--

__llvm_prf_cnts 
*          0    20000000    00000000     UNINITIALIZED

MODULE SUMMARY

       Module                         code    ro data   rw data
       ------                         ----    -------   -------
    ./
       ethernet.obj                   2724    14        90     
       gpio.obj                       2056    0         0      
       eth0.obj                       1812    0         9      
       ip.obj                         1196    0         20     
       tcp.obj                        976     0         0      
       timer.obj                      824     0         132    
       udp.obj                        888     0         0      
       arp.obj                        756     0         0      
       tm4c123gh6pm_startup_ccs.obj   12      620       0      
       spi0.obj                       352     0         0      
       icmp.obj                       340     0         0      
       uart0.obj                      296     0         0      
       eeprom.obj                     132     0         0      
       wait.obj                       36      0         0      
       clock.obj                      16      0         0      
    +--+------------------------------+-------+---------+---------+
       Total:                         12416   634       251    
                                                               
    /home/swr5250/ti/ccs1220/ccs/tools/compiler/ti-cgt-arm_20.2.7.LTS/lib/rtsv7M4_T_le_v4SPD16_eabi.lib
       _printfi.c.obj                 4851    0         0      
       _scanfi.c.obj                  2836    16        0      
       strtod.c.obj                   1120    200       0      
       strtoll.c.obj                  476     0         0      
       fd_add_t2.asm.obj              438     0         0      
       strtoull.c.obj                 348     0         0      
       fd_div_t2.asm.obj              310     0         0      
       strtol.c.obj                   304     0         0      
       s_scalbn.c.obj                 272     0         0      
       strtoul.c.obj                  272     0         0      
       fd_cmp_t2.asm.obj              268     0         0      
       ctype.c.obj                    0       257       0      
       fd_mul_t2.asm.obj              252     0         0      
       sscanf.c.obj                   186     0         0      
       memcpy_t2.asm.obj              156     0         0      
       ull_div_t2.asm.obj             150     0         0      
       snprintf.c.obj                 148     0         0      
       memset_t2.asm.obj              122     0         0      
       fd_tos_t2.asm.obj              110     0         0      
       copy_decompress_lzss.c.obj     104     0         0      
       s_frexp.c.obj                  100     0         0      
       _ltoa.c.obj                    84      0         0      
       atoi.c.obj                     76      0         0      
       fd_toi_t2.asm.obj              72      0         0      
       autoinit.c.obj                 68      0         0      
       strtok.c.obj                   64      0         4      
       boot_cortex_m.c.obj            52      0         0      
       i_tofd_t2.asm.obj              46      0         0      
       strspn.c.obj                   42      0         0      
       strcspn.c.obj                  36      0         0      
       copy_zero_init.c.obj           28      0         0      
       memccpy.c.obj                  28      0         0      
       s_copysign.c.obj               26      0         0      
       ll_mul_t2.asm.obj              24      0         0      
       strcmp.c.obj                   24      0         0      
       strrchr.c.obj                  24      0         0      
       strchr.c.obj                   22      0         0      
       strcpy.c.obj                   20      0         0      
       strlen.c.obj                   20      0         0      
       wcslen.c.obj                   18      0         0      
       tolower.c.obj                  16      0         0      
       copy_decompress_none.c.obj     14      0         0      
       errno.c.obj                    8       0         4      
       exit.c.obj                     4       0         0      
       pre_init.c.obj                 4       0         0      
       div0.asm.obj                   2       0         0      
    +--+------------------------------+-------+---------+---------+
       Total:                         13645   473       8      
                                                               
       Stack:                         0       0         4096   
       Linker Generated:              0       52        0      
    +--+------------------------------+-------+---------+---------+
       Grand Total:                   26061   1159      4355   


LINKER GENERATED COPY TABLES

__TI_cinit_table @ 00006a58 records: 2, size/record: 8, table size: 16
	.data: load addr=00006a30, load size=00000010 bytes, run addr=200010dc, run size=00000027 bytes, compression=lzss
	.bss: load addr=00006a50, load size=00000008 bytes, run addr=20001000, run size=000000dc bytes, compression=zero_init


LINKER GENERATED HANDLER TABLE

__TI_handler_table @ 00006a40 records: 3, size/record: 4, table size: 12
	index: 0, handler: __TI_decompress_lzss
	index: 1, handler: __TI_decompress_none
	index: 2, handler: __TI_zero_init


GLOBAL SYMBOLS: SORTED ALPHABETICALLY BY Name 

address   name                          
-------   ----                          
00006841  C$$EXIT                       
0000681f  ResetISR                      
20001000  __STACK_END                   
00001000  __STACK_SIZE                  
20000200  __STACK_TOP                   
00006a58  __TI_CINIT_Base               
00006a68  __TI_CINIT_Limit              
00006a40  __TI_Handler_Table_Base       
00006a4c  __TI_Handler_Table_Limit      
000064dd  __TI_auto_init_nobinit_nopinit
00006235  __TI_decompress_lzss          
00006811  __TI_decompress_none          
00006357  __TI_ltoa                     
ffffffff  __TI_pprof_out_hndl           
00001825  __TI_printfi                  
ffffffff  __TI_prof_data_size           
ffffffff  __TI_prof_data_start          
0000026d  __TI_scanfi                   
00000000  __TI_static_base__            
000066dd  __TI_zero_init_nomemset       
00005ee5  __aeabi_cdcmpeq               
00005ee5  __aeabi_cdcmple               
00005f6b  __aeabi_cdrcmple              
0000615d  __aeabi_d2f                   
00006495  __aeabi_d2iz                  
00004e37  __aeabi_dadd                  
00005531  __aeabi_ddiv                  
00005c05  __aeabi_dmul                  
00004e2d  __aeabi_dsub                  
0000682d  __aeabi_errno_addr            
0000663d  __aeabi_i2d                   
00002273  __aeabi_idiv0                 
00002273  __aeabi_ldiv0                 
00006747  __aeabi_lmul                  
00006075  __aeabi_memclr                
00006075  __aeabi_memclr4               
00006075  __aeabi_memclr8               
00005db3  __aeabi_memcpy                
00005db3  __aeabi_memcpy4               
00005db3  __aeabi_memcpy8               
00006077  __aeabi_memset                
00006077  __aeabi_memset4               
00006077  __aeabi_memset8               
00005e4f  __aeabi_uldivmod              
ffffffff  __binit__                     
ffffffff  __c_args__                    
UNDEFED   __mpu_init                    
20000000  __stack                       
20000000  __start___llvm_prf_cnts       
20000000  __stop___llvm_prf_cnts        
000065d9  _c_int00_noargs               
00006848  _ctypes_                      
UNDEFED   _system_post_cinit            
0000683d  _system_pre_init              
00006841  abort                         
00001101  asciiToUint8                  
000063fd  atoi                          
ffffffff  binit                         
000035f7  calcIpChecksum                
00002b3b  clearEtherReg                 
000028c9  clearPinInterrupt             
00006715  copysign                      
00006715  copysignl                     
200010f7  count                         
00002a93  disableEtherCs                
000028a5  disablePinInterrupt           
000025dd  disablePinPulldown            
00002595  disablePinPullup              
00002331  disablePort                   
00000dbd  displayConnectionInfo         
00002a7d  enableEtherCs                 
00002881  enablePinInterrupt            
000025b9  enablePinPulldown             
00002567  enablePinPullup               
00002275  enablePort                    
200010f8  errno                         
20001054  fn                            
0000629d  frexp                         
0000629d  frexpl                        
00000000  g_pfnVectors                  
00003097  getEtherId                    
00003131  getEtherMacAddress            
00002e71  getEtherPacket                
000032c1  getIpAddress                  
000035c5  getIpChecksum                 
0000341d  getIpDnsAddress               
000033a9  getIpGatewayAddress           
00003509  getIpMqttBrokerAddress        
00003335  getIpSubnetMask               
00003491  getIpTimeServerAddress        
00002937  getPinValue                   
000029ed  getPortValue                  
00003b6f  getTcpMessageSocket           
00003f15  getUdpData                    
00003f41  getUdpMessageSocket           
0000586f  getcUart0                     
0000306b  htonl                         
00003047  htons                         
200010dc  hwAddress                     
000030a3  incEtherId                    
00005ff1  initEeprom                    
00002c87  initEther                     
00000d81  initHw                        
00004fe5  initSpi0                      
000067f1  initSystemClockTo40Mhz        
000041e5  initTimer                     
00005799  initUart0                     
200010e2  ipAddress                     
200010e6  ipDnsAddress                  
200010ea  ipGwAddress                   
200010ee  ipSubnetMask                  
200010f2  ipTimeServerAddress           
0000451d  isArpRequest                  
000045c1  isArpResponse                 
00002e27  isEtherDataAvailable          
00003261  isEtherIpValid                
00002e0d  isEtherLinkUp                 
00002e41  isEtherOverflow               
00003191  isIp                          
00003201  isIpUnicast                   
000052a1  isPingRequest                 
00003a9d  isTcp                         
00003e6d  isUdp                         
00005883  kbhitUart0                    
000059e5  ldexp                         
000059e5  ldexpl                        
0000154b  main                          
000066f9  memccpy                       
00005db3  memcpy                        
0000607d  memset                        
20001100  nextPacketLsb                 
20001101  nextPacketMsb                 
2000107c  period                        
000011b3  processShell                  
00002f61  putEtherPacket                
00005827  putcUart0                     
00005843  putsUart0                     
000044df  random32                      
0000104d  readConfiguration             
00006039  readEeprom                    
00002c6f  readEtherMem                  
00002bc3  readEtherPhy                  
00002ad5  readEtherReg                  
0000511d  readSpi0Data                  
200010cc  reload                        
000043f7  restartTimer                  
000059e5  scalbn                        
000059e5  scalbnl                       
0000249b  selectPinAnalogInput          
0000244d  selectPinDigitalInput         
000027b7  selectPinInterruptBothEdges   
00002767  selectPinInterruptFallingEdge 
0000280d  selectPinInterruptHighLevel   
00002847  selectPinInterruptLowLevel    
00002717  selectPinInterruptRisingEdge  
000023ff  selectPinOpenDrainOutput      
000023b1  selectPinPushPullOutput       
000046f3  sendArpRequest                
00004615  sendArpResponse               
000052e5  sendPingResponse              
200010f6  sendSYN                       
00003c19  sendTcpMessage                
00003feb  sendUdpMessage                
20001102  sequenceId                    
00002b6f  setEtherBank                  
000030ad  setEtherMacAddress            
00002b07  setEtherReg                   
00003287  setIpAddress                  
000033e3  setIpDnsAddress               
0000336f  setIpGatewayAddress           
000034cb  setIpMqttBrokerAddress        
000032fb  setIpSubnetMask               
00003457  setIpTimeServerAddress        
00002605  setPinAuxFunction             
000024eb  setPinCommitControl           
000028ed  setPinValue                   
00002975  setPortValue                  
00005081  setSpi0BaudRate               
000050b7  setSpi0Mode                   
000057e3  setUart0BaudRate              
00006449  snprintf                      
000065a1  sscanf                        
00002c5d  startEtherMemRead             
00002c2f  startEtherMemWrite            
00004285  startOneshotTimer             
0000430b  startPeriodicTimer            
00002c7f  stopEtherMemRead              
00002c55  stopEtherMemWrite             
00004391  stopTimer                     
20001000  strInput                      
0000678f  strchr                        
0000675f  strcmp                        
000067a5  strcpy                        
00006695  strcspn                       
000067b9  strlen                        
00006777  strrchr                       
0000666b  strspn                        
0000363d  strtod                        
00006521  strtok                        
00005669  strtol                        
0000363d  strtold                       
00004a81  strtoll                       
00005af5  strtoul                       
00005145  strtoull                      
00003551  sumIpWords                    
00004465  tickIsr                       
200010a4  ticks                         
00002913  togglePinValue                
200010d8  token                         
00006801  tolower                       
000066b9  waitMicrosecond               
000067df  wcslen                        
00006007  writeEeprom                   
00002c41  writeEtherMem                 
00002b8b  writeEtherPhy                 
00002aa1  writeEtherReg                 
00005105  writeSpi0Data                 


GLOBAL SYMBOLS: SORTED BY Symbol Address 

address   name                          
-------   ----                          
00000000  __TI_static_base__            
00000000  g_pfnVectors                  
0000026d  __TI_scanfi                   
00000d81  initHw                        
00000dbd  displayConnectionInfo         
00001000  __STACK_SIZE                  
0000104d  readConfiguration             
00001101  asciiToUint8                  
000011b3  processShell                  
0000154b  main                          
00001825  __TI_printfi                  
00002273  __aeabi_idiv0                 
00002273  __aeabi_ldiv0                 
00002275  enablePort                    
00002331  disablePort                   
000023b1  selectPinPushPullOutput       
000023ff  selectPinOpenDrainOutput      
0000244d  selectPinDigitalInput         
0000249b  selectPinAnalogInput          
000024eb  setPinCommitControl           
00002567  enablePinPullup               
00002595  disablePinPullup              
000025b9  enablePinPulldown             
000025dd  disablePinPulldown            
00002605  setPinAuxFunction             
00002717  selectPinInterruptRisingEdge  
00002767  selectPinInterruptFallingEdge 
000027b7  selectPinInterruptBothEdges   
0000280d  selectPinInterruptHighLevel   
00002847  selectPinInterruptLowLevel    
00002881  enablePinInterrupt            
000028a5  disablePinInterrupt           
000028c9  clearPinInterrupt             
000028ed  setPinValue                   
00002913  togglePinValue                
00002937  getPinValue                   
00002975  setPortValue                  
000029ed  getPortValue                  
00002a7d  enableEtherCs                 
00002a93  disableEtherCs                
00002aa1  writeEtherReg                 
00002ad5  readEtherReg                  
00002b07  setEtherReg                   
00002b3b  clearEtherReg                 
00002b6f  setEtherBank                  
00002b8b  writeEtherPhy                 
00002bc3  readEtherPhy                  
00002c2f  startEtherMemWrite            
00002c41  writeEtherMem                 
00002c55  stopEtherMemWrite             
00002c5d  startEtherMemRead             
00002c6f  readEtherMem                  
00002c7f  stopEtherMemRead              
00002c87  initEther                     
00002e0d  isEtherLinkUp                 
00002e27  isEtherDataAvailable          
00002e41  isEtherOverflow               
00002e71  getEtherPacket                
00002f61  putEtherPacket                
00003047  htons                         
0000306b  htonl                         
00003097  getEtherId                    
000030a3  incEtherId                    
000030ad  setEtherMacAddress            
00003131  getEtherMacAddress            
00003191  isIp                          
00003201  isIpUnicast                   
00003261  isEtherIpValid                
00003287  setIpAddress                  
000032c1  getIpAddress                  
000032fb  setIpSubnetMask               
00003335  getIpSubnetMask               
0000336f  setIpGatewayAddress           
000033a9  getIpGatewayAddress           
000033e3  setIpDnsAddress               
0000341d  getIpDnsAddress               
00003457  setIpTimeServerAddress        
00003491  getIpTimeServerAddress        
000034cb  setIpMqttBrokerAddress        
00003509  getIpMqttBrokerAddress        
00003551  sumIpWords                    
000035c5  getIpChecksum                 
000035f7  calcIpChecksum                
0000363d  strtod                        
0000363d  strtold                       
00003a9d  isTcp                         
00003b6f  getTcpMessageSocket           
00003c19  sendTcpMessage                
00003e6d  isUdp                         
00003f15  getUdpData                    
00003f41  getUdpMessageSocket           
00003feb  sendUdpMessage                
000041e5  initTimer                     
00004285  startOneshotTimer             
0000430b  startPeriodicTimer            
00004391  stopTimer                     
000043f7  restartTimer                  
00004465  tickIsr                       
000044df  random32                      
0000451d  isArpRequest                  
000045c1  isArpResponse                 
00004615  sendArpResponse               
000046f3  sendArpRequest                
00004a81  strtoll                       
00004e2d  __aeabi_dsub                  
00004e37  __aeabi_dadd                  
00004fe5  initSpi0                      
00005081  setSpi0BaudRate               
000050b7  setSpi0Mode                   
00005105  writeSpi0Data                 
0000511d  readSpi0Data                  
00005145  strtoull                      
000052a1  isPingRequest                 
000052e5  sendPingResponse              
00005531  __aeabi_ddiv                  
00005669  strtol                        
00005799  initUart0                     
000057e3  setUart0BaudRate              
00005827  putcUart0                     
00005843  putsUart0                     
0000586f  getcUart0                     
00005883  kbhitUart0                    
000059e5  ldexp                         
000059e5  ldexpl                        
000059e5  scalbn                        
000059e5  scalbnl                       
00005af5  strtoul                       
00005c05  __aeabi_dmul                  
00005db3  __aeabi_memcpy                
00005db3  __aeabi_memcpy4               
00005db3  __aeabi_memcpy8               
00005db3  memcpy                        
00005e4f  __aeabi_uldivmod              
00005ee5  __aeabi_cdcmpeq               
00005ee5  __aeabi_cdcmple               
00005f6b  __aeabi_cdrcmple              
00005ff1  initEeprom                    
00006007  writeEeprom                   
00006039  readEeprom                    
00006075  __aeabi_memclr                
00006075  __aeabi_memclr4               
00006075  __aeabi_memclr8               
00006077  __aeabi_memset                
00006077  __aeabi_memset4               
00006077  __aeabi_memset8               
0000607d  memset                        
0000615d  __aeabi_d2f                   
00006235  __TI_decompress_lzss          
0000629d  frexp                         
0000629d  frexpl                        
00006357  __TI_ltoa                     
000063fd  atoi                          
00006449  snprintf                      
00006495  __aeabi_d2iz                  
000064dd  __TI_auto_init_nobinit_nopinit
00006521  strtok                        
000065a1  sscanf                        
000065d9  _c_int00_noargs               
0000663d  __aeabi_i2d                   
0000666b  strspn                        
00006695  strcspn                       
000066b9  waitMicrosecond               
000066dd  __TI_zero_init_nomemset       
000066f9  memccpy                       
00006715  copysign                      
00006715  copysignl                     
00006747  __aeabi_lmul                  
0000675f  strcmp                        
00006777  strrchr                       
0000678f  strchr                        
000067a5  strcpy                        
000067b9  strlen                        
000067df  wcslen                        
000067f1  initSystemClockTo40Mhz        
00006801  tolower                       
00006811  __TI_decompress_none          
0000681f  ResetISR                      
0000682d  __aeabi_errno_addr            
0000683d  _system_pre_init              
00006841  C$$EXIT                       
00006841  abort                         
00006848  _ctypes_                      
00006a40  __TI_Handler_Table_Base       
00006a4c  __TI_Handler_Table_Limit      
00006a58  __TI_CINIT_Base               
00006a68  __TI_CINIT_Limit              
20000000  __stack                       
20000000  __start___llvm_prf_cnts       
20000000  __stop___llvm_prf_cnts        
20000200  __STACK_TOP                   
20001000  __STACK_END                   
20001000  strInput                      
20001054  fn                            
2000107c  period                        
200010a4  ticks                         
200010cc  reload                        
200010d8  token                         
200010dc  hwAddress                     
200010e2  ipAddress                     
200010e6  ipDnsAddress                  
200010ea  ipGwAddress                   
200010ee  ipSubnetMask                  
200010f2  ipTimeServerAddress           
200010f6  sendSYN                       
200010f7  count                         
200010f8  errno                         
20001100  nextPacketLsb                 
20001101  nextPacketMsb                 
20001102  sequenceId                    
ffffffff  __TI_pprof_out_hndl           
ffffffff  __TI_prof_data_size           
ffffffff  __TI_prof_data_start          
ffffffff  __binit__                     
ffffffff  __c_args__                    
ffffffff  binit                         
UNDEFED   __mpu_init                    
UNDEFED   _system_post_cinit            

[217 symbols]
